Component: ARM Compiler 5.05 update 1 (build 106) Tool: armlink [4d0efa]

==============================================================================

Section Cross References

    startup_stm32f10x_hd.o(STACK) refers (Special) to heapauxi.o(.text) for __use_two_region_memory
    startup_stm32f10x_hd.o(HEAP) refers (Special) to heapauxi.o(.text) for __use_two_region_memory
    startup_stm32f10x_hd.o(RESET) refers (Special) to heapauxi.o(.text) for __use_two_region_memory
    startup_stm32f10x_hd.o(RESET) refers to startup_stm32f10x_hd.o(.text) for Reset_Handler
    startup_stm32f10x_hd.o(RESET) refers to stm32f10x_it.o(i.NMI_Handler) for NMI_Handler
    startup_stm32f10x_hd.o(RESET) refers to stm32f10x_it.o(i.HardFault_Handler) for HardFault_Handler
    startup_stm32f10x_hd.o(RESET) refers to stm32f10x_it.o(i.MemManage_Handler) for MemManage_Handler
    startup_stm32f10x_hd.o(RESET) refers to stm32f10x_it.o(i.BusFault_Handler) for BusFault_Handler
    startup_stm32f10x_hd.o(RESET) refers to stm32f10x_it.o(i.UsageFault_Handler) for UsageFault_Handler
    startup_stm32f10x_hd.o(RESET) refers to stm32f10x_it.o(i.SVC_Handler) for SVC_Handler
    startup_stm32f10x_hd.o(RESET) refers to stm32f10x_it.o(i.DebugMon_Handler) for DebugMon_Handler
    startup_stm32f10x_hd.o(RESET) refers to stm32f10x_it.o(i.PendSV_Handler) for PendSV_Handler
    startup_stm32f10x_hd.o(RESET) refers to stm32f10x_it.o(i.SysTick_Handler) for SysTick_Handler
    startup_stm32f10x_hd.o(RESET) refers to dma.o(i.DMA1_Channel7_IRQHandler) for DMA1_Channel7_IRQHandler
    startup_stm32f10x_hd.o(RESET) refers to hcsr04.o(i.TIM2_IRQHandler) for TIM2_IRQHandler
    startup_stm32f10x_hd.o(RESET) refers to timer.o(i.TIM3_IRQHandler) for TIM3_IRQHandler
    startup_stm32f10x_hd.o(RESET) refers to usart.o(i.USART1_IRQHandler) for USART1_IRQHandler
    startup_stm32f10x_hd.o(RESET) refers to hcsr04.o(i.EXTI15_10_IRQHandler) for EXTI15_10_IRQHandler
    startup_stm32f10x_hd.o(.text) refers (Special) to heapauxi.o(.text) for __use_two_region_memory
    startup_stm32f10x_hd.o(.text) refers to startup_stm32f10x_hd.o(STACK) for __initial_sp
    startup_stm32f10x_hd.o(.text) refers to __main.o(!!!main) for __main
    startup_stm32f10x_hd.o(.text) refers to startup_stm32f10x_hd.o(HEAP) for Heap_Mem
    main.o(i.Init) refers to system_stm32f10x.o(i.SystemInit) for SystemInit
    main.o(i.Init) refers to led.o(i.LED_Init) for LED_Init
    main.o(i.Init) refers to key.o(i.KEY_Init) for KEY_Init
    main.o(i.Init) refers to delay.o(i.delay_init) for delay_init
    main.o(i.Init) refers to misc.o(i.NVIC_PriorityGroupConfig) for NVIC_PriorityGroupConfig
    main.o(i.Init) refers to hcsr04.o(i.HCSR04_Init) for HCSR04_Init
    main.o(i.Init) refers to pwm.o(i.TIM4_PWM_Init) for TIM4_PWM_Init
    main.o(i.Init) refers to i2c.o(i.i2c_init) for i2c_init
    main.o(i.Init) refers to mpu6050.o(i.MPU6050_init) for MPU6050_init
    main.o(i.Init) refers to dma.o(i.dma_init) for dma_init
    main.o(i.Init) refers to timer.o(i.timer3_init) for timer3_init
    main.o(i.main) refers to main.o(i.Init) for Init
    system_stm32f10x.o(i.SetSysClock) refers to system_stm32f10x.o(i.SetSysClockTo72) for SetSysClockTo72
    system_stm32f10x.o(i.SystemCoreClockUpdate) refers to system_stm32f10x.o(.data) for SystemCoreClock
    system_stm32f10x.o(i.SystemInit) refers to system_stm32f10x.o(i.SetSysClock) for SetSysClock
    stm32f10x_adc.o(i.ADC_DeInit) refers to stm32f10x_rcc.o(i.RCC_APB2PeriphResetCmd) for RCC_APB2PeriphResetCmd
    stm32f10x_gpio.o(i.GPIO_AFIODeInit) refers to stm32f10x_rcc.o(i.RCC_APB2PeriphResetCmd) for RCC_APB2PeriphResetCmd
    stm32f10x_gpio.o(i.GPIO_DeInit) refers to stm32f10x_rcc.o(i.RCC_APB2PeriphResetCmd) for RCC_APB2PeriphResetCmd
    stm32f10x_i2c.o(i.I2C_DeInit) refers to stm32f10x_rcc.o(i.RCC_APB1PeriphResetCmd) for RCC_APB1PeriphResetCmd
    stm32f10x_i2c.o(i.I2C_Init) refers to stm32f10x_rcc.o(i.RCC_GetClocksFreq) for RCC_GetClocksFreq
    stm32f10x_tim.o(i.TIM_DeInit) refers to stm32f10x_rcc.o(i.RCC_APB2PeriphResetCmd) for RCC_APB2PeriphResetCmd
    stm32f10x_tim.o(i.TIM_DeInit) refers to stm32f10x_rcc.o(i.RCC_APB1PeriphResetCmd) for RCC_APB1PeriphResetCmd
    stm32f10x_tim.o(i.TIM_ETRClockMode1Config) refers to stm32f10x_tim.o(i.TIM_ETRConfig) for TIM_ETRConfig
    stm32f10x_tim.o(i.TIM_ETRClockMode2Config) refers to stm32f10x_tim.o(i.TIM_ETRConfig) for TIM_ETRConfig
    stm32f10x_tim.o(i.TIM_ICInit) refers to stm32f10x_tim.o(i.TI1_Config) for TI1_Config
    stm32f10x_tim.o(i.TIM_ICInit) refers to stm32f10x_tim.o(i.TIM_SetIC1Prescaler) for TIM_SetIC1Prescaler
    stm32f10x_tim.o(i.TIM_ICInit) refers to stm32f10x_tim.o(i.TI2_Config) for TI2_Config
    stm32f10x_tim.o(i.TIM_ICInit) refers to stm32f10x_tim.o(i.TIM_SetIC2Prescaler) for TIM_SetIC2Prescaler
    stm32f10x_tim.o(i.TIM_ICInit) refers to stm32f10x_tim.o(i.TI3_Config) for TI3_Config
    stm32f10x_tim.o(i.TIM_ICInit) refers to stm32f10x_tim.o(i.TIM_SetIC3Prescaler) for TIM_SetIC3Prescaler
[...]
    ..\HARDWEAR\scr\key.c                    0x00000000   Number         0  key.o ABSOLUTE
    ..\HARDWEAR\scr\led.c                    0x00000000   Number         0  led.o ABSOLUTE
    ..\HARDWEAR\scr\mpu6050.c                0x00000000   Number         0  mpu6050.o ABSOLUTE
    ..\HARDWEAR\scr\pwm.c                    0x00000000   Number         0  pwm.o ABSOLUTE
    ..\HARDWEAR\scr\spi.c                    0x00000000   Number         0  spi.o ABSOLUTE
    ..\HARDWEAR\scr\timer.c                  0x00000000   Number         0  timer.o ABSOLUTE
    ..\MATH\scr\flight_control.c             0x00000000   Number         0  flight_control.o ABSOLUTE
    ..\MATH\scr\kalman.c                     0x00000000   Number         0  kalman.o ABSOLUTE
    ..\MATH\scr\myMath.c                     0x00000000   Number         0  mymath.o ABSOLUTE
    ..\STM32F10X_FWLib\src\misc.c            0x00000000   Number         0  misc.o ABSOLUTE
    ..\STM32F10X_FWLib\src\stm32f10x_adc.c   0x00000000   Number         0  stm32f10x_adc.o ABSOLUTE
    ..\STM32F10X_FWLib\src\stm32f10x_dma.c   0x00000000   Number         0  stm32f10x_dma.o ABSOLUTE
    ..\STM32F10X_FWLib\src\stm32f10x_exti.c  0x00000000   Number         0  stm32f10x_exti.o ABSOLUTE
    ..\STM32F10X_FWLib\src\stm32f10x_gpio.c  0x00000000   Number         0  stm32f10x_gpio.o ABSOLUTE
    ..\STM32F10X_FWLib\src\stm32f10x_i2c.c   0x00000000   Number         0  stm32f10x_i2c.o ABSOLUTE
    ..\STM32F10X_FWLib\src\stm32f10x_rcc.c   0x00000000   Number         0  stm32f10x_rcc.o ABSOLUTE
    ..\STM32F10X_FWLib\src\stm32f10x_spi.c   0x00000000   Number         0  stm32f10x_spi.o ABSOLUTE
    ..\STM32F10X_FWLib\src\stm32f10x_tim.c   0x00000000   Number         0  stm32f10x_tim.o ABSOLUTE
    ..\STM32F10X_FWLib\src\stm32f10x_usart.c 0x00000000   Number         0  stm32f10x_usart.o ABSOLUTE
    ..\SYSTEM\delay\delay.c                  0x00000000   Number         0  delay.o ABSOLUTE
    ..\SYSTEM\sys\sys.c                      0x00000000   Number         0  sys.o ABSOLUTE
    ..\SYSTEM\usart\usart.c                  0x00000000   Number         0  usart.o ABSOLUTE
    ..\\CORE\\core_cm3.c                     0x00000000   Number         0  core_cm3.o ABSOLUTE
    ..\\SYSTEM\\sys\\sys.c                   0x00000000   Number         0  sys.o ABSOLUTE
    dc.s                                     0x00000000   Number         0  dc.o ABSOLUTE
    main.c                                   0x00000000   Number         0  main.o ABSOLUTE
    stm32f10x_it.c                           0x00000000   Number         0  stm32f10x_it.o ABSOLUTE
    system_stm32f10x.c                       0x00000000   Number         0  system_stm32f10x.o ABSOLUTE
    RESET                                    0x08000000   Section      304  startup_stm32f10x_hd.o(RESET)
    !!!main                                  0x08000130   Section        8  __main.o(!!!main)
    !!!scatter                               0x08000138   Section       52  __scatter.o(!!!scatter)
    !!handler_copy                           0x0800016c   Section       26  __scatter_copy.o(!!handler_copy)
    !!handler_zi                             0x08000188   Section       28  __scatter_zi.o(!!handler_zi)
    .ARM.Collect$$libinit$$00000000          0x080001a4   Section        2  libinit.o(.ARM.Collect$$libinit$$00000000)
    .ARM.Collect$$libinit$$00000002          0x080001a6   Section        0  libinit2.o(.ARM.Collect$$libinit$$00000002)
    .ARM.Collect$$libinit$$00000004          0x080001a6   Section        0  libinit2.o(.ARM.Collect$$libinit$$00000004)
    .ARM.Collect$$libinit$$0000000A          0x080001a6   Section        0  libinit2.o(.ARM.Collect$$libinit$$0000000A)
    .ARM.Collect$$libinit$$0000000C          0x080001a6   Section        0  libinit2.o(.ARM.Collect$$libinit$$0000000C)
    .ARM.Collect$$libinit$$0000000E          0x080001a6   Section        0  libinit2.o(.ARM.Collect$$libinit$$0000000E)
    .ARM.Collect$$libinit$$00000011          0x080001a6   Section        0  libinit2.o(.ARM.Collect$$libinit$$00000011)
    .ARM.Collect$$libinit$$00000013          0x080001a6   Section        0  libinit2.o(.ARM.Collect$$libinit$$00000013)
    .ARM.Collect$$libinit$$00000015          0x080001a6   Section        0  libinit2.o(.ARM.Collect$$libinit$$00000015)
    .ARM.Collect$$libinit$$00000017          0x080001a6   Section        0  libinit2.o(.ARM.Collect$$libinit$$00000017)
    .ARM.Collect$$libinit$$00000019          0x080001a6   Section        0  libinit2.o(.ARM.Collect$$libinit$$00000019)
    .ARM.Collect$$libinit$$0000001B          0x080001a6   Section        0  libinit2.o(.ARM.Collect$$libinit$$0000001B)
    .ARM.Collect$$libinit$$0000001D          0x080001a6   Section        0  libinit2.o(.ARM.Collect$$libinit$$0000001D)
    .ARM.Collect$$libinit$$0000001F          0x080001a6   Section        0  libinit2.o(.ARM.Collect$$libinit$$0000001F)
    .ARM.Collect$$libinit$$00000021          0x080001a6   Section        0  libinit2.o(.ARM.Collect$$libinit$$00000021)
    .ARM.Collect$$libinit$$00000023          0x080001a6   Section        0  libinit2.o(.ARM.Collect$$libinit$$00000023)
    .ARM.Collect$$libinit$$00000025          0x080001a6   Section        0  libinit2.o(.ARM.Collect$$libinit$$00000025)
    .ARM.Collect$$libinit$$0000002C          0x080001a6   Section        0  libinit2.o(.ARM.Collect$$libinit$$0000002C)
    .ARM.Collect$$libinit$$0000002E          0x080001a6   Section        0  libinit2.o(.ARM.Collect$$libinit$$0000002E)
    .ARM.Collect$$libinit$$00000030          0x080001a6   Section        0  libinit2.o(.ARM.Collect$$libinit$$00000030)
    .ARM.Collect$$libinit$$00000032          0x080001a6   Section        0  libinit2.o(.ARM.Collect$$libinit$$00000032)
    .ARM.Collect$$libinit$$00000033          0x080001a6   Section        2  libinit2.o(.ARM.Collect$$libinit$$00000033)
    .ARM.Collect$$libshutdown$$00000000      0x080001a8   Section        2  libshutdown.o(.ARM.Collect$$libshutdown$$00000000)
    .ARM.Collect$$libshutdown$$00000003      0x080001aa   Section        0  libshutdown2.o(.ARM.Collect$$libshutdown$$00000003)
    .ARM.Collect$$libshutdown$$00000006      0x080001aa   Section        0  libshutdown2.o(.ARM.Collect$$libshutdown$$00000006)
    .ARM.Collect$$libshutdown$$00000009      0x080001aa   Section        0  libshutdown2.o(.ARM.Collect$$libshutdown$$00000009)
    .ARM.Collect$$libshutdown$$0000000B      0x080001aa   Section        0  libshutdown2.o(.ARM.Collect$$libshutdown$$0000000B)
    .ARM.Collect$$libshutdown$$0000000E      0x080001aa   Section        0  libshutdown2.o(.ARM.Collect$$libshutdown$$0000000E)
    .ARM.Collect$$libshutdown$$0000000F      0x080001aa   Section        2  libshutdown2.o(.ARM.Collect$$libshutdown$$0000000F)
    .ARM.Collect$$rtentry$$00000000          0x080001ac   Section        0  __rtentry.o(.ARM.Collect$$rtentry$$00000000)
    .ARM.Collect$$rtentry$$00000002          0x080001ac   Section        0  __rtentry2.o(.ARM.Collect$$rtentry$$00000002)
    .ARM.Collect$$rtentry$$00000004          0x080001ac   Section        6  __rtentry4.o(.ARM.Collect$$rtentry$$00000004)
    .ARM.Collect$$rtentry$$00000009          0x080001b2   Section        0  __rtentry2.o(.ARM.Collect$$rtentry$$00000009)
    .ARM.Collect$$rtentry$$0000000A          0x080001b2   Section        4  __rtentry2.o(.ARM.Collect$$rtentry$$0000000A)
    .ARM.Collect$$rtentry$$0000000C          0x080001b6   Section        0  __rtentry2.o(.ARM.Collect$$rtentry$$0000000C)
    .ARM.Collect$$rtentry$$0000000D          0x080001b6   Section        8  __rtentry2.o(.ARM.Collect$$rtentry$$0000000D)
    .ARM.Collect$$rtexit$$00000000           0x080001be   Section        2  rtexit.o(.ARM.Collect$$rtexit$$00000000)
    .ARM.Collect$$rtexit$$00000002           0x080001c0   Section        0  rtexit2.o(.ARM.Collect$$rtexit$$00000002)
    .ARM.Collect$$rtexit$$00000003           0x080001c0   Section        4  rtexit2.o(.ARM.Collect$$rtexit$$00000003)
    .ARM.Collect$$rtexit$$00000004           0x080001c4   Section        6  rtexit2.o(.ARM.Collect$$rtexit$$00000004)
    .text                                    0x080001cc   Section       72  startup_stm32f10x_hd.o(.text)
    .text                                    0x08000214   Section        2  use_no_semi_2.o(.text)
    .text                                    0x08000216   Section       72  llsdiv.o(.text)
    .text                                    0x0800025e   Section        0  heapauxi.o(.text)
    .text                                    0x08000264   Section        2  use_no_semi.o(.text)
    .text                                    0x08000266   Section      238  lludivv7m.o(.text)
    .text                                    0x08000354   Section        0  _rserrno.o(.text)
    .text                                    0x0800036c   Section        8  rt_errno_addr_intlibspace.o(.text)
    .text                                    0x08000374   Section        8  libspace.o(.text)
    .text                                    0x0800037c   Section       74  sys_stackheap_outer.o(.text)
    .text                                    0x080003c6   Section        0  exit.o(.text)
    i.BusFault_Handler                       0x080003d2   Section        0  stm32f10x_it.o(i.BusFault_Handler)
    i.DMA1_Channel7_IRQHandler               0x080003d8   Section        0  dma.o(i.DMA1_Channel7_IRQHandler)
    i.DMA_ClearFlag                          0x08000404   Section        0  stm32f10x_dma.o(i.DMA_ClearFlag)
    i.DMA_Cmd                                0x08000420   Section        0  stm32f10x_dma.o(i.DMA_Cmd)
    i.DMA_GetFlagStatus                      0x08000438   Section        0  stm32f10x_dma.o(i.DMA_GetFlagStatus)
    i.DMA_ITConfig                           0x08000464   Section        0  stm32f10x_dma.o(i.DMA_ITConfig)
    i.DMA_Init                               0x08000476   Section        0  stm32f10x_dma.o(i.DMA_Init)
    i.DebugMon_Handler                       0x080004b2   Section        0  stm32f10x_it.o(i.DebugMon_Handler)
    i.EXTI15_10_IRQHandler                   0x080004b4   Section        0  hcsr04.o(i.EXTI15_10_IRQHandler)
    i.EXTI_ClearITPendingBit                 0x0800051c   Section        0  stm32f10x_exti.o(i.EXTI_ClearITPendingBit)
    i.EXTI_GetITStatus                       0x08000528   Section        0  stm32f10x_exti.o(i.EXTI_GetITStatus)
    i.EXTI_Init                              0x08000550   Section        0  stm32f10x_exti.o(i.EXTI_Init)
    i.GPIO_EXTILineConfig                    0x080005e4   Section        0  stm32f10x_gpio.o(i.GPIO_EXTILineConfig)
    i.GPIO_Init                              0x08000624   Section        0  stm32f10x_gpio.o(i.GPIO_Init)
    i.GPIO_PinRemapConfig                    0x0800073c   Section        0  stm32f10x_gpio.o(i.GPIO_PinRemapConfig)
    i.GPIO_ReadInputDataBit                  0x080007cc   Section        0  stm32f10x_gpio.o(i.GPIO_ReadInputDataBit)
    i.GPIO_SetBits                           0x080007de   Section        0  stm32f10x_gpio.o(i.GPIO_SetBits)
    i.GPIO_WriteBit                          0x080007e2   Section        0  stm32f10x_gpio.o(i.GPIO_WriteBit)
    i.Get_angle                              0x080007ec   Section        0  flight_control.o(i.Get_angle)
    i.HCSR04_Get_Distance                    0x08000eb8   Section        0  hcsr04.o(i.HCSR04_Get_Distance)
    i.HCSR04_Init                            0x08000ee4   Section        0  hcsr04.o(i.HCSR04_Init)
    i.HCSR04_Run                             0x08000f84   Section        0  hcsr04.o(i.HCSR04_Run)
    i.HardFault_Handler                      0x08000fa8   Section        0  stm32f10x_it.o(i.HardFault_Handler)
    i.I2C_AcknowledgeConfig                  0x08000fac   Section        0  stm32f10x_i2c.o(i.I2C_AcknowledgeConfig)
    i.I2C_CheckEvent                         0x08000fc4   Section        0  stm32f10x_i2c.o(i.I2C_CheckEvent)
    i.I2C_Cmd                                0x08000fee   Section        0  stm32f10x_i2c.o(i.I2C_Cmd)
    i.I2C_DMACmd                             0x08001006   Section        0  stm32f10x_i2c.o(i.I2C_DMACmd)
    i.I2C_GenerateSTART                      0x0800101e   Section        0  stm32f10x_i2c.o(i.I2C_GenerateSTART)
    i.I2C_GenerateSTOP                       0x08001036   Section        0  stm32f10x_i2c.o(i.I2C_GenerateSTOP)
    i.I2C_GetFlagStatus                      0x0800104e   Section        0  stm32f10x_i2c.o(i.I2C_GetFlagStatus)
    i.I2C_Init                               0x08001088   Section        0  stm32f10x_i2c.o(i.I2C_Init)
    i.I2C_ReceiveData                        0x08001174   Section        0  stm32f10x_i2c.o(i.I2C_ReceiveData)
    i.I2C_Send7bitAddress                    0x0800117c   Section        0  stm32f10x_i2c.o(i.I2C_Send7bitAddress)
    i.I2C_SendData                           0x0800118e   Section        0  stm32f10x_i2c.o(i.I2C_SendData)
    i.Init                                   0x08001192   Section        0  main.o(i.Init)
    i.KEY_Init                               0x080011cc   Section        0  key.o(i.KEY_Init)
    i.LED_Init                               0x080011f4   Section        0  led.o(i.LED_Init)
    i.MPU6050_check                          0x0800122c   Section        0  mpu6050.o(i.MPU6050_check)
    i.MPU6050_data_translation               0x080012b8   Section        0  mpu6050.o(i.MPU6050_data_translation)
    i.MPU6050_get_data                       0x080012dc   Section        0  mpu6050.o(i.MPU6050_get_data)
    i.MPU6050_get_offset                     0x080012f0   Section        0  flight_control.o(i.MPU6050_get_offset)
    i.MPU6050_init                           0x08001498   Section        0  mpu6050.o(i.MPU6050_init)
    i.MemManage_Handler                      0x080014dc   Section        0  stm32f10x_it.o(i.MemManage_Handler)
    i.NMI_Handler                            0x080014e0   Section        0  stm32f10x_it.o(i.NMI_Handler)
    i.NVIC_Init                              0x080014e4   Section        0  misc.o(i.NVIC_Init)
    i.NVIC_PriorityGroupConfig               0x08001554   Section        0  misc.o(i.NVIC_PriorityGroupConfig)
    i.PendSV_Handler                         0x08001568   Section        0  stm32f10x_it.o(i.PendSV_Handler)
    i.Q_rsqrt                                0x0800156c   Section        0  mymath.o(i.Q_rsqrt)
    i.RCC_AHBPeriphClockCmd                  0x080015bc   Section        0  stm32f10x_rcc.o(i.RCC_AHBPeriphClockCmd)
    i.RCC_APB1PeriphClockCmd                 0x080015dc   Section        0  stm32f10x_rcc.o(i.RCC_APB1PeriphClockCmd)
    i.RCC_APB2PeriphClockCmd                 0x080015fc   Section        0  stm32f10x_rcc.o(i.RCC_APB2PeriphClockCmd)
    i.RCC_GetClocksFreq                      0x0800161c   Section        0  stm32f10x_rcc.o(i.RCC_GetClocksFreq)
    i.SVC_Handler                            0x080016f0   Section        0  stm32f10x_it.o(i.SVC_Handler)
    i.SetSysClock                            0x080016f2   Section        0  system_stm32f10x.o(i.SetSysClock)
    SetSysClock                              0x080016f3   Thumb Code     8  system_stm32f10x.o(i.SetSysClock)
    i.SetSysClockTo72                        0x080016fc   Section        0  system_stm32f10x.o(i.SetSysClockTo72)
    SetSysClockTo72                          0x080016fd   Thumb Code   214  system_stm32f10x.o(i.SetSysClockTo72)
    i.SysTick_CLKSourceConfig                0x080017dc   Section        0  misc.o(i.SysTick_CLKSourceConfig)
    i.SysTick_Handler                        0x08001804   Section        0  stm32f10x_it.o(i.SysTick_Handler)
    i.SystemInit                             0x08001808   Section        0  system_stm32f10x.o(i.SystemInit)
    i.TIM2_IRQHandler                        0x08001868   Section        0  hcsr04.o(i.TIM2_IRQHandler)
    i.TIM2_Int_Init                          0x0800187e   Section        0  hcsr04.o(i.TIM2_Int_Init)
    i.TIM3_IRQHandler                        0x080018d0   Section        0  timer.o(i.TIM3_IRQHandler)
    i.TIM3_init                              0x080019ac   Section        0  timer.o(i.TIM3_init)
    i.TIM4_CH1_Duty                          0x080019e8   Section        0  pwm.o(i.TIM4_CH1_Duty)
    i.TIM4_CH2_Duty                          0x08001a08   Section        0  pwm.o(i.TIM4_CH2_Duty)
    i.TIM4_CH3_Duty                          0x08001a28   Section        0  pwm.o(i.TIM4_CH3_Duty)
    i.TIM4_CH4_Duty                          0x08001a48   Section        0  pwm.o(i.TIM4_CH4_Duty)
    i.TIM4_PWM_Init                          0x08001a68   Section        0  pwm.o(i.TIM4_PWM_Init)
    i.TIM_ARRPreloadConfig                   0x08001b38   Section        0  stm32f10x_tim.o(i.TIM_ARRPreloadConfig)
    i.TIM_ClearITPendingBit                  0x08001b50   Section        0  stm32f10x_tim.o(i.TIM_ClearITPendingBit)
    i.TIM_Cmd                                0x08001b56   Section        0  stm32f10x_tim.o(i.TIM_Cmd)
    i.TIM_GetCounter                         0x08001b6e   Section        0  stm32f10x_tim.o(i.TIM_GetCounter)
    i.TIM_GetITStatus                        0x08001b74   Section        0  stm32f10x_tim.o(i.TIM_GetITStatus)
    i.TIM_ITConfig                           0x08001b96   Section        0  stm32f10x_tim.o(i.TIM_ITConfig)
    i.TIM_OC1Init                            0x08001ba8   Section        0  stm32f10x_tim.o(i.TIM_OC1Init)
    i.TIM_OC1PreloadConfig                   0x08001c40   Section        0  stm32f10x_tim.o(i.TIM_OC1PreloadConfig)
    i.TIM_OC2Init                            0x08001c54   Section        0  stm32f10x_tim.o(i.TIM_OC2Init)
    i.TIM_OC2PreloadConfig                   0x08001cf8   Section        0  stm32f10x_tim.o(i.TIM_OC2PreloadConfig)
    i.TIM_OC3Init                            0x08001d14   Section        0  stm32f10x_tim.o(i.TIM_OC3Init)
    i.TIM_OC3PreloadConfig                   0x08001db4   Section        0  stm32f10x_tim.o(i.TIM_OC3PreloadConfig)
    i.TIM_OC4Init                            0x08001dc8   Section        0  stm32f10x_tim.o(i.TIM_OC4Init)
    i.TIM_OC4PreloadConfig                   0x08001e44   Section        0  stm32f10x_tim.o(i.TIM_OC4PreloadConfig)
    i.TIM_SetCompare1                        0x08001e5e   Section        0  stm32f10x_tim.o(i.TIM_SetCompare1)
    i.TIM_SetCompare2                        0x08001e62   Section        0  stm32f10x_tim.o(i.TIM_SetCompare2)
    i.TIM_SetCompare3                        0x08001e66   Section        0  stm32f10x_tim.o(i.TIM_SetCompare3)
    i.TIM_SetCompare4                        0x08001e6a   Section        0  stm32f10x_tim.o(i.TIM_SetCompare4)
    i.TIM_SetCounter                         0x08001e70   Section        0  stm32f10x_tim.o(i.TIM_SetCounter)
    i.TIM_TimeBaseInit                       0x08001e74   Section        0  stm32f10x_tim.o(i.TIM_TimeBaseInit)
    i.USART1_IRQHandler                      0x08001f18   Section        0  usart.o(i.USART1_IRQHandler)
    i.USART_GetITStatus                      0x08001fa0   Section        0  stm32f10x_usart.o(i.USART_GetITStatus)
    i.USART_ReceiveData                      0x08001ff4   Section        0  stm32f10x_usart.o(i.USART_ReceiveData)
    i.UsageFault_Handler                     0x08001ffe   Section        0  stm32f10x_it.o(i.UsageFault_Handler)
    i.__ARM_fpclassify                       0x08002002   Section        0  fpclassify.o(i.__ARM_fpclassify)
    i.__ARM_fpclassifyf                      0x0800202a   Section        0  fpclassifyf.o(i.__ARM_fpclassifyf)
    i.__kernel_poly                          0x08002050   Section        0  poly.o(i.__kernel_poly)
    i.__mathlib_dbl_infnan                   0x080020fa   Section        0  dunder.o(i.__mathlib_dbl_infnan)
    i.__mathlib_dbl_invalid                  0x08002100   Section        0  dunder.o(i.__mathlib_dbl_invalid)
    i.__mathlib_dbl_underflow                0x0800210c   Section        0  dunder.o(i.__mathlib_dbl_underflow)
    i.__mathlib_flt_infnan2                  0x0800211c   Section        0  funder.o(i.__mathlib_flt_infnan2)
    i.__mathlib_flt_underflow                0x08002120   Section        0  funder.o(i.__mathlib_flt_underflow)
    i._sys_exit                              0x0800212a   Section        0  usart.o(i._sys_exit)
    i.asin                                   0x08002130   Section        0  asin.o(i.asin)
    i.atan2f                                 0x080023a0   Section        0  atan2f.o(i.atan2f)
    i.delay_init                             0x080025fc   Section        0  delay.o(i.delay_init)
    i.delay_us                               0x08002640   Section        0  delay.o(i.delay_us)
    i.dma_init                               0x0800268c   Section        0  dma.o(i.dma_init)
    i.dma_nvic_init                          0x080026f0   Section        0  dma.o(i.dma_nvic_init)
    i.i2c_byte_write                         0x08002710   Section        0  i2c.o(i.i2c_byte_write)
    i.i2c_init                               0x0800278c   Section        0  i2c.o(i.i2c_init)
    i.i2c_read                               0x08002800   Section        0  i2c.o(i.i2c_read)
    i.kalman_filter                          0x080028e4   Section        0  kalman.o(i.kalman_filter)
    i.main                                   0x0800293c   Section        0  main.o(i.main)
    i.sqrt                                   0x08002944   Section        0  sqrt.o(i.sqrt)
    i.timer3_init                            0x08002990   Section        0  timer.o(i.timer3_init)
    i.timer3_nvic_init                       0x080029a8   Section        0  timer.o(i.timer3_nvic_init)
    x$fpl$d2f                                0x080029d8   Section       98  d2f.o(x$fpl$d2f)
    x$fpl$dadd                               0x08002a3c   Section      336  daddsub_clz.o(x$fpl$dadd)
    _dadd1                                   0x08002a4d   Thumb Code     0  daddsub_clz.o(x$fpl$dadd)
    x$fpl$dcheck1                            0x08002b8c   Section       16  dcheck1.o(x$fpl$dcheck1)
    x$fpl$ddiv                               0x08002b9c   Section      688  ddiv.o(x$fpl$ddiv)
    ddiv_entry                               0x08002ba3   Thumb Code     0  ddiv.o(x$fpl$ddiv)
    x$fpl$dmul                               0x08002e4c   Section      340  dmul.o(x$fpl$dmul)
    x$fpl$dnaninf                            0x08002fa0   Section      156  dnaninf.o(x$fpl$dnaninf)
    x$fpl$dretinf                            0x0800303c   Section       12  dretinf.o(x$fpl$dretinf)
    x$fpl$drsb                               0x08003048   Section       22  daddsub_clz.o(x$fpl$drsb)
    x$fpl$dsqrt                              0x08003060   Section      460  dsqrt_noumaal.o(x$fpl$dsqrt)
    x$fpl$dsub                               0x0800322c   Section      468  daddsub_clz.o(x$fpl$dsub)
    _dsub1                                   0x0800323d   Thumb Code     0  daddsub_clz.o(x$fpl$dsub)
    x$fpl$f2d                                0x08003400   Section       86  f2d.o(x$fpl$f2d)
    x$fpl$fadd                               0x08003458   Section      196  faddsub_clz.o(x$fpl$fadd)
    _fadd1                                   0x08003467   Thumb Code     0  faddsub_clz.o(x$fpl$fadd)
    x$fpl$fcheck1                            0x0800351c   Section       12  fcheck1.o(x$fpl$fcheck1)
    x$fpl$fcmpinf                            0x08003528   Section       24  fcmpi.o(x$fpl$fcmpinf)
    x$fpl$fdiv                               0x08003540   Section      388  fdiv.o(x$fpl$fdiv)
    _fdiv1                                   0x08003541   Thumb Code     0  fdiv.o(x$fpl$fdiv)
    x$fpl$ffix                               0x080036c4   Section       54  ffix.o(x$fpl$ffix)
    x$fpl$ffixu                              0x080036fc   Section       62  ffixu.o(x$fpl$ffixu)
    x$fpl$fflt                               0x0800373c   Section       48  fflt_clz.o(x$fpl$fflt)
    x$fpl$fleqf                              0x0800376c   Section      104  fleqf.o(x$fpl$fleqf)
    x$fpl$fmul                               0x080037d4   Section      258  fmul.o(x$fpl$fmul)
    x$fpl$fnaninf                            0x080038d6   Section      140  fnaninf.o(x$fpl$fnaninf)
    x$fpl$fretinf                            0x08003962   Section       10  fretinf.o(x$fpl$fretinf)
    x$fpl$frleqf                             0x0800396c   Section       98  frleqf.o(x$fpl$frleqf)
    x$fpl$frsb                               0x080039ce   Section       20  faddsub_clz.o(x$fpl$frsb)
    x$fpl$fsub                               0x080039e4   Section      234  faddsub_clz.o(x$fpl$fsub)
    _fsub1                                   0x080039f3   Thumb Code     0  faddsub_clz.o(x$fpl$fsub)
    x$fpl$retnan                             0x08003ace   Section      100  retnan.o(x$fpl$retnan)
    x$fpl$scalbn                             0x08003b32   Section       92  scalbn.o(x$fpl$scalbn)
    x$fpl$scalbnf                            0x08003b8e   Section       76  scalbnf.o(x$fpl$scalbnf)
    x$fpl$trapveneer                         0x08003bda   Section       48  trapv.o(x$fpl$trapveneer)
    x$fpl$usenofp                            0x08003c0a   Section        0  usenofp.o(x$fpl$usenofp)
    .constdata                               0x08003c10   Section       80  asin.o(.constdata)
    pS                                       0x08003c10   Data          48  asin.o(.constdata)
    qS                                       0x08003c40   Data          32  asin.o(.constdata)
    .data                                    0x20000000   Section       20  system_stm32f10x.o(.data)
    .data                                    0x20000014   Section       20  stm32f10x_rcc.o(.data)
    APBAHBPrescTable                         0x20000014   Data          16  stm32f10x_rcc.o(.data)
    ADCPrescTable                            0x20000024   Data           4  stm32f10x_rcc.o(.data)
    .data                                    0x20000028   Section        4  hcsr04.o(.data)
    .data                                    0x2000002c   Section        8  timer.o(.data)
    .data                                    0x20000034   Section        4  delay.o(.data)
    fac_us                                   0x20000034   Data           1  delay.o(.data)
    fac_ms                                   0x20000036   Data           2  delay.o(.data)
    .data                                    0x20000038   Section        6  usart.o(.data)
    .data                                    0x20000040   Section      160  flight_control.o(.data)
    KpDef                                    0x200000d8   Data           4  flight_control.o(.data)
    KiDef                                    0x200000dc   Data           4  flight_control.o(.data)
    .bss                                     0x200000e0   Section       52  main.o(.bss)
    .bss                                     0x20000114   Section      200  usart.o(.bss)
    .bss                                     0x200001dc   Section      444  flight_control.o(.bss)
    .bss                                     0x20000398   Section       96  libspace.o(.bss)
    HEAP                                     0x200003f8   Section        0  startup_stm32f10x_hd.o(HEAP)
    STACK                                    0x200003f8   Section      512  startup_stm32f10x_hd.o(STACK)
    Heap_Mem                                 0x200003f8   Data           0  startup_stm32f10x_hd.o(HEAP)
    Stack_Mem                                0x200003f8   Data         512  startup_stm32f10x_hd.o(STACK)
    __initial_sp                             0x200005f8   Data           0  startup_stm32f10x_hd.o(STACK)

    Global Symbols

    Symbol Name                              Value     Ov Type        Size  Object(Section)

    BuildAttributes$$THM_ISAv4$P$D$K$B$S$PE$A:L22UL41UL21$X:L11$S22US41US21$IEEE1$IW$USESV6$~STKCKD$USESV7$~SHL$OTIME$ROPI$IEEEX$EBA8$UX$STANDARDLIB$REQ8$PRES8$EABIv2 0x00000000   Number         0  anon$$obj.o ABSOLUTE
    __ARM_use_no_argv                        0x00000000   Number         0  main.o ABSOLUTE
    __ARM_exceptions_init                     - Undefined Weak Reference
    __alloca_initialize                       - Undefined Weak Reference
    __arm_preinit_                            - Undefined Weak Reference
    __cpp_initialize__aeabi_                  - Undefined Weak Reference
    __cxa_finalize                            - Undefined Weak Reference
    __rt_locale                               - Undefined Weak Reference
    __sigvec_lookup                           - Undefined Weak Reference
    _atexit_init                              - Undefined Weak Reference
    _call_atexit_fns                          - Undefined Weak Reference
    _clock_init                               - Undefined Weak Reference
    _fp_trap_init                             - Undefined Weak Reference
    _fp_trap_shutdown                         - Undefined Weak Reference
    _get_lc_collate                           - Undefined Weak Reference
    _get_lc_ctype                             - Undefined Weak Reference
    _get_lc_monetary                          - Undefined Weak Reference
    _get_lc_numeric                           - Undefined Weak Reference
    _get_lc_time                              - Undefined Weak Reference
    _getenv_init                              - Undefined Weak Reference
    _handle_redirection                       - Undefined Weak Reference
    _init_alloc                               - Undefined Weak Reference
    _init_user_alloc                          - Undefined Weak Reference
    _initio                                   - Undefined Weak Reference
    _rand_init                                - Undefined Weak Reference
    _signal_finish                            - Undefined Weak Reference
    _signal_init                              - Undefined Weak Reference
    _terminate_alloc                          - Undefined Weak Reference
    _terminate_user_alloc                     - Undefined Weak Reference
    _terminateio                              - Undefined Weak Reference
    __Vectors_Size                           0x00000130   Number         0  startup_stm32f10x_hd.o ABSOLUTE
    __Vectors                                0x08000000   Data           4  startup_stm32f10x_hd.o(RESET)
    __Vectors_End                            0x08000130   Data           0  startup_stm32f10x_hd.o(RESET)
    __main                                   0x08000131   Thumb Code     8  __main.o(!!!main)
    __scatterload                            0x08000139   Thumb Code     0  __scatter.o(!!!scatter)
    __scatterload_rt2                        0x08000139   Thumb Code    44  __scatter.o(!!!scatter)
    __scatterload_rt2_thumb_only             0x08000139   Thumb Code     0  __scatter.o(!!!scatter)
    __scatterload_null                       0x08000147   Thumb Code     0  __scatter.o(!!!scatter)
    __scatterload_copy                       0x0800016d   Thumb Code    26  __scatter_copy.o(!!handler_copy)
    __scatterload_zeroinit                   0x08000189   Thumb Code    28  __scatter_zi.o(!!handler_zi)
    __rt_lib_init                            0x080001a5   Thumb Code     0  libinit.o(.ARM.Collect$$libinit$$00000000)
    __rt_lib_init_alloca_1                   0x080001a7   Thumb Code     0  libinit2.o(.ARM.Collect$$libinit$$0000002E)
    __rt_lib_init_argv_1                     0x080001a7   Thumb Code     0  libinit2.o(.ARM.Collect$$libinit$$0000002C)
    __rt_lib_init_atexit_1                   0x080001a7   Thumb Code     0  libinit2.o(.ARM.Collect$$libinit$$0000001B)
    __rt_lib_init_clock_1                    0x080001a7   Thumb Code     0  libinit2.o(.ARM.Collect$$libinit$$00000021)
    __rt_lib_init_cpp_1                      0x080001a7   Thumb Code     0  libinit2.o(.ARM.Collect$$libinit$$00000032)
    __rt_lib_init_exceptions_1               0x080001a7   Thumb Code     0  libinit2.o(.ARM.Collect$$libinit$$00000030)
    __rt_lib_init_fp_1                       0x080001a7   Thumb Code     0  libinit2.o(.ARM.Collect$$libinit$$00000002)
    __rt_lib_init_fp_trap_1                  0x080001a7   Thumb Code     0  libinit2.o(.ARM.Collect$$libinit$$0000001F)
    __rt_lib_init_getenv_1                   0x080001a7   Thumb Code     0  libinit2.o(.ARM.Collect$$libinit$$00000023)
    __rt_lib_init_heap_1                     0x080001a7   Thumb Code     0  libinit2.o(.ARM.Collect$$libinit$$0000000A)
    __rt_lib_init_lc_collate_1               0x080001a7   Thumb Code     0  libinit2.o(.ARM.Collect$$libinit$$00000011)
    __rt_lib_init_lc_ctype_1                 0x080001a7   Thumb Code     0  libinit2.o(.ARM.Collect$$libinit$$00000013)
    __rt_lib_init_lc_monetary_1              0x080001a7   Thumb Code     0  libinit2.o(.ARM.Collect$$libinit$$00000015)
    __rt_lib_init_lc_numeric_1               0x080001a7   Thumb Code     0  libinit2.o(.ARM.Collect$$libinit$$00000017)
    __rt_lib_init_lc_time_1                  0x080001a7   Thumb Code     0  libinit2.o(.ARM.Collect$$libinit$$00000019)
    __rt_lib_init_preinit_1                  0x080001a7   Thumb Code     0  libinit2.o(.ARM.Collect$$libinit$$00000004)
    __rt_lib_init_rand_1                     0x080001a7   Thumb Code     0  libinit2.o(.ARM.Collect$$libinit$$0000000E)
    __rt_lib_init_return                     0x080001a7   Thumb Code     0  libinit2.o(.ARM.Collect$$libinit$$00000033)
    __rt_lib_init_signal_1                   0x080001a7   Thumb Code     0  libinit2.o(.ARM.Collect$$libinit$$0000001D)
    __rt_lib_init_stdio_1                    0x080001a7   Thumb Code     0  libinit2.o(.ARM.Collect$$libinit$$00000025)
    __rt_lib_init_user_alloc_1               0x080001a7   Thumb Code     0  libinit2.o(.ARM.Collect$$libinit$$0000000C)
    __rt_lib_shutdown                        0x080001a9   Thumb Code     0  libshutdown.o(.ARM.Collect$$libshutdown$$00000000)
    __rt_lib_shutdown_fp_trap_1              0x080001ab   Thumb Code     0  libshutdown2.o(.ARM.Collect$$libshutdown$$00000006)
    __rt_lib_shutdown_heap_1                 0x080001ab   Thumb Code     0  libshutdown2.o(.ARM.Collect$$libshutdown$$0000000E)
    __rt_lib_shutdown_return                 0x080001ab   Thumb Code     0  libshutdown2.o(.ARM.Collect$$libshutdown$$0000000F)
    __rt_lib_shutdown_signal_1               0x080001ab   Thumb Code     0  libshutdown2.o(.ARM.Collect$$libshutdown$$00000009)
    __rt_lib_shutdown_stdio_1                0x080001ab   Thumb Code     0  libshutdown2.o(.ARM.Collect$$libshutdown$$00000003)
    __rt_lib_shutdown_user_alloc_1           0x080001ab   Thumb Code     0  libshutdown2.o(.ARM.Collect$$libshutdown$$0000000B)
    __rt_entry                               0x080001ad   Thumb Code     0  __rtentry.o(.ARM.Collect$$rtentry$$00000000)
    __rt_entry_presh_1                       0x080001ad   Thumb Code     0  __rtentry2.o(.ARM.Collect$$rtentry$$00000002)
    __rt_entry_sh                            0x080001ad   Thumb Code     0  __rtentry4.o(.ARM.Collect$$rtentry$$00000004)
    __rt_entry_li                            0x080001b3   Thumb Code     0  __rtentry2.o(.ARM.Collect$$rtentry$$0000000A)
    __rt_entry_postsh_1                      0x080001b3   Thumb Code     0  __rtentry2.o(.ARM.Collect$$rtentry$$00000009)
    __rt_entry_main                          0x080001b7   Thumb Code     0  __rtentry2.o(.ARM.Collect$$rtentry$$0000000D)
    __rt_entry_postli_1                      0x080001b7   Thumb Code     0  __rtentry2.o(.ARM.Collect$$rtentry$$0000000C)
    __rt_exit                                0x080001bf   Thumb Code     0  rtexit.o(.ARM.Collect$$rtexit$$00000000)
    __rt_exit_ls                             0x080001c1   Thumb Code     0  rtexit2.o(.ARM.Collect$$rtexit$$00000003)
    __rt_exit_prels_1                        0x080001c1   Thumb Code     0  rtexit2.o(.ARM.Collect$$rtexit$$00000002)
    __rt_exit_exit                           0x080001c5   Thumb Code     0  rtexit2.o(.ARM.Collect$$rtexit$$00000004)
    SystemInit_ExtMemCtl                     0x080001cd   Thumb Code     2  startup_stm32f10x_hd.o(.text)
    Reset_Handler                            0x080001cf   Thumb Code    14  startup_stm32f10x_hd.o(.text)
    ADC1_2_IRQHandler                        0x080001ef   Thumb Code     0  startup_stm32f10x_hd.o(.text)
    ADC3_IRQHandler                          0x080001ef   Thumb Code     0  startup_stm32f10x_hd.o(.text)
    CAN1_RX1_IRQHandler                      0x080001ef   Thumb Code     0  startup_stm32f10x_hd.o(.text)
    CAN1_SCE_IRQHandler                      0x080001ef   Thumb Code     0  startup_stm32f10x_hd.o(.text)
    DMA1_Channel1_IRQHandler                 0x080001ef   Thumb Code     0  startup_stm32f10x_hd.o(.text)
    DMA1_Channel2_IRQHandler                 0x080001ef   Thumb Code     0  startup_stm32f10x_hd.o(.text)
    DMA1_Channel3_IRQHandler                 0x080001ef   Thumb Code     0  startup_stm32f10x_hd.o(.text)
    DMA1_Channel4_IRQHandler                 0x080001ef   Thumb Code     0  startup_stm32f10x_hd.o(.text)
    DMA1_Channel5_IRQHandler                 0x080001ef   Thumb Code     0  startup_stm32f10x_hd.o(.text)
    DMA1_Channel6_IRQHandler                 0x080001ef   Thumb Code     0  startup_stm32f10x_hd.o(.text)
    DMA2_Channel1_IRQHandler                 0x080001ef   Thumb Code     0  startup_stm32f10x_hd.o(.text)
    DMA2_Channel2_IRQHandler                 0x080001ef   Thumb Code     0  startup_stm32f10x_hd.o(.text)
    DMA2_Channel3_IRQHandler                 0x080001ef   Thumb Code     0  startup_stm32f10x_hd.o(.text)
    DMA2_Channel4_5_IRQHandler               0x080001ef   Thumb Code     0  startup_stm32f10x_hd.o(.text)
    EXTI0_IRQHandler                         0x080001ef   Thumb Code     0  startup_stm32f10x_hd.o(.text)
    EXTI1_IRQHandler                         0x080001ef   Thumb Code     0  startup_stm32f10x_hd.o(.text)
    EXTI2_IRQHandler                         0x080001ef   Thumb Code     0  startup_stm32f10x_hd.o(.text)
    EXTI3_IRQHandler                         0x080001ef   Thumb Code     0  startup_stm32f10x_hd.o(.text)
    EXTI4_IRQHandler                         0x080001ef   Thumb Code     0  startup_stm32f10x_hd.o(.text)
    EXTI9_5_IRQHandler                       0x080001ef   Thumb Code     0  startup_stm32f10x_hd.o(.text)
    FLASH_IRQHandler                         0x080001ef   Thumb Code     0  startup_stm32f10x_hd.o(.text)
    FSMC_IRQHandler                          0x080001ef   Thumb Code     0  startup_stm32f10x_hd.o(.text)
    I2C1_ER_IRQHandler                       0x080001ef   Thumb Code     0  startup_stm32f10x_hd.o(.text)
    I2C1_EV_IRQHandler                       0x080001ef   Thumb Code     0  startup_stm32f10x_hd.o(.text)
    I2C2_ER_IRQHandler                       0x080001ef   Thumb Code     0  startup_stm32f10x_hd.o(.text)
    I2C2_EV_IRQHandler                       0x080001ef   Thumb Code     0  startup_stm32f10x_hd.o(.text)
    PVD_IRQHandler                           0x080001ef   Thumb Code     0  startup_stm32f10x_hd.o(.text)
    RCC_IRQHandler                           0x080001ef   Thumb Code     0  startup_stm32f10x_hd.o(.text)
    RTCAlarm_IRQHandler                      0x080001ef   Thumb Code     0  startup_stm32f10x_hd.o(.text)
    RTC_IRQHandler                           0x080001ef   Thumb Code     0  startup_stm32f10x_hd.o(.text)
    SDIO_IRQHandler                          0x080001ef   Thumb Code     0  startup_stm32f10x_hd.o(.text)
    SPI1_IRQHandler                          0x080001ef   Thumb Code     0  startup_stm32f10x_hd.o(.text)
    SPI2_IRQHandler                          0x080001ef   Thumb Code     0  startup_stm32f10x_hd.o(.text)
    SPI3_IRQHandler                          0x080001ef   Thumb Code     0  startup_stm32f10x_hd.o(.text)
    TAMPER_IRQHandler                        0x080001ef   Thumb Code     0  startup_stm32f10x_hd.o(.text)
    TIM1_BRK_IRQHandler                      0x080001ef   Thumb Code     0  startup_stm32f10x_hd.o(.text)
    TIM1_CC_IRQHandler                       0x080001ef   Thumb Code     0  startup_stm32f10x_hd.o(.text)
    TIM1_TRG_COM_IRQHandler                  0x080001ef   Thumb Code     0  startup_stm32f10x_hd.o(.text)
    TIM1_UP_IRQHandler                       0x080001ef   Thumb Code     0  startup_stm32f10x_hd.o(.text)
    TIM4_IRQHandler                          0x080001ef   Thumb Code     0  startup_stm32f10x_hd.o(.text)
    TIM5_IRQHandler                          0x080001ef   Thumb Code     0  startup_stm32f10x_hd.o(.text)
    TIM6_IRQHandler                          0x080001ef   Thumb Code     0  startup_stm32f10x_hd.o(.text)
    TIM7_IRQHandler                          0x080001ef   Thumb Code     0  startup_stm32f10x_hd.o(.text)
    TIM8_BRK_IRQHandler                      0x080001ef   Thumb Code     0  startup_stm32f10x_hd.o(.text)
    TIM8_CC_IRQHandler                       0x080001ef   Thumb Code     0  startup_stm32f10x_hd.o(.text)
    TIM8_TRG_COM_IRQHandler                  0x080001ef   Thumb Code     0  startup_stm32f10x_hd.o(.text)
    TIM8_UP_IRQHandler                       0x080001ef   Thumb Code     0  startup_stm32f10x_hd.o(.text)
    UART4_IRQHandler                         0x080001ef   Thumb Code     0  startup_stm32f10x_hd.o(.text)
    UART5_IRQHandler                         0x080001ef   Thumb Code     0  startup_stm32f10x_hd.o(.text)
    USART2_IRQHandler                        0x080001ef   Thumb Code     0  startup_stm32f10x_hd.o(.text)
    USART3_IRQHandler                        0x080001ef   Thumb Code     0  startup_stm32f10x_hd.o(.text)
    USBWakeUp_IRQHandler                     0x080001ef   Thumb Code     0  startup_stm32f10x_hd.o(.text)
    USB_HP_CAN1_TX_IRQHandler                0x080001ef   Thumb Code     0  startup_stm32f10x_hd.o(.text)
    USB_LP_CAN1_RX0_IRQHandler               0x080001ef   Thumb Code     0  startup_stm32f10x_hd.o(.text)
    WWDG_IRQHandler                          0x080001ef   Thumb Code     0  startup_stm32f10x_hd.o(.text)
    __user_initial_stackheap                 0x080001f1   Thumb Code     0  startup_stm32f10x_hd.o(.text)
    __use_no_semihosting                     0x08000215   Thumb Code     2  use_no_semi_2.o(.text)
    __aeabi_ldivmod                          0x08000217   Thumb Code     0  llsdiv.o(.text)
    _ll_sdiv                                 0x08000217   Thumb Code    72  llsdiv.o(.text)
    __use_two_region_memory                  0x0800025f   Thumb Code     2  heapauxi.o(.text)
    __rt_heap_escrow$2region                 0x08000261   Thumb Code     2  heapauxi.o(.text)
    __rt_heap_expand$2region                 0x08000263   Thumb Code     2  heapauxi.o(.text)
    __I$use$semihosting                      0x08000265   Thumb Code     0  use_no_semi.o(.text)
    __use_no_semihosting_swi                 0x08000265   Thumb Code     2  use_no_semi.o(.text)
    __aeabi_uldivmod                         0x08000267   Thumb Code     0  lludivv7m.o(.text)
    _ll_udiv                                 0x08000267   Thumb Code   238  lludivv7m.o(.text)
    __read_errno                             0x08000355   Thumb Code    10  _rserrno.o(.text)
    __set_errno                              0x0800035f   Thumb Code    12  _rserrno.o(.text)
    __aeabi_errno_addr                       0x0800036d   Thumb Code     8  rt_errno_addr_intlibspace.o(.text)
    __errno$intlibspace                      0x0800036d   Thumb Code     0  rt_errno_addr_intlibspace.o(.text)
    __rt_errno_addr$intlibspace              0x0800036d   Thumb Code     0  rt_errno_addr_intlibspace.o(.text)
    __user_libspace                          0x08000375   Thumb Code     8  libspace.o(.text)
    __user_perproc_libspace                  0x08000375   Thumb Code     0  libspace.o(.text)
    __user_perthread_libspace                0x08000375   Thumb Code     0  libspace.o(.text)
    __user_setup_stackheap                   0x0800037d   Thumb Code    74  sys_stackheap_outer.o(.text)
    exit                                     0x080003c7   Thumb Code    12  exit.o(.text)
    BusFault_Handler                         0x080003d3   Thumb Code     4  stm32f10x_it.o(i.BusFault_Handler)
    DMA1_Channel7_IRQHandler                 0x080003d9   Thumb Code    38  dma.o(i.DMA1_Channel7_IRQHandler)
    DMA_ClearFlag                            0x08000405   Thumb Code    18  stm32f10x_dma.o(i.DMA_ClearFlag)
    DMA_Cmd                                  0x08000421   Thumb Code    24  stm32f10x_dma.o(i.DMA_Cmd)
    DMA_GetFlagStatus                        0x08000439   Thumb Code    36  stm32f10x_dma.o(i.DMA_GetFlagStatus)
    DMA_ITConfig                             0x08000465   Thumb Code    18  stm32f10x_dma.o(i.DMA_ITConfig)
    DMA_Init                                 0x08000477   Thumb Code    60  stm32f10x_dma.o(i.DMA_Init)
    DebugMon_Handler                         0x080004b3   Thumb Code     2  stm32f10x_it.o(i.DebugMon_Handler)
    EXTI15_10_IRQHandler                     0x080004b5   Thumb Code    94  hcsr04.o(i.EXTI15_10_IRQHandler)
    EXTI_ClearITPendingBit                   0x0800051d   Thumb Code     6  stm32f10x_exti.o(i.EXTI_ClearITPendingBit)
    EXTI_GetITStatus                         0x08000529   Thumb Code    34  stm32f10x_exti.o(i.EXTI_GetITStatus)
    EXTI_Init                                0x08000551   Thumb Code   142  stm32f10x_exti.o(i.EXTI_Init)
    GPIO_EXTILineConfig                      0x080005e5   Thumb Code    60  stm32f10x_gpio.o(i.GPIO_EXTILineConfig)
    GPIO_Init                                0x08000625   Thumb Code   278  stm32f10x_gpio.o(i.GPIO_Init)
    GPIO_PinRemapConfig                      0x0800073d   Thumb Code   138  stm32f10x_gpio.o(i.GPIO_PinRemapConfig)
    GPIO_ReadInputDataBit                    0x080007cd   Thumb Code    18  stm32f10x_gpio.o(i.GPIO_ReadInputDataBit)
    GPIO_SetBits                             0x080007df   Thumb Code     4  stm32f10x_gpio.o(i.GPIO_SetBits)
    GPIO_WriteBit                            0x080007e3   Thumb Code    10  stm32f10x_gpio.o(i.GPIO_WriteBit)
    Get_angle                                0x080007ed   Thumb Code  1718  flight_control.o(i.Get_angle)
    HCSR04_Get_Distance                      0x08000eb9   Thumb Code    36  hcsr04.o(i.HCSR04_Get_Distance)
    HCSR04_Init                              0x08000ee5   Thumb Code   154  hcsr04.o(i.HCSR04_Init)
    HCSR04_Run                               0x08000f85   Thumb Code    32  hcsr04.o(i.HCSR04_Run)
    HardFault_Handler                        0x08000fa9   Thumb Code     4  stm32f10x_it.o(i.HardFault_Handler)
    I2C_AcknowledgeConfig                    0x08000fad   Thumb Code    24  stm32f10x_i2c.o(i.I2C_AcknowledgeConfig)
    I2C_CheckEvent                           0x08000fc5   Thumb Code    42  stm32f10x_i2c.o(i.I2C_CheckEvent)
    I2C_Cmd                                  0x08000fef   Thumb Code    24  stm32f10x_i2c.o(i.I2C_Cmd)
    I2C_DMACmd                               0x08001007   Thumb Code    24  stm32f10x_i2c.o(i.I2C_DMACmd)
    I2C_GenerateSTART                        0x0800101f   Thumb Code    24  stm32f10x_i2c.o(i.I2C_GenerateSTART)
    I2C_GenerateSTOP                         0x08001037   Thumb Code    24  stm32f10x_i2c.o(i.I2C_GenerateSTOP)
    I2C_GetFlagStatus                        0x0800104f   Thumb Code    58  stm32f10x_i2c.o(i.I2C_GetFlagStatus)
    I2C_Init                                 0x08001089   Thumb Code   222  stm32f10x_i2c.o(i.I2C_Init)
    I2C_ReceiveData                          0x08001175   Thumb Code     8  stm32f10x_i2c.o(i.I2C_ReceiveData)
    I2C_Send7bitAddress                      0x0800117d   Thumb Code    18  stm32f10x_i2c.o(i.I2C_Send7bitAddress)
    I2C_SendData                             0x0800118f   Thumb Code     4  stm32f10x_i2c.o(i.I2C_SendData)
    Init                                     0x08001193   Thumb Code    58  main.o(i.Init)
    KEY_Init                                 0x080011cd   Thumb Code    34  key.o(i.KEY_Init)
    LED_Init                                 0x080011f5   Thumb Code    50  led.o(i.LED_Init)
    MPU6050_check                            0x0800122d   Thumb Code   126  mpu6050.o(i.MPU6050_check)
    MPU6050_data_translation                 0x080012b9   Thumb Code    36  mpu6050.o(i.MPU6050_data_translation)
    MPU6050_get_data                         0x080012dd   Thumb Code    18  mpu6050.o(i.MPU6050_get_data)
    MPU6050_get_offset                       0x080012f1   Thumb Code   388  flight_control.o(i.MPU6050_get_offset)
    MPU6050_init                             0x08001499   Thumb Code    68  mpu6050.o(i.MPU6050_init)
    MemManage_Handler                        0x080014dd   Thumb Code     4  stm32f10x_it.o(i.MemManage_Handler)
    NMI_Handler                              0x080014e1   Thumb Code     2  stm32f10x_it.o(i.NMI_Handler)
    NVIC_Init                                0x080014e5   Thumb Code   100  misc.o(i.NVIC_Init)
    NVIC_PriorityGroupConfig                 0x08001555   Thumb Code    10  misc.o(i.NVIC_PriorityGroupConfig)
    PendSV_Handler                           0x08001569   Thumb Code     2  stm32f10x_it.o(i.PendSV_Handler)
    Q_rsqrt                                  0x0800156d   Thumb Code    74  mymath.o(i.Q_rsqrt)
    RCC_AHBPeriphClockCmd                    0x080015bd   Thumb Code    26  stm32f10x_rcc.o(i.RCC_AHBPeriphClockCmd)
    RCC_APB1PeriphClockCmd                   0x080015dd   Thumb Code    26  stm32f10x_rcc.o(i.RCC_APB1PeriphClockCmd)
    RCC_APB2PeriphClockCmd                   0x080015fd   Thumb Code    26  stm32f10x_rcc.o(i.RCC_APB2PeriphClockCmd)
    RCC_GetClocksFreq                        0x0800161d   Thumb Code   192  stm32f10x_rcc.o(i.RCC_GetClocksFreq)
    SVC_Handler                              0x080016f1   Thumb Code     2  stm32f10x_it.o(i.SVC_Handler)
    SysTick_CLKSourceConfig                  0x080017dd   Thumb Code    40  misc.o(i.SysTick_CLKSourceConfig)
    SysTick_Handler                          0x08001805   Thumb Code     2  stm32f10x_it.o(i.SysTick_Handler)
    SystemInit                               0x08001809   Thumb Code    78  system_stm32f10x.o(i.SystemInit)
    TIM2_IRQHandler                          0x08001869   Thumb Code    22  hcsr04.o(i.TIM2_IRQHandler)
    TIM2_Int_Init                            0x0800187f   Thumb Code    82  hcsr04.o(i.TIM2_Int_Init)
    TIM3_IRQHandler                          0x080018d1   Thumb Code   202  timer.o(i.TIM3_IRQHandler)
    TIM3_init                                0x080019ad   Thumb Code    54  timer.o(i.TIM3_init)
    TIM4_CH1_Duty                            0x080019e9   Thumb Code    28  pwm.o(i.TIM4_CH1_Duty)
    TIM4_CH2_Duty                            0x08001a09   Thumb Code    28  pwm.o(i.TIM4_CH2_Duty)
    TIM4_CH3_Duty                            0x08001a29   Thumb Code    28  pwm.o(i.TIM4_CH3_Duty)
    TIM4_CH4_Duty                            0x08001a49   Thumb Code    28  pwm.o(i.TIM4_CH4_Duty)
    TIM4_PWM_Init                            0x08001a69   Thumb Code   198  pwm.o(i.TIM4_PWM_Init)
    TIM_ARRPreloadConfig                     0x08001b39   Thumb Code    24  stm32f10x_tim.o(i.TIM_ARRPreloadConfig)
    TIM_ClearITPendingBit                    0x08001b51   Thumb Code     6  stm32f10x_tim.o(i.TIM_ClearITPendingBit)
    TIM_Cmd                                  0x08001b57   Thumb Code    24  stm32f10x_tim.o(i.TIM_Cmd)
    TIM_GetCounter                           0x08001b6f   Thumb Code     6  stm32f10x_tim.o(i.TIM_GetCounter)
    TIM_GetITStatus                          0x08001b75   Thumb Code    34  stm32f10x_tim.o(i.TIM_GetITStatus)
    TIM_ITConfig                             0x08001b97   Thumb Code    18  stm32f10x_tim.o(i.TIM_ITConfig)
    TIM_OC1Init                              0x08001ba9   Thumb Code   132  stm32f10x_tim.o(i.TIM_OC1Init)
    TIM_OC1PreloadConfig                     0x08001c41   Thumb Code    18  stm32f10x_tim.o(i.TIM_OC1PreloadConfig)
    TIM_OC2Init                              0x08001c55   Thumb Code   154  stm32f10x_tim.o(i.TIM_OC2Init)
    TIM_OC2PreloadConfig                     0x08001cf9   Thumb Code    26  stm32f10x_tim.o(i.TIM_OC2PreloadConfig)
    TIM_OC3Init                              0x08001d15   Thumb Code   150  stm32f10x_tim.o(i.TIM_OC3Init)
    TIM_OC3PreloadConfig                     0x08001db5   Thumb Code    18  stm32f10x_tim.o(i.TIM_OC3PreloadConfig)
    TIM_OC4Init                              0x08001dc9   Thumb Code   114  stm32f10x_tim.o(i.TIM_OC4Init)
    TIM_OC4PreloadConfig                     0x08001e45   Thumb Code    26  stm32f10x_tim.o(i.TIM_OC4PreloadConfig)
    TIM_SetCompare1                          0x08001e5f   Thumb Code     4  stm32f10x_tim.o(i.TIM_SetCompare1)
    TIM_SetCompare2                          0x08001e63   Thumb Code     4  stm32f10x_tim.o(i.TIM_SetCompare2)
    TIM_SetCompare3                          0x08001e67   Thumb Code     4  stm32f10x_tim.o(i.TIM_SetCompare3)
    TIM_SetCompare4                          0x08001e6b   Thumb Code     6  stm32f10x_tim.o(i.TIM_SetCompare4)
    TIM_SetCounter                           0x08001e71   Thumb Code     4  stm32f10x_tim.o(i.TIM_SetCounter)
    TIM_TimeBaseInit                         0x08001e75   Thumb Code   122  stm32f10x_tim.o(i.TIM_TimeBaseInit)
    USART1_IRQHandler                        0x08001f19   Thumb Code   122  usart.o(i.USART1_IRQHandler)
    USART_GetITStatus                        0x08001fa1   Thumb Code    84  stm32f10x_usart.o(i.USART_GetITStatus)
    USART_ReceiveData                        0x08001ff5   Thumb Code    10  stm32f10x_usart.o(i.USART_ReceiveData)
    UsageFault_Handler                       0x08001fff   Thumb Code     4  stm32f10x_it.o(i.UsageFault_Handler)
    __ARM_fpclassify                         0x08002003   Thumb Code    40  fpclassify.o(i.__ARM_fpclassify)
    __ARM_fpclassifyf                        0x0800202b   Thumb Code    38  fpclassifyf.o(i.__ARM_fpclassifyf)
    __kernel_poly                            0x08002051   Thumb Code   170  poly.o(i.__kernel_poly)
    __mathlib_dbl_infnan                     0x080020fb   Thumb Code     6  dunder.o(i.__mathlib_dbl_infnan)
    __mathlib_dbl_invalid                    0x08002101   Thumb Code    12  dunder.o(i.__mathlib_dbl_invalid)
    __mathlib_dbl_underflow                  0x0800210d   Thumb Code    10  dunder.o(i.__mathlib_dbl_underflow)
    __mathlib_flt_infnan2                    0x0800211d   Thumb Code     4  funder.o(i.__mathlib_flt_infnan2)
    __mathlib_flt_underflow                  0x08002121   Thumb Code    10  funder.o(i.__mathlib_flt_underflow)
    _sys_exit                                0x0800212b   Thumb Code     6  usart.o(i._sys_exit)
    asin                                     0x08002131   Thumb Code   572  asin.o(i.asin)
    atan2f                                   0x080023a1   Thumb Code   528  atan2f.o(i.atan2f)
    delay_init                               0x080025fd   Thumb Code    50  delay.o(i.delay_init)
    delay_us                                 0x08002641   Thumb Code    72  delay.o(i.delay_us)
    dma_init                                 0x0800268d   Thumb Code    88  dma.o(i.dma_init)
    dma_nvic_init                            0x080026f1   Thumb Code    32  dma.o(i.dma_nvic_init)
    i2c_byte_write                           0x08002711   Thumb Code   112  i2c.o(i.i2c_byte_write)
    i2c_init                                 0x0800278d   Thumb Code   104  i2c.o(i.i2c_init)
    i2c_read                                 0x08002801   Thumb Code   216  i2c.o(i.i2c_read)
    kalman_filter                            0x080028e5   Thumb Code    88  kalman.o(i.kalman_filter)
    main                                     0x0800293d   Thumb Code     8  main.o(i.main)
    sqrt                                     0x08002945   Thumb Code    76  sqrt.o(i.sqrt)
    timer3_init                              0x08002991   Thumb Code    20  timer.o(i.timer3_init)
    timer3_nvic_init                         0x080029a9   Thumb Code    42  timer.o(i.timer3_nvic_init)
    __aeabi_d2f                              0x080029d9   Thumb Code     0  d2f.o(x$fpl$d2f)
    _d2f                                     0x080029d9   Thumb Code    98  d2f.o(x$fpl$d2f)
    __aeabi_dadd                             0x08002a3d   Thumb Code     0  daddsub_clz.o(x$fpl$dadd)
    _dadd                                    0x08002a3d   Thumb Code   332  daddsub_clz.o(x$fpl$dadd)
    __fpl_dcheck_NaN1                        0x08002b8d   Thumb Code    10  dcheck1.o(x$fpl$dcheck1)
    __aeabi_ddiv                             0x08002b9d   Thumb Code     0  ddiv.o(x$fpl$ddiv)
    _ddiv                                    0x08002b9d   Thumb Code   552  ddiv.o(x$fpl$ddiv)
    __aeabi_dmul                             0x08002e4d   Thumb Code     0  dmul.o(x$fpl$dmul)
    _dmul                                    0x08002e4d   Thumb Code   332  dmul.o(x$fpl$dmul)
    __fpl_dnaninf                            0x08002fa1   Thumb Code   156  dnaninf.o(x$fpl$dnaninf)
    __fpl_dretinf                            0x0800303d   Thumb Code    12  dretinf.o(x$fpl$dretinf)
    __aeabi_drsub                            0x08003049   Thumb Code     0  daddsub_clz.o(x$fpl$drsb)
    _drsb                                    0x08003049   Thumb Code    22  daddsub_clz.o(x$fpl$drsb)
    _dsqrt                                   0x08003061   Thumb Code   456  dsqrt_noumaal.o(x$fpl$dsqrt)
    __aeabi_dsub                             0x0800322d   Thumb Code     0  daddsub_clz.o(x$fpl$dsub)
    _dsub                                    0x0800322d   Thumb Code   464  daddsub_clz.o(x$fpl$dsub)
    __aeabi_f2d                              0x08003401   Thumb Code     0  f2d.o(x$fpl$f2d)
    _f2d                                     0x08003401   Thumb Code    86  f2d.o(x$fpl$f2d)
    __aeabi_fadd                             0x08003459   Thumb Code     0  faddsub_clz.o(x$fpl$fadd)
    _fadd                                    0x08003459   Thumb Code   196  faddsub_clz.o(x$fpl$fadd)
    __fpl_fcheck_NaN1                        0x0800351d   Thumb Code     6  fcheck1.o(x$fpl$fcheck1)
    __fpl_fcmp_Inf                           0x08003529   Thumb Code    24  fcmpi.o(x$fpl$fcmpinf)
    __aeabi_fdiv                             0x08003541   Thumb Code     0  fdiv.o(x$fpl$fdiv)
    _fdiv                                    0x08003541   Thumb Code   384  fdiv.o(x$fpl$fdiv)
    __aeabi_f2iz                             0x080036c5   Thumb Code     0  ffix.o(x$fpl$ffix)
    _ffix                                    0x080036c5   Thumb Code    54  ffix.o(x$fpl$ffix)
    __aeabi_f2uiz                            0x080036fd   Thumb Code     0  ffixu.o(x$fpl$ffixu)
    _ffixu                                   0x080036fd   Thumb Code    62  ffixu.o(x$fpl$ffixu)
    __aeabi_i2f                              0x0800373d   Thumb Code     0  fflt_clz.o(x$fpl$fflt)
    _fflt                                    0x0800373d   Thumb Code    48  fflt_clz.o(x$fpl$fflt)
    __aeabi_cfcmple                          0x0800376d   Thumb Code     0  fleqf.o(x$fpl$fleqf)
    _fcmple                                  0x0800376d   Thumb Code   104  fleqf.o(x$fpl$fleqf)
    __fpl_fcmple_InfNaN                      0x080037bf   Thumb Code     0  fleqf.o(x$fpl$fleqf)
    __aeabi_fmul                             0x080037d5   Thumb Code     0  fmul.o(x$fpl$fmul)
    _fmul                                    0x080037d5   Thumb Code   258  fmul.o(x$fpl$fmul)
    __fpl_fnaninf                            0x080038d7   Thumb Code   140  fnaninf.o(x$fpl$fnaninf)
    __fpl_fretinf                            0x08003963   Thumb Code    10  fretinf.o(x$fpl$fretinf)
    __aeabi_cfrcmple                         0x0800396d   Thumb Code     0  frleqf.o(x$fpl$frleqf)
    _frcmple                                 0x0800396d   Thumb Code    98  frleqf.o(x$fpl$frleqf)
    __aeabi_frsub                            0x080039cf   Thumb Code     0  faddsub_clz.o(x$fpl$frsb)
    _frsb                                    0x080039cf   Thumb Code    20  faddsub_clz.o(x$fpl$frsb)
    __aeabi_fsub                             0x080039e5   Thumb Code     0  faddsub_clz.o(x$fpl$fsub)
    _fsub                                    0x080039e5   Thumb Code   234  faddsub_clz.o(x$fpl$fsub)
    __fpl_return_NaN                         0x08003acf   Thumb Code   100  retnan.o(x$fpl$retnan)
    __ARM_scalbn                             0x08003b33   Thumb Code    92  scalbn.o(x$fpl$scalbn)
    __ARM_scalbnf                            0x08003b8f   Thumb Code    76  scalbnf.o(x$fpl$scalbnf)
    __fpl_cmpreturn                          0x08003bdb   Thumb Code    48  trapv.o(x$fpl$trapveneer)
    __I$use$fp                               0x08003c0a   Number         0  usenofp.o(x$fpl$usenofp)
    Region$$Table$$Base                      0x08003c60   Number         0  anon$$obj.o(Region$$Table)
    Region$$Table$$Limit                     0x08003c80   Number         0  anon$$obj.o(Region$$Table)
    SystemCoreClock                          0x20000000   Data           4  system_stm32f10x.o(.data)
    AHBPrescTable                            0x20000004   Data          16  system_stm32f10x.o(.data)
    HCSR04_Distance                          0x20000028   Data           4  hcsr04.o(.data)
    cycle                                    0x2000002c   Data           4  timer.o(.data)
    TIM3_flag                                0x20000030   Data           4  timer.o(.data)
    __stdout                                 0x20000038   Data           4  usart.o(.data)
    USART_RX_STA                             0x2000003c   Data           2  usart.o(.data)
    PID_pitch                                0x20000040   Data          12  flight_control.o(.data)
    PID_roll                                 0x2000004c   Data          12  flight_control.o(.data)
    PID_yaw                                  0x20000058   Data          12  flight_control.o(.data)
    PID_gyro_x                               0x20000064   Data          12  flight_control.o(.data)
    PID_gyro_y                               0x20000070   Data          12  flight_control.o(.data)
    PID_gyro_z                               0x2000007c   Data          12  flight_control.o(.data)
    PID_height                               0x20000088   Data          12  flight_control.o(.data)
    NumQ                                     0x20000094   Data          16  flight_control.o(.data)
    kalman_accel_x                           0x200000a4   Data          16  flight_control.o(.data)
    kalman_accel_y                           0x200000b4   Data          16  flight_control.o(.data)
    kalman_accel_z                           0x200000c4   Data          16  flight_control.o(.data)
    store_pos                                0x200000d4   Data           4  flight_control.o(.data)
    raw_data                                 0x200000e0   Data          14  main.o(.bss)
    translated_data                          0x200000ee   Data          14  main.o(.bss)
    accel                                    0x200000fc   Data          12  main.o(.bss)
    gyro                                     0x20000108   Data          12  main.o(.bss)
    USART_RX_BUF                             0x20000114   Data         200  usart.o(.bss)
    Set                                      0x200001dc   Data          28  flight_control.o(.bss)
    offset                                   0x200001f8   Data          24  flight_control.o(.bss)
    attitude                                 0x20000210   Data          40  flight_control.o(.bss)
    GyroIntegError                           0x20000238   Data          12  flight_control.o(.bss)
    err                                      0x20000244   Data         280  flight_control.o(.bss)
    err_acc                                  0x2000035c   Data          28  flight_control.o(.bss)
    motor_duty                               0x20000378   Data          16  flight_control.o(.bss)
    motor_delta_duty                         0x20000388   Data          16  flight_control.o(.bss)
    __libspace_start                         0x20000398   Data          96  libspace.o(.bss)
    __temporary_stack_top$libspace           0x200003f8   Data           0  libspace.o(.bss)



==============================================================================

Memory Map of the image

  Image Entry point : 0x08000131

  Load Region LR_IROM1 (Base: 0x08000000, Size: 0x00003d60, Max: 0x00010000, ABSOLUTE)

    Execution Region ER_IROM1 (Base: 0x08000000, Size: 0x00003c80, Max: 0x00010000, ABSOLUTE)

    Base Addr    Size         Type   Attr      Idx    E Section Name        Object

    0x08000000   0x00000130   Data   RO           19    RESET               startup_stm32f10x_hd.o
    0x08000130   0x00000008   Code   RO         2673  * !!!main             c_w.l(__main.o)
    0x08000138   0x00000034   Code   RO         3025    !!!scatter          c_w.l(__scatter.o)
    0x0800016c   0x0000001a   Code   RO         3027    !!handler_copy      c_w.l(__scatter_copy.o)
    0x08000186   0x00000002   PAD
    0x08000188   0x0000001c   Code   RO         3029    !!handler_zi        c_w.l(__scatter_zi.o)
    0x080001a4   0x00000002   Code   RO         2893    .ARM.Collect$$libinit$$00000000  c_w.l(libinit.o)
    0x080001a6   0x00000000   Code   RO         2905    .ARM.Collect$$libinit$$00000002  c_w.l(libinit2.o)
    0x080001a6   0x00000000   Code   RO         2907    .ARM.Collect$$libinit$$00000004  c_w.l(libinit2.o)
    0x080001a6   0x00000000   Code   RO         2910    .ARM.Collect$$libinit$$0000000A  c_w.l(libinit2.o)
    0x080001a6   0x00000000   Code   RO         2912    .ARM.Collect$$libinit$$0000000C  c_w.l(libinit2.o)
    0x080001a6   0x00000000   Code   RO         2914    .ARM.Collect$$libinit$$0000000E  c_w.l(libinit2.o)
    0x080001a6   0x00000000   Code   RO         2917    .ARM.Collect$$libinit$$00000011  c_w.l(libinit2.o)
    0x080001a6   0x00000000   Code   RO         2919    .ARM.Collect$$libinit$$00000013  c_w.l(libinit2.o)
    0x080001a6   0x00000000   Code   RO         2921    .ARM.Collect$$libinit$$00000015  c_w.l(libinit2.o)
    0x080001a6   0x00000000   Code   RO         2923    .ARM.Collect$$libinit$$00000017  c_w.l(libinit2.o)
    0x080001a6   0x00000000   Code   RO         2925    .ARM.Collect$$libinit$$00000019  c_w.l(libinit2.o)
    0x080001a6   0x00000000   Code   RO         2927    .ARM.Collect$$libinit$$0000001B  c_w.l(libinit2.o)
    0x080001a6   0x00000000   Code   RO         2929    .ARM.Collect$$libinit$$0000001D  c_w.l(libinit2.o)
    0x080001a6   0x00000000   Code   RO         2931    .ARM.Collect$$libinit$$0000001F  c_w.l(libinit2.o)
    0x080001a6   0x00000000   Code   RO         2933    .ARM.Collect$$libinit$$00000021  c_w.l(libinit2.o)
    0x080001a6   0x00000000   Code   RO         2935    .ARM.Collect$$libinit$$00000023  c_w.l(libinit2.o)
    0x080001a6   0x00000000   Code   RO         2937    .ARM.Collect$$libinit$$00000025  c_w.l(libinit2.o)
    0x080001a6   0x00000000   Code   RO         2941    .ARM.Collect$$libinit$$0000002C  c_w.l(libinit2.o)
    0x080001a6   0x00000000   Code   RO         2943    .ARM.Collect$$libinit$$0000002E  c_w.l(libinit2.o)
    0x080001a6   0x00000000   Code   RO         2945    .ARM.Collect$$libinit$$00000030  c_w.l(libinit2.o)
    0x080001a6   0x00000000   Code   RO         2947    .ARM.Collect$$libinit$$00000032  c_w.l(libinit2.o)
    0x080001a6   0x00000002   Code   RO         2948    .ARM.Collect$$libinit$$00000033  c_w.l(libinit2.o)
    0x080001a8   0x00000002   Code   RO         2978    .ARM.Collect$$libshutdown$$00000000  c_w.l(libshutdown.o)
    0x080001aa   0x00000000   Code   RO         2993    .ARM.Collect$$libshutdown$$00000003  c_w.l(libshutdown2.o)
    0x080001aa   0x00000000   Code   RO         2996    .ARM.Collect$$libshutdown$$00000006  c_w.l(libshutdown2.o)
    0x080001aa   0x00000000   Code   RO         2999    .ARM.Collect$$libshutdown$$00000009  c_w.l(libshutdown2.o)
    0x080001aa   0x00000000   Code   RO         3001    .ARM.Collect$$libshutdown$$0000000B  c_w.l(libshutdown2.o)
    0x080001aa   0x00000000   Code   RO         3004    .ARM.Collect$$libshutdown$$0000000E  c_w.l(libshutdown2.o)
    0x080001aa   0x00000002   Code   RO         3005    .ARM.Collect$$libshutdown$$0000000F  c_w.l(libshutdown2.o)
    0x080001ac   0x00000000   Code   RO         2771    .ARM.Collect$$rtentry$$00000000  c_w.l(__rtentry.o)
    0x080001ac   0x00000000   Code   RO         2842    .ARM.Collect$$rtentry$$00000002  c_w.l(__rtentry2.o)
    0x080001ac   0x00000006   Code   RO         2854    .ARM.Collect$$rtentry$$00000004  c_w.l(__rtentry4.o)
    0x080001b2   0x00000000   Code   RO         2844    .ARM.Collect$$rtentry$$00000009  c_w.l(__rtentry2.o)
    0x080001b2   0x00000004   Code   RO         2845    .ARM.Collect$$rtentry$$0000000A  c_w.l(__rtentry2.o)
    0x080001b6   0x00000000   Code   RO         2847    .ARM.Collect$$rtentry$$0000000C  c_w.l(__rtentry2.o)
    0x080001b6   0x00000008   Code   RO         2848    .ARM.Collect$$rtentry$$0000000D  c_w.l(__rtentry2.o)
    0x080001be   0x00000002   Code   RO         2898    .ARM.Collect$$rtexit$$00000000  c_w.l(rtexit.o)
    0x080001c0   0x00000000   Code   RO         2952    .ARM.Collect$$rtexit$$00000002  c_w.l(rtexit2.o)
    0x080001c0   0x00000004   Code   RO         2953    .ARM.Collect$$rtexit$$00000003  c_w.l(rtexit2.o)
    0x080001c4   0x00000006   Code   RO         2954    .ARM.Collect$$rtexit$$00000004  c_w.l(rtexit2.o)
    0x080001ca   0x00000002   PAD
    0x080001cc   0x00000048   Code   RO           20    .text               startup_stm32f10x_hd.o
    0x08000214   0x00000002   Code   RO         2667    .text               c_w.l(use_no_semi_2.o)
    0x08000216   0x00000048   Code   RO         2669    .text               c_w.l(llsdiv.o)
    0x0800025e   0x00000006   Code   RO         2671    .text               c_w.l(heapauxi.o)
    0x08000264   0x00000002   Code   RO         2769    .text               c_w.l(use_no_semi.o)
    0x08000266   0x000000ee   Code   RO         2772    .text               c_w.l(lludivv7m.o)
    0x08000354   0x00000016   Code   RO         2774    .text               c_w.l(_rserrno.o)
    0x0800036a   0x00000002   PAD
    0x0800036c   0x00000008   Code   RO         2863    .text               c_w.l(rt_errno_addr_intlibspace.o)
    0x08000374   0x00000008   Code   RO         2879    .text               c_w.l(libspace.o)
    0x0800037c   0x0000004a   Code   RO         2882    .text               c_w.l(sys_stackheap_outer.o)
    0x080003c6   0x0000000c   Code   RO         2886    .text               c_w.l(exit.o)
    0x080003d2   0x00000004   Code   RO          164    i.BusFault_Handler  stm32f10x_it.o
    0x080003d6   0x00000002   PAD
    0x080003d8   0x0000002c   Code   RO         2350    i.DMA1_Channel7_IRQHandler  dma.o
    0x08000404   0x0000001c   Code   RO         1989    i.DMA_ClearFlag     stm32f10x_dma.o
    0x08000420   0x00000018   Code   RO         1991    i.DMA_Cmd           stm32f10x_dma.o
    0x08000438   0x0000002c   Code   RO         1994    i.DMA_GetFlagStatus  stm32f10x_dma.o
    0x08000464   0x00000012   Code   RO         1996    i.DMA_ITConfig      stm32f10x_dma.o
    0x08000476   0x0000003c   Code   RO         1997    i.DMA_Init          stm32f10x_dma.o
    0x080004b2   0x00000002   Code   RO          165    i.DebugMon_Handler  stm32f10x_it.o
    0x080004b4   0x00000068   Code   RO         2305    i.EXTI15_10_IRQHandler  hcsr04.o
    0x0800051c   0x0000000c   Code   RO          510    i.EXTI_ClearITPendingBit  stm32f10x_exti.o
    0x08000528   0x00000028   Code   RO          514    i.EXTI_GetITStatus  stm32f10x_exti.o
    0x08000550   0x00000094   Code   RO          515    i.EXTI_Init         stm32f10x_exti.o
    0x080005e4   0x00000040   Code   RO          566    i.GPIO_EXTILineConfig  stm32f10x_gpio.o
    0x08000624   0x00000116   Code   RO          569    i.GPIO_Init         stm32f10x_gpio.o
    0x0800073a   0x00000002   PAD
    0x0800073c   0x00000090   Code   RO          571    i.GPIO_PinRemapConfig  stm32f10x_gpio.o
    0x080007cc   0x00000012   Code   RO          573    i.GPIO_ReadInputDataBit  stm32f10x_gpio.o
    0x080007de   0x00000004   Code   RO          577    i.GPIO_SetBits      stm32f10x_gpio.o
    0x080007e2   0x0000000a   Code   RO          580    i.GPIO_WriteBit     stm32f10x_gpio.o
    0x080007ec   0x000006cc   Code   RO         2589    i.Get_angle         flight_control.o
    0x08000eb8   0x0000002c   Code   RO         2306    i.HCSR04_Get_Distance  hcsr04.o
    0x08000ee4   0x000000a0   Code   RO         2307    i.HCSR04_Init       hcsr04.o
    0x08000f84   0x00000024   Code   RO         2308    i.HCSR04_Run        hcsr04.o
    0x08000fa8   0x00000004   Code   RO          166    i.HardFault_Handler  stm32f10x_it.o
    0x08000fac   0x00000018   Code   RO          678    i.I2C_AcknowledgeConfig  stm32f10x_i2c.o
    0x08000fc4   0x0000002a   Code   RO          680    i.I2C_CheckEvent    stm32f10x_i2c.o
    0x08000fee   0x00000018   Code   RO          683    i.I2C_Cmd           stm32f10x_i2c.o
    0x08001006   0x00000018   Code   RO          684    i.I2C_DMACmd        stm32f10x_i2c.o
    0x0800101e   0x00000018   Code   RO          690    i.I2C_GenerateSTART  stm32f10x_i2c.o
    0x08001036   0x00000018   Code   RO          691    i.I2C_GenerateSTOP  stm32f10x_i2c.o
    0x0800104e   0x0000003a   Code   RO          692    i.I2C_GetFlagStatus  stm32f10x_i2c.o
    0x08001088   0x000000ec   Code   RO          697    i.I2C_Init          stm32f10x_i2c.o
    0x08001174   0x00000008   Code   RO          702    i.I2C_ReceiveData   stm32f10x_i2c.o
    0x0800117c   0x00000012   Code   RO          704    i.I2C_Send7bitAddress  stm32f10x_i2c.o
    0x0800118e   0x00000004   Code   RO          705    i.I2C_SendData      stm32f10x_i2c.o
    0x08001192   0x0000003a   Code   RO           24    i.Init              main.o
    0x080011cc   0x00000028   Code   RO         2085    i.KEY_Init          key.o
    0x080011f4   0x00000038   Code   RO         2061    i.LED_Init          led.o
    0x0800122c   0x0000008c   Code   RO         2444    i.MPU6050_check     mpu6050.o
    0x080012b8   0x00000024   Code   RO         2445    i.MPU6050_data_translation  mpu6050.o
    0x080012dc   0x00000012   Code   RO         2447    i.MPU6050_get_data  mpu6050.o
    0x080012ee   0x00000002   PAD
    0x080012f0   0x000001a8   Code   RO         2590    i.MPU6050_get_offset  flight_control.o
    0x08001498   0x00000044   Code   RO         2448    i.MPU6050_init      mpu6050.o
    0x080014dc   0x00000004   Code   RO          167    i.MemManage_Handler  stm32f10x_it.o
    0x080014e0   0x00000002   Code   RO          168    i.NMI_Handler       stm32f10x_it.o
    0x080014e2   0x00000002   PAD
    0x080014e4   0x00000070   Code   RO         1809    i.NVIC_Init         misc.o
    0x08001554   0x00000014   Code   RO         1810    i.NVIC_PriorityGroupConfig  misc.o
    0x08001568   0x00000002   Code   RO          169    i.PendSV_Handler    stm32f10x_it.o
    0x0800156a   0x00000002   PAD
    0x0800156c   0x00000050   Code   RO         2653    i.Q_rsqrt           mymath.o
    0x080015bc   0x00000020   Code   RO         1610    i.RCC_AHBPeriphClockCmd  stm32f10x_rcc.o
    0x080015dc   0x00000020   Code   RO         1611    i.RCC_APB1PeriphClockCmd  stm32f10x_rcc.o
    0x080015fc   0x00000020   Code   RO         1613    i.RCC_APB2PeriphClockCmd  stm32f10x_rcc.o
    0x0800161c   0x000000d4   Code   RO         1621    i.RCC_GetClocksFreq  stm32f10x_rcc.o
    0x080016f0   0x00000002   Code   RO          170    i.SVC_Handler       stm32f10x_it.o
    0x080016f2   0x00000008   Code   RO          227    i.SetSysClock       system_stm32f10x.o
    0x080016fa   0x00000002   PAD
    0x080016fc   0x000000e0   Code   RO          228    i.SetSysClockTo72   system_stm32f10x.o
    0x080017dc   0x00000028   Code   RO         1813    i.SysTick_CLKSourceConfig  misc.o
    0x08001804   0x00000002   Code   RO          171    i.SysTick_Handler   stm32f10x_it.o
    0x08001806   0x00000002   PAD
    0x08001808   0x00000060   Code   RO          230    i.SystemInit        system_stm32f10x.o
    0x08001868   0x00000016   Code   RO         2309    i.TIM2_IRQHandler   hcsr04.o
    0x0800187e   0x00000052   Code   RO         2310    i.TIM2_Int_Init     hcsr04.o
    0x080018d0   0x000000dc   Code   RO         2375    i.TIM3_IRQHandler   timer.o
    0x080019ac   0x0000003c   Code   RO         2376    i.TIM3_init         timer.o
    0x080019e8   0x00000020   Code   RO         2104    i.TIM4_CH1_Duty     pwm.o
    0x08001a08   0x00000020   Code   RO         2105    i.TIM4_CH2_Duty     pwm.o
    0x08001a28   0x00000020   Code   RO         2106    i.TIM4_CH3_Duty     pwm.o
    0x08001a48   0x00000020   Code   RO         2107    i.TIM4_CH4_Duty     pwm.o
    0x08001a68   0x000000d0   Code   RO         2108    i.TIM4_PWM_Init     pwm.o
    0x08001b38   0x00000018   Code   RO          885    i.TIM_ARRPreloadConfig  stm32f10x_tim.o
    0x08001b50   0x00000006   Code   RO          892    i.TIM_ClearITPendingBit  stm32f10x_tim.o
    0x08001b56   0x00000018   Code   RO          897    i.TIM_Cmd           stm32f10x_tim.o
    0x08001b6e   0x00000006   Code   RO          916    i.TIM_GetCounter    stm32f10x_tim.o
    0x08001b74   0x00000022   Code   RO          918    i.TIM_GetITStatus   stm32f10x_tim.o
    0x08001b96   0x00000012   Code   RO          922    i.TIM_ITConfig      stm32f10x_tim.o
    0x08001ba8   0x00000098   Code   RO          926    i.TIM_OC1Init       stm32f10x_tim.o
    0x08001c40   0x00000012   Code   RO          929    i.TIM_OC1PreloadConfig  stm32f10x_tim.o
    0x08001c52   0x00000002   PAD
    0x08001c54   0x000000a4   Code   RO          931    i.TIM_OC2Init       stm32f10x_tim.o
    0x08001cf8   0x0000001a   Code   RO          934    i.TIM_OC2PreloadConfig  stm32f10x_tim.o
    0x08001d12   0x00000002   PAD
    0x08001d14   0x000000a0   Code   RO          936    i.TIM_OC3Init       stm32f10x_tim.o
    0x08001db4   0x00000012   Code   RO          939    i.TIM_OC3PreloadConfig  stm32f10x_tim.o
    0x08001dc6   0x00000002   PAD
    0x08001dc8   0x0000007c   Code   RO          941    i.TIM_OC4Init       stm32f10x_tim.o
    0x08001e44   0x0000001a   Code   RO          943    i.TIM_OC4PreloadConfig  stm32f10x_tim.o
    0x08001e5e   0x00000004   Code   RO          958    i.TIM_SetCompare1   stm32f10x_tim.o
    0x08001e62   0x00000004   Code   RO          959    i.TIM_SetCompare2   stm32f10x_tim.o
    0x08001e66   0x00000004   Code   RO          960    i.TIM_SetCompare3   stm32f10x_tim.o
    0x08001e6a   0x00000006   Code   RO          961    i.TIM_SetCompare4   stm32f10x_tim.o
    0x08001e70   0x00000004   Code   RO          962    i.TIM_SetCounter    stm32f10x_tim.o
    0x08001e74   0x000000a4   Code   RO          968    i.TIM_TimeBaseInit  stm32f10x_tim.o
    0x08001f18   0x00000088   Code   RO         2519    i.USART1_IRQHandler  usart.o
    0x08001fa0   0x00000054   Code   RO         1437    i.USART_GetITStatus  stm32f10x_usart.o
    0x08001ff4   0x0000000a   Code   RO         1447    i.USART_ReceiveData  stm32f10x_usart.o
    0x08001ffe   0x00000004   Code   RO          172    i.UsageFault_Handler  stm32f10x_it.o
    0x08002002   0x00000028   Code   RO         2810    i.__ARM_fpclassify  m_ws.l(fpclassify.o)
    0x0800202a   0x00000026   Code   RO         2812    i.__ARM_fpclassifyf  m_ws.l(fpclassifyf.o)
    0x08002050   0x000000aa   Code   RO         2828    i.__kernel_poly     m_ws.l(poly.o)
    0x080020fa   0x00000006   Code   RO         2797    i.__mathlib_dbl_infnan  m_ws.l(dunder.o)
    0x08002100   0x0000000c   Code   RO         2799    i.__mathlib_dbl_invalid  m_ws.l(dunder.o)
    0x0800210c   0x00000010   Code   RO         2802    i.__mathlib_dbl_underflow  m_ws.l(dunder.o)
    0x0800211c   0x00000004   Code   RO         2816    i.__mathlib_flt_infnan2  m_ws.l(funder.o)
    0x08002120   0x0000000a   Code   RO         2820    i.__mathlib_flt_underflow  m_ws.l(funder.o)
    0x0800212a   0x00000006   Code   RO         2520    i._sys_exit         usart.o
    0x08002130   0x00000270   Code   RO         2726    i.asin              m_ws.l(asin.o)
    0x080023a0   0x0000025c   Code   RO         2746    i.atan2f            m_ws.l(atan2f.o)
    0x080025fc   0x00000044   Code   RO         2493    i.delay_init        delay.o
    0x08002640   0x0000004c   Code   RO         2495    i.delay_us          delay.o
    0x0800268c   0x00000064   Code   RO         2351    i.dma_init          dma.o
    0x080026f0   0x00000020   Code   RO         2352    i.dma_nvic_init     dma.o
    0x08002710   0x0000007c   Code   RO         2413    i.i2c_byte_write    i2c.o
    0x0800278c   0x00000074   Code   RO         2414    i.i2c_init          i2c.o
    0x08002800   0x000000e4   Code   RO         2415    i.i2c_read          i2c.o
    0x080028e4   0x00000058   Code   RO         2641    i.kalman_filter     kalman.o
    0x0800293c   0x00000008   Code   RO           25    i.main              main.o
    0x08002944   0x0000004c   Code   RO         2762    i.sqrt              m_ws.l(sqrt.o)
    0x08002990   0x00000018   Code   RO         2377    i.timer3_init       timer.o
    0x080029a8   0x00000030   Code   RO         2378    i.timer3_nvic_init  timer.o
    0x080029d8   0x00000062   Code   RO         2675    x$fpl$d2f           fz_ws.l(d2f.o)
    0x08002a3a   0x00000002   PAD
    0x08002a3c   0x00000150   Code   RO         2677    x$fpl$dadd          fz_ws.l(daddsub_clz.o)
    0x08002b8c   0x00000010   Code   RO         2865    x$fpl$dcheck1       fz_ws.l(dcheck1.o)
    0x08002b9c   0x000002b0   Code   RO         2684    x$fpl$ddiv          fz_ws.l(ddiv.o)
    0x08002e4c   0x00000154   Code   RO         2689    x$fpl$dmul          fz_ws.l(dmul.o)
    0x08002fa0   0x0000009c   Code   RO         2778    x$fpl$dnaninf       fz_ws.l(dnaninf.o)
    0x0800303c   0x0000000c   Code   RO         2780    x$fpl$dretinf       fz_ws.l(dretinf.o)
    0x08003048   0x00000016   Code   RO         2678    x$fpl$drsb          fz_ws.l(daddsub_clz.o)
    0x0800305e   0x00000002   PAD
    0x08003060   0x000001cc   Code   RO         2782    x$fpl$dsqrt         fz_ws.l(dsqrt_noumaal.o)
    0x0800322c   0x000001d4   Code   RO         2679    x$fpl$dsub          fz_ws.l(daddsub_clz.o)
    0x08003400   0x00000056   Code   RO         2691    x$fpl$f2d           fz_ws.l(f2d.o)
    0x08003456   0x00000002   PAD
    0x08003458   0x000000c4   Code   RO         2693    x$fpl$fadd          fz_ws.l(faddsub_clz.o)
    0x0800351c   0x0000000c   Code   RO         2894    x$fpl$fcheck1       fz_ws.l(fcheck1.o)
    0x08003528   0x00000018   Code   RO         2784    x$fpl$fcmpinf       fz_ws.l(fcmpi.o)
    0x08003540   0x00000184   Code   RO         2700    x$fpl$fdiv          fz_ws.l(fdiv.o)
    0x080036c4   0x00000036   Code   RO         2705    x$fpl$ffix          fz_ws.l(ffix.o)
    0x080036fa   0x00000002   PAD
    0x080036fc   0x0000003e   Code   RO         2709    x$fpl$ffixu         fz_ws.l(ffixu.o)
    0x0800373a   0x00000002   PAD
    0x0800373c   0x00000030   Code   RO         2714    x$fpl$fflt          fz_ws.l(fflt_clz.o)
    0x0800376c   0x00000068   Code   RO         2719    x$fpl$fleqf         fz_ws.l(fleqf.o)
    0x080037d4   0x00000102   Code   RO         2721    x$fpl$fmul          fz_ws.l(fmul.o)
    0x080038d6   0x0000008c   Code   RO         2786    x$fpl$fnaninf       fz_ws.l(fnaninf.o)
    0x08003962   0x0000000a   Code   RO         2788    x$fpl$fretinf       fz_ws.l(fretinf.o)
    0x0800396c   0x00000062   Code   RO         2723    x$fpl$frleqf        fz_ws.l(frleqf.o)
    0x080039ce   0x00000014   Code   RO         2694    x$fpl$frsb          fz_ws.l(faddsub_clz.o)
    0x080039e2   0x00000002   PAD
    0x080039e4   0x000000ea   Code   RO         2695    x$fpl$fsub          fz_ws.l(faddsub_clz.o)
    0x08003ace   0x00000064   Code   RO         2896    x$fpl$retnan        fz_ws.l(retnan.o)
    0x08003b32   0x0000005c   Code   RO         2790    x$fpl$scalbn        fz_ws.l(scalbn.o)
    0x08003b8e   0x0000004c   Code   RO         2877    x$fpl$scalbnf       fz_ws.l(scalbnf.o)
    0x08003bda   0x00000030   Code   RO         2949    x$fpl$trapveneer    fz_ws.l(trapv.o)
    0x08003c0a   0x00000000   Code   RO         2792    x$fpl$usenofp       fz_ws.l(usenofp.o)
    0x08003c0a   0x00000006   PAD
    0x08003c10   0x00000050   Data   RO         2727    .constdata          m_ws.l(asin.o)
    0x08003c60   0x00000020   Data   RO         3023    Region$$Table       anon$$obj.o


    Execution Region RW_IRAM1 (Base: 0x20000000, Size: 0x000005f8, Max: 0x00005000, ABSOLUTE)

    Base Addr    Size         Type   Attr      Idx    E Section Name        Object

    0x20000000   0x00000014   Data   RW          231    .data               system_stm32f10x.o
    0x20000014   0x00000014   Data   RW         1641    .data               stm32f10x_rcc.o
    0x20000028   0x00000004   Data   RW         2311    .data               hcsr04.o
    0x2000002c   0x00000008   Data   RW         2379    .data               timer.o
    0x20000034   0x00000004   Data   RW         2496    .data               delay.o
    0x20000038   0x00000006   Data   RW         2524    .data               usart.o
    0x2000003e   0x00000002   PAD
    0x20000040   0x000000a0   Data   RW         2596    .data               flight_control.o
    0x200000e0   0x00000034   Zero   RW           26    .bss                main.o
    0x20000114   0x000000c8   Zero   RW         2523    .bss                usart.o
    0x200001dc   0x000001bc   Zero   RW         2595    .bss                flight_control.o
    0x20000398   0x00000060   Zero   RW         2880    .bss                c_w.l(libspace.o)
    0x200003f8   0x00000000   Zero   RW           18    HEAP                startup_stm32f10x_hd.o
    0x200003f8   0x00000200   Zero   RW           17    STACK               startup_stm32f10x_hd.o


==============================================================================

Image component sizes


      Code (inc. data)   RO Data    RW Data    ZI Data      Debug   Object Name

         0          0          0          0          0       4528   core_cm3.o
       144         22          0          4          0       1272   delay.o
       176         18          0          0          0       1622   dma.o
      2164         80          0        160        444       3240   flight_control.o
       448         28          0          4          0       3700   hcsr04.o
       468         36          0          0          0       2047   i2c.o
        88          0          0          0          0        928   kalman.o
        40          6          0          0          0        515   key.o
        56          6          0          0          0        519   led.o
        66          0          0          0         52      63252   main.o
       172         22          0          0          0       2173   misc.o
       262         14          0          0          0       4565   mpu6050.o
        80          6          0          0          0        622   mymath.o
       336         26          0          0          0       2892   pwm.o
        72         26        304          0        512        872   startup_stm32f10x_hd.o
         0          0          0          0          0     205648   stm32f10x_adc.o
       174         18          0          0          0       4648   stm32f10x_dma.o
       200         18          0          0          0       2212   stm32f10x_exti.o
       518         10          0          0          0       5323   stm32f10x_gpio.o
       486         14          0          0          0       8537   stm32f10x_i2c.o
        26          0          0          0          0       3966   stm32f10x_it.o
       308         38          0         20          0       5182   stm32f10x_rcc.o
       986         92          0          0          0      13067   stm32f10x_tim.o
        94          0          0          0          0       2800   stm32f10x_usart.o
       328         28          0         20          0       2237   system_stm32f10x.o
       352         34          0          8          0       2425   timer.o
       142         14          0          6        200       3028   usart.o

    ----------------------------------------------------------------------
      8206        556        336        224       1208     351820   Object Totals
         0          0         32          0          0          0   (incl. Generated)
        20          0          0          2          0          0   (incl. Padding)

    ----------------------------------------------------------------------

      Code (inc. data)   RO Data    RW Data    ZI Data      Debug   Library Member Name

         8          0          0          0          0         68   __main.o
         0          0          0          0          0          0   __rtentry.o
        12          0          0          0          0          0   __rtentry2.o
         6          0          0          0          0          0   __rtentry4.o
        52          8          0          0          0          0   __scatter.o
        26          0          0          0          0          0   __scatter_copy.o
        28          0          0          0          0          0   __scatter_zi.o
        22          0          0          0          0        100   _rserrno.o
        12          0          0          0          0         72   exit.o
         6          0          0          0          0        152   heapauxi.o
         2          0          0          0          0          0   libinit.o
         2          0          0          0          0          0   libinit2.o
         2          0          0          0          0          0   libshutdown.o
         2          0          0          0          0          0   libshutdown2.o
         8          4          0          0         96         68   libspace.o
        72          0          0          0          0         76   llsdiv.o
       238          0          0          0          0        100   lludivv7m.o
         8          4          0          0          0         68   rt_errno_addr_intlibspace.o
         2          0          0          0          0          0   rtexit.o
        10          0          0          0          0          0   rtexit2.o
        74          0          0          0          0         80   sys_stackheap_outer.o
         2          0          0          0          0         68   use_no_semi.o
         2          0          0          0          0         68   use_no_semi_2.o
        98          4          0          0          0         92   d2f.o
       826         16          0          0          0        348   daddsub_clz.o
        16          4          0          0          0         68   dcheck1.o
       688        140          0          0          0        208   ddiv.o
       340         12          0          0          0        104   dmul.o
       156          4          0          0          0         92   dnaninf.o
        12          0          0          0          0         68   dretinf.o
       460         56          0          0          0        120   dsqrt_noumaal.o
        86          4          0          0          0         84   f2d.o
       450          8          0          0          0        236   faddsub_clz.o
        12          4          0          0          0         68   fcheck1.o
        24          0          0          0          0         68   fcmpi.o
       388         76          0          0          0         96   fdiv.o
        54          4          0          0          0         84   ffix.o
        62          4          0          0          0         84   ffixu.o
        48          0          0          0          0         68   fflt_clz.o
       104          4          0          0          0         84   fleqf.o
       258          4          0          0          0         84   fmul.o
       140          4          0          0          0         84   fnaninf.o
        10          0          0          0          0         68   fretinf.o
        98          0          0          0          0         68   frleqf.o
       100          0          0          0          0         68   retnan.o
        92          0          0          0          0         68   scalbn.o
        76          0          0          0          0         68   scalbnf.o
        48          0          0          0          0         68   trapv.o
         0          0          0          0          0          0   usenofp.o
       624         52         80          0          0        168   asin.o
       604         76          0          0          0        116   atan2f.o
        34          6          0          0          0        204   dunder.o
        40          0          0          0          0         68   fpclassify.o
        38          0          0          0          0         68   fpclassifyf.o
        14          0          0          0          0        136   funder.o
       170          0          0          0          0         96   poly.o
        76          0          0          0          0         84   sqrt.o

    ----------------------------------------------------------------------
      6866        498         80          0         96       4408   Library Totals
        24          0          0          0          0          0   (incl. Padding)

    ----------------------------------------------------------------------

      Code (inc. data)   RO Data    RW Data    ZI Data      Debug   Library Name

       596         16          0          0         96        920   c_w.l
      4646        348          0          0          0       2548   fz_ws.l
      1600        134         80          0          0        940   m_ws.l

    ----------------------------------------------------------------------
      6866        498         80          0         96       4408   Library Totals

    ----------------------------------------------------------------------

==============================================================================


      Code (inc. data)   RO Data    RW Data    ZI Data      Debug   

     15072       1054        416        224       1304     348632   Grand Totals
     15072       1054        416        224       1304     348632   ELF Image Totals
     15072       1054        416        224          0          0   ROM Totals

==============================================================================

    Total RO  Size (Code + RO Data)                15488 (  15.13kB)
    Total RW  Size (RW Data + ZI Data)              1528 (   1.49kB)
    Total ROM Size (Code + RO Data + RW Data)      15712 (  15.34kB)

==============================================================================

