Component: ARM Compiler 5.05 update 1 (build 106) Tool: armlink [4d0efa]

==============================================================================

Section Cross References

    startup_stm32f10x_hd.o(STACK) refers (Special) to heapauxi.o(.text) for __use_two_region_memory
    startup_stm32f10x_hd.o(HEAP) refers (Special) to heapauxi.o(.text) for __use_two_region_memory
    startup_stm32f10x_hd.o(RESET) refers (Special) to heapauxi.o(.text) for __use_two_region_memory
    startup_stm32f10x_hd.o(RESET) refers to startup_stm32f10x_hd.o(.text) for Reset_Handler
    startup_stm32f10x_hd.o(RESET) refers to stm32f10x_it.o(i.NMI_Handler) for NMI_Handler
    startup_stm32f10x_hd.o(RESET) refers to stm32f10x_it.o(i.HardFault_Handler) for HardFault_Handler
    startup_stm32f10x_hd.o(RESET) refers to stm32f10x_it.o(i.MemManage_Handler) for MemManage_Handler
    startup_stm32f10x_hd.o(RESET) refers to stm32f10x_it.o(i.BusFault_Handler) for BusFault_Handler
    startup_stm32f10x_hd.o(RESET) refers to stm32f10x_it.o(i.UsageFault_Handler) for UsageFault_Handler
    startup_stm32f10x_hd.o(RESET) refers to stm32f10x_it.o(i.SVC_Handler) for SVC_Handler
    startup_stm32f10x_hd.o(RESET) refers to stm32f10x_it.o(i.DebugMon_Handler) for DebugMon_Handler
    startup_stm32f10x_hd.o(RESET) refers to stm32f10x_it.o(i.PendSV_Handler) for PendSV_Handler
    startup_stm32f10x_hd.o(RESET) refers to stm32f10x_it.o(i.SysTick_Handler) for SysTick_Handler
    startup_stm32f10x_hd.o(RESET) refers to dma.o(i.DMA1_Channel5_IRQHandler) for DMA1_Channel5_IRQHandler
    startup_stm32f10x_hd.o(RESET) refers to hcsr04.o(i.TIM2_IRQHandler) for TIM2_IRQHandler
    startup_stm32f10x_hd.o(RESET) refers to timer.o(i.TIM3_IRQHandler) for TIM3_IRQHandler
    startup_stm32f10x_hd.o(RESET) refers to usart.o(i.USART1_IRQHandler) for USART1_IRQHandler
    startup_stm32f10x_hd.o(RESET) refers to hcsr04.o(i.EXTI15_10_IRQHandler) for EXTI15_10_IRQHandler
    startup_stm32f10x_hd.o(.text) refers (Special) to heapauxi.o(.text) for __use_two_region_memory
    startup_stm32f10x_hd.o(.text) refers to startup_stm32f10x_hd.o(STACK) for __initial_sp
    startup_stm32f10x_hd.o(.text) refers to __main.o(!!!main) for __main
    startup_stm32f10x_hd.o(.text) refers to startup_stm32f10x_hd.o(HEAP) for Heap_Mem
    main.o(i.Init) refers to system_stm32f10x.o(i.SystemInit) for SystemInit
    main.o(i.Init) refers to led.o(i.LED_Init) for LED_Init
    main.o(i.Init) refers to key.o(i.KEY_Init) for KEY_Init
    main.o(i.Init) refers to delay.o(i.delay_init) for delay_init
    main.o(i.Init) refers to misc.o(i.NVIC_PriorityGroupConfig) for NVIC_PriorityGroupConfig
    main.o(i.Init) refers to hcsr04.o(i.HCSR04_Init) for HCSR04_Init
    main.o(i.Init) refers to pwm.o(i.TIM4_PWM_Init) for TIM4_PWM_Init
    main.o(i.Init) refers to i2c_mpu6050_kalman.o(i.i2c_init) for i2c_init
    main.o(i.Init) refers to i2c_mpu6050_kalman.o(i.MPU6050_init) for MPU6050_init
    main.o(i.Init) refers to dma.o(i.dma_init) for dma_init
    main.o(i.Init) refers to timer.o(i.timer3_init) for timer3_init
    main.o(i.main) refers to main.o(i.Init) for Init
    system_stm32f10x.o(i.SetSysClock) refers to system_stm32f10x.o(i.SetSysClockTo72) for SetSysClockTo72
    system_stm32f10x.o(i.SystemCoreClockUpdate) refers to system_stm32f10x.o(.data) for SystemCoreClock
    system_stm32f10x.o(i.SystemInit) refers to system_stm32f10x.o(i.SetSysClock) for SetSysClock
    stm32f10x_adc.o(i.ADC_DeInit) refers to stm32f10x_rcc.o(i.RCC_APB2PeriphResetCmd) for RCC_APB2PeriphResetCmd
    stm32f10x_gpio.o(i.GPIO_AFIODeInit) refers to stm32f10x_rcc.o(i.RCC_APB2PeriphResetCmd) for RCC_APB2PeriphResetCmd
    stm32f10x_gpio.o(i.GPIO_DeInit) refers to stm32f10x_rcc.o(i.RCC_APB2PeriphResetCmd) for RCC_APB2PeriphResetCmd
    stm32f10x_i2c.o(i.I2C_DeInit) refers to stm32f10x_rcc.o(i.RCC_APB1PeriphResetCmd) for RCC_APB1PeriphResetCmd
    stm32f10x_i2c.o(i.I2C_Init) refers to stm32f10x_rcc.o(i.RCC_GetClocksFreq) for RCC_GetClocksFreq
    stm32f10x_tim.o(i.TIM_DeInit) refers to stm32f10x_rcc.o(i.RCC_APB2PeriphResetCmd) for RCC_APB2PeriphResetCmd
    stm32f10x_tim.o(i.TIM_DeInit) refers to stm32f10x_rcc.o(i.RCC_APB1PeriphResetCmd) for RCC_APB1PeriphResetCmd
    stm32f10x_tim.o(i.TIM_ETRClockMode1Config) refers to stm32f10x_tim.o(i.TIM_ETRConfig) for TIM_ETRConfig
    stm32f10x_tim.o(i.TIM_ETRClockMode2Config) refers to stm32f10x_tim.o(i.TIM_ETRConfig) for TIM_ETRConfig
    stm32f10x_tim.o(i.TIM_ICInit) refers to stm32f10x_tim.o(i.TI1_Config) for TI1_Config
    stm32f10x_tim.o(i.TIM_ICInit) refers to stm32f10x_tim.o(i.TIM_SetIC1Prescaler) for TIM_SetIC1Prescaler
    stm32f10x_tim.o(i.TIM_ICInit) refers to stm32f10x_tim.o(i.TI2_Config) for TI2_Config
    stm32f10x_tim.o(i.TIM_ICInit) refers to stm32f10x_tim.o(i.TIM_SetIC2Prescaler) for TIM_SetIC2Prescaler
    stm32f10x_tim.o(i.TIM_ICInit) refers to stm32f10x_tim.o(i.TI3_Config) for TI3_Config
[...]
    ../fplib/retnan.s                        0x00000000   Number         0  retnan.o ABSOLUTE
    ../fplib/scalbn.s                        0x00000000   Number         0  scalbn.o ABSOLUTE
    ../fplib/trapv.s                         0x00000000   Number         0  trapv.o ABSOLUTE
    ../fplib/usenofp.s                       0x00000000   Number         0  usenofp.o ABSOLUTE
    ../mathlib/atan.c                        0x00000000   Number         0  atan_x.o ABSOLUTE
    ../mathlib/atan.c                        0x00000000   Number         0  atan.o ABSOLUTE
    ../mathlib/atan2.c                       0x00000000   Number         0  atan2.o ABSOLUTE
    ../mathlib/atan2.c                       0x00000000   Number         0  atan2_x.o ABSOLUTE
    ../mathlib/cos.c                         0x00000000   Number         0  cos_x.o ABSOLUTE
    ../mathlib/cos.c                         0x00000000   Number         0  cos.o ABSOLUTE
    ../mathlib/cos_i.c                       0x00000000   Number         0  cos_i.o ABSOLUTE
    ../mathlib/dunder.c                      0x00000000   Number         0  dunder.o ABSOLUTE
    ../mathlib/fpclassify.c                  0x00000000   Number         0  fpclassify.o ABSOLUTE
    ../mathlib/poly.c                        0x00000000   Number         0  poly.o ABSOLUTE
    ../mathlib/qnan.c                        0x00000000   Number         0  qnan.o ABSOLUTE
    ../mathlib/rred.c                        0x00000000   Number         0  rred.o ABSOLUTE
    ../mathlib/sin_i.c                       0x00000000   Number         0  sin_i_x.o ABSOLUTE
    ../mathlib/sin_i.c                       0x00000000   Number         0  sin_i.o ABSOLUTE
    ../mathlib/sqrt.c                        0x00000000   Number         0  sqrt.o ABSOLUTE
    ../mathlib/sqrt.c                        0x00000000   Number         0  sqrt_x.o ABSOLUTE
    ..\CORE\core_cm3.c                       0x00000000   Number         0  core_cm3.o ABSOLUTE
    ..\CORE\startup_stm32f10x_hd.s           0x00000000   Number         0  startup_stm32f10x_hd.o ABSOLUTE
    ..\HARDWEAR\scr\24l01.c                  0x00000000   Number         0  24l01.o ABSOLUTE
    ..\HARDWEAR\scr\HCSR04.c                 0x00000000   Number         0  hcsr04.o ABSOLUTE
    ..\HARDWEAR\scr\adc.c                    0x00000000   Number         0  adc.o ABSOLUTE
    ..\HARDWEAR\scr\beep.c                   0x00000000   Number         0  beep.o ABSOLUTE
    ..\HARDWEAR\scr\dma.c                    0x00000000   Number         0  dma.o ABSOLUTE
    ..\HARDWEAR\scr\i2c_mpu6050_kalman.c     0x00000000   Number         0  i2c_mpu6050_kalman.o ABSOLUTE
    ..\HARDWEAR\scr\key.c                    0x00000000   Number         0  key.o ABSOLUTE
    ..\HARDWEAR\scr\led.c                    0x00000000   Number         0  led.o ABSOLUTE
    ..\HARDWEAR\scr\pid.c                    0x00000000   Number         0  pid.o ABSOLUTE
    ..\HARDWEAR\scr\pwm.c                    0x00000000   Number         0  pwm.o ABSOLUTE
    ..\HARDWEAR\scr\spi.c                    0x00000000   Number         0  spi.o ABSOLUTE
    ..\HARDWEAR\scr\timer.c                  0x00000000   Number         0  timer.o ABSOLUTE
    ..\STM32F10X_FWLib\src\misc.c            0x00000000   Number         0  misc.o ABSOLUTE
    ..\STM32F10X_FWLib\src\stm32f10x_adc.c   0x00000000   Number         0  stm32f10x_adc.o ABSOLUTE
    ..\STM32F10X_FWLib\src\stm32f10x_dma.c   0x00000000   Number         0  stm32f10x_dma.o ABSOLUTE
    ..\STM32F10X_FWLib\src\stm32f10x_exti.c  0x00000000   Number         0  stm32f10x_exti.o ABSOLUTE
    ..\STM32F10X_FWLib\src\stm32f10x_gpio.c  0x00000000   Number         0  stm32f10x_gpio.o ABSOLUTE
    ..\STM32F10X_FWLib\src\stm32f10x_i2c.c   0x00000000   Number         0  stm32f10x_i2c.o ABSOLUTE
    ..\STM32F10X_FWLib\src\stm32f10x_rcc.c   0x00000000   Number         0  stm32f10x_rcc.o ABSOLUTE
    ..\STM32F10X_FWLib\src\stm32f10x_spi.c   0x00000000   Number         0  stm32f10x_spi.o ABSOLUTE
    ..\STM32F10X_FWLib\src\stm32f10x_tim.c   0x00000000   Number         0  stm32f10x_tim.o ABSOLUTE
    ..\STM32F10X_FWLib\src\stm32f10x_usart.c 0x00000000   Number         0  stm32f10x_usart.o ABSOLUTE
    ..\SYSTEM\delay\delay.c                  0x00000000   Number         0  delay.o ABSOLUTE
    ..\SYSTEM\sys\sys.c                      0x00000000   Number         0  sys.o ABSOLUTE
    ..\SYSTEM\usart\usart.c                  0x00000000   Number         0  usart.o ABSOLUTE
    ..\\CORE\\core_cm3.c                     0x00000000   Number         0  core_cm3.o ABSOLUTE
    ..\\SYSTEM\\sys\\sys.c                   0x00000000   Number         0  sys.o ABSOLUTE
    dc.s                                     0x00000000   Number         0  dc.o ABSOLUTE
    main.c                                   0x00000000   Number         0  main.o ABSOLUTE
    stm32f10x_it.c                           0x00000000   Number         0  stm32f10x_it.o ABSOLUTE
    system_stm32f10x.c                       0x00000000   Number         0  system_stm32f10x.o ABSOLUTE
    RESET                                    0x08000000   Section      304  startup_stm32f10x_hd.o(RESET)
    !!!main                                  0x08000130   Section        8  __main.o(!!!main)
    !!!scatter                               0x08000138   Section       52  __scatter.o(!!!scatter)
    !!handler_copy                           0x0800016c   Section       26  __scatter_copy.o(!!handler_copy)
    !!handler_zi                             0x08000188   Section       28  __scatter_zi.o(!!handler_zi)
    .ARM.Collect$$libinit$$00000000          0x080001a4   Section        2  libinit.o(.ARM.Collect$$libinit$$00000000)
    .ARM.Collect$$libinit$$00000002          0x080001a6   Section        0  libinit2.o(.ARM.Collect$$libinit$$00000002)
    .ARM.Collect$$libinit$$00000004          0x080001a6   Section        0  libinit2.o(.ARM.Collect$$libinit$$00000004)
    .ARM.Collect$$libinit$$0000000A          0x080001a6   Section        0  libinit2.o(.ARM.Collect$$libinit$$0000000A)
    .ARM.Collect$$libinit$$0000000C          0x080001a6   Section        0  libinit2.o(.ARM.Collect$$libinit$$0000000C)
    .ARM.Collect$$libinit$$0000000E          0x080001a6   Section        0  libinit2.o(.ARM.Collect$$libinit$$0000000E)
    .ARM.Collect$$libinit$$00000011          0x080001a6   Section        0  libinit2.o(.ARM.Collect$$libinit$$00000011)
    .ARM.Collect$$libinit$$00000013          0x080001a6   Section        0  libinit2.o(.ARM.Collect$$libinit$$00000013)
    .ARM.Collect$$libinit$$00000015          0x080001a6   Section        0  libinit2.o(.ARM.Collect$$libinit$$00000015)
    .ARM.Collect$$libinit$$00000017          0x080001a6   Section        0  libinit2.o(.ARM.Collect$$libinit$$00000017)
    .ARM.Collect$$libinit$$00000019          0x080001a6   Section        0  libinit2.o(.ARM.Collect$$libinit$$00000019)
    .ARM.Collect$$libinit$$0000001B          0x080001a6   Section        0  libinit2.o(.ARM.Collect$$libinit$$0000001B)
    .ARM.Collect$$libinit$$0000001D          0x080001a6   Section        0  libinit2.o(.ARM.Collect$$libinit$$0000001D)
    .ARM.Collect$$libinit$$0000001F          0x080001a6   Section        0  libinit2.o(.ARM.Collect$$libinit$$0000001F)
    .ARM.Collect$$libinit$$00000021          0x080001a6   Section        0  libinit2.o(.ARM.Collect$$libinit$$00000021)
    .ARM.Collect$$libinit$$00000023          0x080001a6   Section        0  libinit2.o(.ARM.Collect$$libinit$$00000023)
    .ARM.Collect$$libinit$$00000025          0x080001a6   Section        0  libinit2.o(.ARM.Collect$$libinit$$00000025)
    .ARM.Collect$$libinit$$0000002C          0x080001a6   Section        0  libinit2.o(.ARM.Collect$$libinit$$0000002C)
    .ARM.Collect$$libinit$$0000002E          0x080001a6   Section        0  libinit2.o(.ARM.Collect$$libinit$$0000002E)
    .ARM.Collect$$libinit$$00000030          0x080001a6   Section        0  libinit2.o(.ARM.Collect$$libinit$$00000030)
    .ARM.Collect$$libinit$$00000032          0x080001a6   Section        0  libinit2.o(.ARM.Collect$$libinit$$00000032)
    .ARM.Collect$$libinit$$00000033          0x080001a6   Section        2  libinit2.o(.ARM.Collect$$libinit$$00000033)
    .ARM.Collect$$libshutdown$$00000000      0x080001a8   Section        2  libshutdown.o(.ARM.Collect$$libshutdown$$00000000)
    .ARM.Collect$$libshutdown$$00000003      0x080001aa   Section        0  libshutdown2.o(.ARM.Collect$$libshutdown$$00000003)
    .ARM.Collect$$libshutdown$$00000006      0x080001aa   Section        0  libshutdown2.o(.ARM.Collect$$libshutdown$$00000006)
    .ARM.Collect$$libshutdown$$00000009      0x080001aa   Section        0  libshutdown2.o(.ARM.Collect$$libshutdown$$00000009)
    .ARM.Collect$$libshutdown$$0000000B      0x080001aa   Section        0  libshutdown2.o(.ARM.Collect$$libshutdown$$0000000B)
    .ARM.Collect$$libshutdown$$0000000E      0x080001aa   Section        0  libshutdown2.o(.ARM.Collect$$libshutdown$$0000000E)
    .ARM.Collect$$libshutdown$$0000000F      0x080001aa   Section        2  libshutdown2.o(.ARM.Collect$$libshutdown$$0000000F)
    .ARM.Collect$$rtentry$$00000000          0x080001ac   Section        0  __rtentry.o(.ARM.Collect$$rtentry$$00000000)
    .ARM.Collect$$rtentry$$00000002          0x080001ac   Section        0  __rtentry2.o(.ARM.Collect$$rtentry$$00000002)
    .ARM.Collect$$rtentry$$00000004          0x080001ac   Section        6  __rtentry4.o(.ARM.Collect$$rtentry$$00000004)
    .ARM.Collect$$rtentry$$00000009          0x080001b2   Section        0  __rtentry2.o(.ARM.Collect$$rtentry$$00000009)
    .ARM.Collect$$rtentry$$0000000A          0x080001b2   Section        4  __rtentry2.o(.ARM.Collect$$rtentry$$0000000A)
    .ARM.Collect$$rtentry$$0000000C          0x080001b6   Section        0  __rtentry2.o(.ARM.Collect$$rtentry$$0000000C)
    .ARM.Collect$$rtentry$$0000000D          0x080001b6   Section        8  __rtentry2.o(.ARM.Collect$$rtentry$$0000000D)
    .ARM.Collect$$rtexit$$00000000           0x080001be   Section        2  rtexit.o(.ARM.Collect$$rtexit$$00000000)
    .ARM.Collect$$rtexit$$00000002           0x080001c0   Section        0  rtexit2.o(.ARM.Collect$$rtexit$$00000002)
    .ARM.Collect$$rtexit$$00000003           0x080001c0   Section        4  rtexit2.o(.ARM.Collect$$rtexit$$00000003)
    .ARM.Collect$$rtexit$$00000004           0x080001c4   Section        6  rtexit2.o(.ARM.Collect$$rtexit$$00000004)
    .text                                    0x080001cc   Section       72  startup_stm32f10x_hd.o(.text)
    .text                                    0x08000214   Section        2  use_no_semi_2.o(.text)
    .text                                    0x08000216   Section        0  heapauxi.o(.text)
    .text                                    0x0800021c   Section        2  use_no_semi.o(.text)
    .text                                    0x08000220   Section        8  libspace.o(.text)
    .text                                    0x08000228   Section       74  sys_stackheap_outer.o(.text)
    .text                                    0x08000272   Section        0  exit.o(.text)
    i.BusFault_Handler                       0x0800027e   Section        0  stm32f10x_it.o(i.BusFault_Handler)
    i.DMA1_Channel5_IRQHandler               0x08000284   Section        0  dma.o(i.DMA1_Channel5_IRQHandler)
    i.DMA_ClearFlag                          0x080002b0   Section        0  stm32f10x_dma.o(i.DMA_ClearFlag)
    i.DMA_Cmd                                0x080002cc   Section        0  stm32f10x_dma.o(i.DMA_Cmd)
    i.DMA_GetFlagStatus                      0x080002e4   Section        0  stm32f10x_dma.o(i.DMA_GetFlagStatus)
    i.DMA_ITConfig                           0x08000310   Section        0  stm32f10x_dma.o(i.DMA_ITConfig)
    i.DMA_Init                               0x08000322   Section        0  stm32f10x_dma.o(i.DMA_Init)
    i.DMA_SetCurrDataCounter                 0x0800035e   Section        0  stm32f10x_dma.o(i.DMA_SetCurrDataCounter)
    i.DebugMon_Handler                       0x08000362   Section        0  stm32f10x_it.o(i.DebugMon_Handler)
    i.EXTI15_10_IRQHandler                   0x08000364   Section        0  hcsr04.o(i.EXTI15_10_IRQHandler)
    i.EXTI_ClearITPendingBit                 0x080003cc   Section        0  stm32f10x_exti.o(i.EXTI_ClearITPendingBit)
    i.EXTI_GetITStatus                       0x080003d8   Section        0  stm32f10x_exti.o(i.EXTI_GetITStatus)
    i.EXTI_Init                              0x08000400   Section        0  stm32f10x_exti.o(i.EXTI_Init)
    i.GPIO_EXTILineConfig                    0x08000494   Section        0  stm32f10x_gpio.o(i.GPIO_EXTILineConfig)
    i.GPIO_Init                              0x080004d4   Section        0  stm32f10x_gpio.o(i.GPIO_Init)
    i.GPIO_PinRemapConfig                    0x080005ec   Section        0  stm32f10x_gpio.o(i.GPIO_PinRemapConfig)
    i.GPIO_ReadInputDataBit                  0x0800067c   Section        0  stm32f10x_gpio.o(i.GPIO_ReadInputDataBit)
    i.GPIO_SetBits                           0x0800068e   Section        0  stm32f10x_gpio.o(i.GPIO_SetBits)
    i.GPIO_WriteBit                          0x08000692   Section        0  stm32f10x_gpio.o(i.GPIO_WriteBit)
    i.HCSR04_Get_Distance                    0x0800069c   Section        0  hcsr04.o(i.HCSR04_Get_Distance)
    i.HCSR04_Init                            0x080006c8   Section        0  hcsr04.o(i.HCSR04_Init)
    i.HCSR04_Run                             0x08000768   Section        0  hcsr04.o(i.HCSR04_Run)
    i.HardFault_Handler                      0x0800078c   Section        0  stm32f10x_it.o(i.HardFault_Handler)
    i.I2C_AcknowledgeConfig                  0x08000790   Section        0  stm32f10x_i2c.o(i.I2C_AcknowledgeConfig)
    i.I2C_CheckEvent                         0x080007a8   Section        0  stm32f10x_i2c.o(i.I2C_CheckEvent)
    i.I2C_Cmd                                0x080007d2   Section        0  stm32f10x_i2c.o(i.I2C_Cmd)
    i.I2C_DMACmd                             0x080007ea   Section        0  stm32f10x_i2c.o(i.I2C_DMACmd)
    i.I2C_DMALastTransferCmd                 0x08000802   Section        0  stm32f10x_i2c.o(i.I2C_DMALastTransferCmd)
    i.I2C_GenerateSTART                      0x0800081a   Section        0  stm32f10x_i2c.o(i.I2C_GenerateSTART)
    i.I2C_GenerateSTOP                       0x08000832   Section        0  stm32f10x_i2c.o(i.I2C_GenerateSTOP)
    i.I2C_GetFlagStatus                      0x0800084a   Section        0  stm32f10x_i2c.o(i.I2C_GetFlagStatus)
    i.I2C_Init                               0x08000884   Section        0  stm32f10x_i2c.o(i.I2C_Init)
    i.I2C_ReceiveData                        0x08000970   Section        0  stm32f10x_i2c.o(i.I2C_ReceiveData)
    i.I2C_Send7bitAddress                    0x08000978   Section        0  stm32f10x_i2c.o(i.I2C_Send7bitAddress)
    i.I2C_SendData                           0x0800098a   Section        0  stm32f10x_i2c.o(i.I2C_SendData)
    i.Init                                   0x0800098e   Section        0  main.o(i.Init)
    i.KEY_Init                               0x080009c8   Section        0  key.o(i.KEY_Init)
    i.LED_Init                               0x080009f0   Section        0  led.o(i.LED_Init)
    i.MPU6050_data_process                   0x08000a28   Section        0  i2c_mpu6050_kalman.o(i.MPU6050_data_process)
    i.MPU6050_data_translation               0x08000aa8   Section        0  i2c_mpu6050_kalman.o(i.MPU6050_data_translation)
    i.MPU6050_dma_read                       0x08000bc8   Section        0  i2c_mpu6050_kalman.o(i.MPU6050_dma_read)
    i.MPU6050_get_data                       0x08000ca8   Section        0  i2c_mpu6050_kalman.o(i.MPU6050_get_data)
    i.MPU6050_init                           0x08000cba   Section        0  i2c_mpu6050_kalman.o(i.MPU6050_init)
    i.MemManage_Handler                      0x08000cf0   Section        0  stm32f10x_it.o(i.MemManage_Handler)
    i.NMI_Handler                            0x08000cf4   Section        0  stm32f10x_it.o(i.NMI_Handler)
    i.NVIC_Init                              0x08000cf8   Section        0  misc.o(i.NVIC_Init)
    i.NVIC_PriorityGroupConfig               0x08000d68   Section        0  misc.o(i.NVIC_PriorityGroupConfig)
    i.PendSV_Handler                         0x08000d7c   Section        0  stm32f10x_it.o(i.PendSV_Handler)
    i.RCC_AHBPeriphClockCmd                  0x08000d80   Section        0  stm32f10x_rcc.o(i.RCC_AHBPeriphClockCmd)
    i.RCC_APB1PeriphClockCmd                 0x08000da0   Section        0  stm32f10x_rcc.o(i.RCC_APB1PeriphClockCmd)
    i.RCC_APB2PeriphClockCmd                 0x08000dc0   Section        0  stm32f10x_rcc.o(i.RCC_APB2PeriphClockCmd)
    i.RCC_GetClocksFreq                      0x08000de0   Section        0  stm32f10x_rcc.o(i.RCC_GetClocksFreq)
    i.SVC_Handler                            0x08000eb4   Section        0  stm32f10x_it.o(i.SVC_Handler)
    i.SetSysClock                            0x08000eb6   Section        0  system_stm32f10x.o(i.SetSysClock)
    SetSysClock                              0x08000eb7   Thumb Code     8  system_stm32f10x.o(i.SetSysClock)
    i.SetSysClockTo72                        0x08000ec0   Section        0  system_stm32f10x.o(i.SetSysClockTo72)
    SetSysClockTo72                          0x08000ec1   Thumb Code   214  system_stm32f10x.o(i.SetSysClockTo72)
    i.SysTick_CLKSourceConfig                0x08000fa0   Section        0  misc.o(i.SysTick_CLKSourceConfig)
    i.SysTick_Handler                        0x08000fc8   Section        0  stm32f10x_it.o(i.SysTick_Handler)
    i.SystemInit                             0x08000fcc   Section        0  system_stm32f10x.o(i.SystemInit)
    i.TIM2_IRQHandler                        0x0800102c   Section        0  hcsr04.o(i.TIM2_IRQHandler)
    i.TIM2_Int_Init                          0x08001042   Section        0  hcsr04.o(i.TIM2_Int_Init)
    i.TIM3_IRQHandler                        0x08001094   Section        0  timer.o(i.TIM3_IRQHandler)
    i.TIM3_init                              0x08001174   Section        0  timer.o(i.TIM3_init)
    i.TIM4_CH1_Duty                          0x080011b0   Section        0  pwm.o(i.TIM4_CH1_Duty)
    i.TIM4_CH2_Duty                          0x080011d0   Section        0  pwm.o(i.TIM4_CH2_Duty)
    i.TIM4_CH3_Duty                          0x080011f0   Section        0  pwm.o(i.TIM4_CH3_Duty)
    i.TIM4_CH4_Duty                          0x08001210   Section        0  pwm.o(i.TIM4_CH4_Duty)
    i.TIM4_PWM_Init                          0x08001230   Section        0  pwm.o(i.TIM4_PWM_Init)
    i.TIM_ARRPreloadConfig                   0x08001300   Section        0  stm32f10x_tim.o(i.TIM_ARRPreloadConfig)
    i.TIM_ClearITPendingBit                  0x08001318   Section        0  stm32f10x_tim.o(i.TIM_ClearITPendingBit)
    i.TIM_Cmd                                0x0800131e   Section        0  stm32f10x_tim.o(i.TIM_Cmd)
    i.TIM_GetCounter                         0x08001336   Section        0  stm32f10x_tim.o(i.TIM_GetCounter)
    i.TIM_GetITStatus                        0x0800133c   Section        0  stm32f10x_tim.o(i.TIM_GetITStatus)
    i.TIM_ITConfig                           0x0800135e   Section        0  stm32f10x_tim.o(i.TIM_ITConfig)
    i.TIM_OC1Init                            0x08001370   Section        0  stm32f10x_tim.o(i.TIM_OC1Init)
    i.TIM_OC1PreloadConfig                   0x08001408   Section        0  stm32f10x_tim.o(i.TIM_OC1PreloadConfig)
    i.TIM_OC2Init                            0x0800141c   Section        0  stm32f10x_tim.o(i.TIM_OC2Init)
    i.TIM_OC2PreloadConfig                   0x080014c0   Section        0  stm32f10x_tim.o(i.TIM_OC2PreloadConfig)
    i.TIM_OC3Init                            0x080014dc   Section        0  stm32f10x_tim.o(i.TIM_OC3Init)
    i.TIM_OC3PreloadConfig                   0x0800157c   Section        0  stm32f10x_tim.o(i.TIM_OC3PreloadConfig)
    i.TIM_OC4Init                            0x08001590   Section        0  stm32f10x_tim.o(i.TIM_OC4Init)
    i.TIM_OC4PreloadConfig                   0x0800160c   Section        0  stm32f10x_tim.o(i.TIM_OC4PreloadConfig)
    i.TIM_SetCompare1                        0x08001626   Section        0  stm32f10x_tim.o(i.TIM_SetCompare1)
    i.TIM_SetCompare2                        0x0800162a   Section        0  stm32f10x_tim.o(i.TIM_SetCompare2)
    i.TIM_SetCompare3                        0x0800162e   Section        0  stm32f10x_tim.o(i.TIM_SetCompare3)
    i.TIM_SetCompare4                        0x08001632   Section        0  stm32f10x_tim.o(i.TIM_SetCompare4)
    i.TIM_SetCounter                         0x08001638   Section        0  stm32f10x_tim.o(i.TIM_SetCounter)
    i.TIM_TimeBaseInit                       0x0800163c   Section        0  stm32f10x_tim.o(i.TIM_TimeBaseInit)
    i.USART1_IRQHandler                      0x080016e0   Section        0  usart.o(i.USART1_IRQHandler)
    i.USART_GetITStatus                      0x08001768   Section        0  stm32f10x_usart.o(i.USART_GetITStatus)
    i.USART_ReceiveData                      0x080017bc   Section        0  stm32f10x_usart.o(i.USART_ReceiveData)
    i.UsageFault_Handler                     0x080017c6   Section        0  stm32f10x_it.o(i.UsageFault_Handler)
    i.__ARM_fpclassify                       0x080017ca   Section        0  fpclassify.o(i.__ARM_fpclassify)
    i.__kernel_poly                          0x080017f2   Section        0  poly.o(i.__kernel_poly)
    i.__mathlib_dbl_infnan                   0x0800189c   Section        0  dunder.o(i.__mathlib_dbl_infnan)
    i.__mathlib_dbl_infnan2                  0x080018a2   Section        0  dunder.o(i.__mathlib_dbl_infnan2)
    i.__mathlib_dbl_underflow                0x080018a8   Section        0  dunder.o(i.__mathlib_dbl_underflow)
    i._sys_exit                              0x080018b8   Section        0  usart.o(i._sys_exit)
    i.accel_angle_x                          0x080018c0   Section        0  i2c_mpu6050_kalman.o(i.accel_angle_x)
    i.accel_angle_y                          0x08001920   Section        0  i2c_mpu6050_kalman.o(i.accel_angle_y)
    i.atan                                   0x08001980   Section        0  atan.o(i.atan)
    i.atan2                                  0x08001ba0   Section        0  atan2.o(i.atan2)
    i.delay_init                             0x08001d20   Section        0  delay.o(i.delay_init)
    i.delay_us                               0x08001d64   Section        0  delay.o(i.delay_us)
    i.dma_init                               0x08001db0   Section        0  dma.o(i.dma_init)
    i.dma_nvic_init                          0x08001e14   Section        0  dma.o(i.dma_nvic_init)
    i.i2c_byte_write                         0x08001e34   Section        0  i2c_mpu6050_kalman.o(i.i2c_byte_write)
    i.i2c_init                               0x08001eb0   Section        0  i2c_mpu6050_kalman.o(i.i2c_init)
    i.i2c_read                               0x08001f28   Section        0  i2c_mpu6050_kalman.o(i.i2c_read)
    i.kalman_filter_gyro_x                   0x0800200c   Section        0  i2c_mpu6050_kalman.o(i.kalman_filter_gyro_x)
    i.kalman_filter_gyro_y                   0x08002200   Section        0  i2c_mpu6050_kalman.o(i.kalman_filter_gyro_y)
    i.main                                   0x080023f4   Section        0  main.o(i.main)
    i.timer3_init                            0x080023fc   Section        0  timer.o(i.timer3_init)
    i.timer3_nvic_init                       0x08002414   Section        0  timer.o(i.timer3_nvic_init)
    x$fpl$d2f                                0x08002444   Section       98  d2f.o(x$fpl$d2f)
    x$fpl$dadd                               0x080024a8   Section      336  daddsub_clz.o(x$fpl$dadd)
    _dadd1                                   0x080024b9   Thumb Code     0  daddsub_clz.o(x$fpl$dadd)
    x$fpl$dcheck1                            0x080025f8   Section       16  dcheck1.o(x$fpl$dcheck1)
    x$fpl$ddiv                               0x08002608   Section      688  ddiv.o(x$fpl$ddiv)
    ddiv_entry                               0x0800260f   Thumb Code     0  ddiv.o(x$fpl$ddiv)
    x$fpl$dmul                               0x080028b8   Section      340  dmul.o(x$fpl$dmul)
    x$fpl$dnaninf                            0x08002a0c   Section      156  dnaninf.o(x$fpl$dnaninf)
    x$fpl$dretinf                            0x08002aa8   Section       12  dretinf.o(x$fpl$dretinf)
    x$fpl$drsb                               0x08002ab4   Section       22  daddsub_clz.o(x$fpl$drsb)
    x$fpl$dsub                               0x08002acc   Section      468  daddsub_clz.o(x$fpl$dsub)
    _dsub1                                   0x08002add   Thumb Code     0  daddsub_clz.o(x$fpl$dsub)
    x$fpl$f2d                                0x08002ca0   Section       86  f2d.o(x$fpl$f2d)
    x$fpl$fadd                               0x08002cf8   Section      196  faddsub_clz.o(x$fpl$fadd)
    _fadd1                                   0x08002d07   Thumb Code     0  faddsub_clz.o(x$fpl$fadd)
    x$fpl$fdiv                               0x08002dbc   Section      388  fdiv.o(x$fpl$fdiv)
    _fdiv1                                   0x08002dbd   Thumb Code     0  fdiv.o(x$fpl$fdiv)
    x$fpl$ffixu                              0x08002f40   Section       62  ffixu.o(x$fpl$ffixu)
    x$fpl$fflt                               0x08002f80   Section       48  fflt_clz.o(x$fpl$fflt)
    x$fpl$fmul                               0x08002fb0   Section      258  fmul.o(x$fpl$fmul)
    x$fpl$fnaninf                            0x080030b2   Section      140  fnaninf.o(x$fpl$fnaninf)
    x$fpl$fretinf                            0x0800313e   Section       10  fretinf.o(x$fpl$fretinf)
    x$fpl$frsb                               0x08003148   Section       20  faddsub_clz.o(x$fpl$frsb)
    x$fpl$fsub                               0x0800315c   Section      234  faddsub_clz.o(x$fpl$fsub)
    _fsub1                                   0x0800316b   Thumb Code     0  faddsub_clz.o(x$fpl$fsub)
    x$fpl$retnan                             0x08003246   Section      100  retnan.o(x$fpl$retnan)
    x$fpl$scalbn                             0x080032aa   Section       92  scalbn.o(x$fpl$scalbn)
    x$fpl$trapveneer                         0x08003306   Section       48  trapv.o(x$fpl$trapveneer)
    x$fpl$usenofp                            0x08003336   Section        0  usenofp.o(x$fpl$usenofp)
    .constdata                               0x08003338   Section      152  atan.o(.constdata)
    atanhi                                   0x08003338   Data          32  atan.o(.constdata)
    atanlo                                   0x08003358   Data          32  atan.o(.constdata)
    aTodd                                    0x08003378   Data          40  atan.o(.constdata)
    aTeven                                   0x080033a0   Data          48  atan.o(.constdata)
    .constdata                               0x080033d0   Section        8  qnan.o(.constdata)
    .data                                    0x20000000   Section       20  system_stm32f10x.o(.data)
    .data                                    0x20000014   Section       20  stm32f10x_rcc.o(.data)
    APBAHBPrescTable                         0x20000014   Data          16  stm32f10x_rcc.o(.data)
    ADCPrescTable                            0x20000024   Data           4  stm32f10x_rcc.o(.data)
    .data                                    0x20000028   Section        4  hcsr04.o(.data)
    .data                                    0x2000002c   Section       64  i2c_mpu6050_kalman.o(.data)
    .data                                    0x2000006c   Section       96  pid.o(.data)
    cal_permission                           0x200000c8   Data           4  pid.o(.data)
    .data                                    0x200000cc   Section        8  timer.o(.data)
    .data                                    0x200000d4   Section        4  delay.o(.data)
    fac_us                                   0x200000d4   Data           1  delay.o(.data)
    fac_ms                                   0x200000d6   Data           2  delay.o(.data)
    .data                                    0x200000d8   Section        6  usart.o(.data)
    .bss                                     0x200000e0   Section       52  main.o(.bss)
    .bss                                     0x20000114   Section       24  i2c_mpu6050_kalman.o(.bss)
    .bss                                     0x2000012c   Section      652  pid.o(.bss)
    .bss                                     0x200003b8   Section      200  usart.o(.bss)
    .bss                                     0x20000480   Section       96  libspace.o(.bss)
    HEAP                                     0x200004e0   Section        0  startup_stm32f10x_hd.o(HEAP)
    STACK                                    0x200004e0   Section      512  startup_stm32f10x_hd.o(STACK)
    Heap_Mem                                 0x200004e0   Data           0  startup_stm32f10x_hd.o(HEAP)
    Stack_Mem                                0x200004e0   Data         512  startup_stm32f10x_hd.o(STACK)
    __initial_sp                             0x200006e0   Data           0  startup_stm32f10x_hd.o(STACK)

    Global Symbols

    Symbol Name                              Value     Ov Type        Size  Object(Section)

    BuildAttributes$$THM_ISAv4$P$D$K$B$S$PE$A:L22UL41UL21$X:L11$S22US41US21$IEEE1$IW$USESV6$~STKCKD$USESV7$~SHL$OTIME$ROPI$IEEEX$EBA8$UX$STANDARDLIB$REQ8$PRES8$EABIv2 0x00000000   Number         0  anon$$obj.o ABSOLUTE
    __ARM_use_no_argv                        0x00000000   Number         0  main.o ABSOLUTE
    __ARM_exceptions_init                     - Undefined Weak Reference
    __alloca_initialize                       - Undefined Weak Reference
    __arm_preinit_                            - Undefined Weak Reference
    __cpp_initialize__aeabi_                  - Undefined Weak Reference
    __cxa_finalize                            - Undefined Weak Reference
    __rt_locale                               - Undefined Weak Reference
    __sigvec_lookup                           - Undefined Weak Reference
    _atexit_init                              - Undefined Weak Reference
    _call_atexit_fns                          - Undefined Weak Reference
    _clock_init                               - Undefined Weak Reference
    _fp_trap_init                             - Undefined Weak Reference
    _fp_trap_shutdown                         - Undefined Weak Reference
    _get_lc_collate                           - Undefined Weak Reference
    _get_lc_ctype                             - Undefined Weak Reference
    _get_lc_monetary                          - Undefined Weak Reference
    _get_lc_numeric                           - Undefined Weak Reference
    _get_lc_time                              - Undefined Weak Reference
    _getenv_init                              - Undefined Weak Reference
    _handle_redirection                       - Undefined Weak Reference
    _init_alloc                               - Undefined Weak Reference
    _init_user_alloc                          - Undefined Weak Reference
    _initio                                   - Undefined Weak Reference
    _rand_init                                - Undefined Weak Reference
    _signal_finish                            - Undefined Weak Reference
    _signal_init                              - Undefined Weak Reference
    _terminate_alloc                          - Undefined Weak Reference
    _terminate_user_alloc                     - Undefined Weak Reference
    _terminateio                              - Undefined Weak Reference
    __Vectors_Size                           0x00000130   Number         0  startup_stm32f10x_hd.o ABSOLUTE
    __Vectors                                0x08000000   Data           4  startup_stm32f10x_hd.o(RESET)
    __Vectors_End                            0x08000130   Data           0  startup_stm32f10x_hd.o(RESET)
    __main                                   0x08000131   Thumb Code     8  __main.o(!!!main)
    __scatterload                            0x08000139   Thumb Code     0  __scatter.o(!!!scatter)
    __scatterload_rt2                        0x08000139   Thumb Code    44  __scatter.o(!!!scatter)
    __scatterload_rt2_thumb_only             0x08000139   Thumb Code     0  __scatter.o(!!!scatter)
    __scatterload_null                       0x08000147   Thumb Code     0  __scatter.o(!!!scatter)
    __scatterload_copy                       0x0800016d   Thumb Code    26  __scatter_copy.o(!!handler_copy)
    __scatterload_zeroinit                   0x08000189   Thumb Code    28  __scatter_zi.o(!!handler_zi)
    __rt_lib_init                            0x080001a5   Thumb Code     0  libinit.o(.ARM.Collect$$libinit$$00000000)
    __rt_lib_init_alloca_1                   0x080001a7   Thumb Code     0  libinit2.o(.ARM.Collect$$libinit$$0000002E)
    __rt_lib_init_argv_1                     0x080001a7   Thumb Code     0  libinit2.o(.ARM.Collect$$libinit$$0000002C)
    __rt_lib_init_atexit_1                   0x080001a7   Thumb Code     0  libinit2.o(.ARM.Collect$$libinit$$0000001B)
    __rt_lib_init_clock_1                    0x080001a7   Thumb Code     0  libinit2.o(.ARM.Collect$$libinit$$00000021)
    __rt_lib_init_cpp_1                      0x080001a7   Thumb Code     0  libinit2.o(.ARM.Collect$$libinit$$00000032)
    __rt_lib_init_exceptions_1               0x080001a7   Thumb Code     0  libinit2.o(.ARM.Collect$$libinit$$00000030)
    __rt_lib_init_fp_1                       0x080001a7   Thumb Code     0  libinit2.o(.ARM.Collect$$libinit$$00000002)
    __rt_lib_init_fp_trap_1                  0x080001a7   Thumb Code     0  libinit2.o(.ARM.Collect$$libinit$$0000001F)
    __rt_lib_init_getenv_1                   0x080001a7   Thumb Code     0  libinit2.o(.ARM.Collect$$libinit$$00000023)
    __rt_lib_init_heap_1                     0x080001a7   Thumb Code     0  libinit2.o(.ARM.Collect$$libinit$$0000000A)
    __rt_lib_init_lc_collate_1               0x080001a7   Thumb Code     0  libinit2.o(.ARM.Collect$$libinit$$00000011)
    __rt_lib_init_lc_ctype_1                 0x080001a7   Thumb Code     0  libinit2.o(.ARM.Collect$$libinit$$00000013)
    __rt_lib_init_lc_monetary_1              0x080001a7   Thumb Code     0  libinit2.o(.ARM.Collect$$libinit$$00000015)
    __rt_lib_init_lc_numeric_1               0x080001a7   Thumb Code     0  libinit2.o(.ARM.Collect$$libinit$$00000017)
    __rt_lib_init_lc_time_1                  0x080001a7   Thumb Code     0  libinit2.o(.ARM.Collect$$libinit$$00000019)
    __rt_lib_init_preinit_1                  0x080001a7   Thumb Code     0  libinit2.o(.ARM.Collect$$libinit$$00000004)
    __rt_lib_init_rand_1                     0x080001a7   Thumb Code     0  libinit2.o(.ARM.Collect$$libinit$$0000000E)
    __rt_lib_init_return                     0x080001a7   Thumb Code     0  libinit2.o(.ARM.Collect$$libinit$$00000033)
    __rt_lib_init_signal_1                   0x080001a7   Thumb Code     0  libinit2.o(.ARM.Collect$$libinit$$0000001D)
    __rt_lib_init_stdio_1                    0x080001a7   Thumb Code     0  libinit2.o(.ARM.Collect$$libinit$$00000025)
    __rt_lib_init_user_alloc_1               0x080001a7   Thumb Code     0  libinit2.o(.ARM.Collect$$libinit$$0000000C)
    __rt_lib_shutdown                        0x080001a9   Thumb Code     0  libshutdown.o(.ARM.Collect$$libshutdown$$00000000)
    __rt_lib_shutdown_fp_trap_1              0x080001ab   Thumb Code     0  libshutdown2.o(.ARM.Collect$$libshutdown$$00000006)
    __rt_lib_shutdown_heap_1                 0x080001ab   Thumb Code     0  libshutdown2.o(.ARM.Collect$$libshutdown$$0000000E)
    __rt_lib_shutdown_return                 0x080001ab   Thumb Code     0  libshutdown2.o(.ARM.Collect$$libshutdown$$0000000F)
    __rt_lib_shutdown_signal_1               0x080001ab   Thumb Code     0  libshutdown2.o(.ARM.Collect$$libshutdown$$00000009)
    __rt_lib_shutdown_stdio_1                0x080001ab   Thumb Code     0  libshutdown2.o(.ARM.Collect$$libshutdown$$00000003)
    __rt_lib_shutdown_user_alloc_1           0x080001ab   Thumb Code     0  libshutdown2.o(.ARM.Collect$$libshutdown$$0000000B)
    __rt_entry                               0x080001ad   Thumb Code     0  __rtentry.o(.ARM.Collect$$rtentry$$00000000)
    __rt_entry_presh_1                       0x080001ad   Thumb Code     0  __rtentry2.o(.ARM.Collect$$rtentry$$00000002)
    __rt_entry_sh                            0x080001ad   Thumb Code     0  __rtentry4.o(.ARM.Collect$$rtentry$$00000004)
    __rt_entry_li                            0x080001b3   Thumb Code     0  __rtentry2.o(.ARM.Collect$$rtentry$$0000000A)
    __rt_entry_postsh_1                      0x080001b3   Thumb Code     0  __rtentry2.o(.ARM.Collect$$rtentry$$00000009)
    __rt_entry_main                          0x080001b7   Thumb Code     0  __rtentry2.o(.ARM.Collect$$rtentry$$0000000D)
    __rt_entry_postli_1                      0x080001b7   Thumb Code     0  __rtentry2.o(.ARM.Collect$$rtentry$$0000000C)
    __rt_exit                                0x080001bf   Thumb Code     0  rtexit.o(.ARM.Collect$$rtexit$$00000000)
    __rt_exit_ls                             0x080001c1   Thumb Code     0  rtexit2.o(.ARM.Collect$$rtexit$$00000003)
    __rt_exit_prels_1                        0x080001c1   Thumb Code     0  rtexit2.o(.ARM.Collect$$rtexit$$00000002)
    __rt_exit_exit                           0x080001c5   Thumb Code     0  rtexit2.o(.ARM.Collect$$rtexit$$00000004)
    SystemInit_ExtMemCtl                     0x080001cd   Thumb Code     2  startup_stm32f10x_hd.o(.text)
    Reset_Handler                            0x080001cf   Thumb Code    14  startup_stm32f10x_hd.o(.text)
    ADC1_2_IRQHandler                        0x080001ef   Thumb Code     0  startup_stm32f10x_hd.o(.text)
    ADC3_IRQHandler                          0x080001ef   Thumb Code     0  startup_stm32f10x_hd.o(.text)
    CAN1_RX1_IRQHandler                      0x080001ef   Thumb Code     0  startup_stm32f10x_hd.o(.text)
    CAN1_SCE_IRQHandler                      0x080001ef   Thumb Code     0  startup_stm32f10x_hd.o(.text)
    DMA1_Channel1_IRQHandler                 0x080001ef   Thumb Code     0  startup_stm32f10x_hd.o(.text)
    DMA1_Channel2_IRQHandler                 0x080001ef   Thumb Code     0  startup_stm32f10x_hd.o(.text)
    DMA1_Channel3_IRQHandler                 0x080001ef   Thumb Code     0  startup_stm32f10x_hd.o(.text)
    DMA1_Channel4_IRQHandler                 0x080001ef   Thumb Code     0  startup_stm32f10x_hd.o(.text)
    DMA1_Channel6_IRQHandler                 0x080001ef   Thumb Code     0  startup_stm32f10x_hd.o(.text)
    DMA1_Channel7_IRQHandler                 0x080001ef   Thumb Code     0  startup_stm32f10x_hd.o(.text)
    DMA2_Channel1_IRQHandler                 0x080001ef   Thumb Code     0  startup_stm32f10x_hd.o(.text)
    DMA2_Channel2_IRQHandler                 0x080001ef   Thumb Code     0  startup_stm32f10x_hd.o(.text)
    DMA2_Channel3_IRQHandler                 0x080001ef   Thumb Code     0  startup_stm32f10x_hd.o(.text)
    DMA2_Channel4_5_IRQHandler               0x080001ef   Thumb Code     0  startup_stm32f10x_hd.o(.text)
    EXTI0_IRQHandler                         0x080001ef   Thumb Code     0  startup_stm32f10x_hd.o(.text)
    EXTI1_IRQHandler                         0x080001ef   Thumb Code     0  startup_stm32f10x_hd.o(.text)
    EXTI2_IRQHandler                         0x080001ef   Thumb Code     0  startup_stm32f10x_hd.o(.text)
    EXTI3_IRQHandler                         0x080001ef   Thumb Code     0  startup_stm32f10x_hd.o(.text)
    EXTI4_IRQHandler                         0x080001ef   Thumb Code     0  startup_stm32f10x_hd.o(.text)
    EXTI9_5_IRQHandler                       0x080001ef   Thumb Code     0  startup_stm32f10x_hd.o(.text)
    FLASH_IRQHandler                         0x080001ef   Thumb Code     0  startup_stm32f10x_hd.o(.text)
    FSMC_IRQHandler                          0x080001ef   Thumb Code     0  startup_stm32f10x_hd.o(.text)
    I2C1_ER_IRQHandler                       0x080001ef   Thumb Code     0  startup_stm32f10x_hd.o(.text)
    I2C1_EV_IRQHandler                       0x080001ef   Thumb Code     0  startup_stm32f10x_hd.o(.text)
    I2C2_ER_IRQHandler                       0x080001ef   Thumb Code     0  startup_stm32f10x_hd.o(.text)
    I2C2_EV_IRQHandler                       0x080001ef   Thumb Code     0  startup_stm32f10x_hd.o(.text)
    PVD_IRQHandler                           0x080001ef   Thumb Code     0  startup_stm32f10x_hd.o(.text)
    RCC_IRQHandler                           0x080001ef   Thumb Code     0  startup_stm32f10x_hd.o(.text)
    RTCAlarm_IRQHandler                      0x080001ef   Thumb Code     0  startup_stm32f10x_hd.o(.text)
    RTC_IRQHandler                           0x080001ef   Thumb Code     0  startup_stm32f10x_hd.o(.text)
    SDIO_IRQHandler                          0x080001ef   Thumb Code     0  startup_stm32f10x_hd.o(.text)
    SPI1_IRQHandler                          0x080001ef   Thumb Code     0  startup_stm32f10x_hd.o(.text)
    SPI2_IRQHandler                          0x080001ef   Thumb Code     0  startup_stm32f10x_hd.o(.text)
    SPI3_IRQHandler                          0x080001ef   Thumb Code     0  startup_stm32f10x_hd.o(.text)
    TAMPER_IRQHandler                        0x080001ef   Thumb Code     0  startup_stm32f10x_hd.o(.text)
    TIM1_BRK_IRQHandler                      0x080001ef   Thumb Code     0  startup_stm32f10x_hd.o(.text)
    TIM1_CC_IRQHandler                       0x080001ef   Thumb Code     0  startup_stm32f10x_hd.o(.text)
    TIM1_TRG_COM_IRQHandler                  0x080001ef   Thumb Code     0  startup_stm32f10x_hd.o(.text)
    TIM1_UP_IRQHandler                       0x080001ef   Thumb Code     0  startup_stm32f10x_hd.o(.text)
    TIM4_IRQHandler                          0x080001ef   Thumb Code     0  startup_stm32f10x_hd.o(.text)
    TIM5_IRQHandler                          0x080001ef   Thumb Code     0  startup_stm32f10x_hd.o(.text)
    TIM6_IRQHandler                          0x080001ef   Thumb Code     0  startup_stm32f10x_hd.o(.text)
    TIM7_IRQHandler                          0x080001ef   Thumb Code     0  startup_stm32f10x_hd.o(.text)
    TIM8_BRK_IRQHandler                      0x080001ef   Thumb Code     0  startup_stm32f10x_hd.o(.text)
    TIM8_CC_IRQHandler                       0x080001ef   Thumb Code     0  startup_stm32f10x_hd.o(.text)
    TIM8_TRG_COM_IRQHandler                  0x080001ef   Thumb Code     0  startup_stm32f10x_hd.o(.text)
    TIM8_UP_IRQHandler                       0x080001ef   Thumb Code     0  startup_stm32f10x_hd.o(.text)
    UART4_IRQHandler                         0x080001ef   Thumb Code     0  startup_stm32f10x_hd.o(.text)
    UART5_IRQHandler                         0x080001ef   Thumb Code     0  startup_stm32f10x_hd.o(.text)
    USART2_IRQHandler                        0x080001ef   Thumb Code     0  startup_stm32f10x_hd.o(.text)
    USART3_IRQHandler                        0x080001ef   Thumb Code     0  startup_stm32f10x_hd.o(.text)
    USBWakeUp_IRQHandler                     0x080001ef   Thumb Code     0  startup_stm32f10x_hd.o(.text)
    USB_HP_CAN1_TX_IRQHandler                0x080001ef   Thumb Code     0  startup_stm32f10x_hd.o(.text)
    USB_LP_CAN1_RX0_IRQHandler               0x080001ef   Thumb Code     0  startup_stm32f10x_hd.o(.text)
    WWDG_IRQHandler                          0x080001ef   Thumb Code     0  startup_stm32f10x_hd.o(.text)
    __user_initial_stackheap                 0x080001f1   Thumb Code     0  startup_stm32f10x_hd.o(.text)
    __use_no_semihosting                     0x08000215   Thumb Code     2  use_no_semi_2.o(.text)
    __use_two_region_memory                  0x08000217   Thumb Code     2  heapauxi.o(.text)
    __rt_heap_escrow$2region                 0x08000219   Thumb Code     2  heapauxi.o(.text)
    __rt_heap_expand$2region                 0x0800021b   Thumb Code     2  heapauxi.o(.text)
    __I$use$semihosting                      0x0800021d   Thumb Code     0  use_no_semi.o(.text)
    __use_no_semihosting_swi                 0x0800021d   Thumb Code     2  use_no_semi.o(.text)
    __user_libspace                          0x08000221   Thumb Code     8  libspace.o(.text)
    __user_perproc_libspace                  0x08000221   Thumb Code     0  libspace.o(.text)
    __user_perthread_libspace                0x08000221   Thumb Code     0  libspace.o(.text)
    __user_setup_stackheap                   0x08000229   Thumb Code    74  sys_stackheap_outer.o(.text)
    exit                                     0x08000273   Thumb Code    12  exit.o(.text)
    BusFault_Handler                         0x0800027f   Thumb Code     4  stm32f10x_it.o(i.BusFault_Handler)
    DMA1_Channel5_IRQHandler                 0x08000285   Thumb Code    38  dma.o(i.DMA1_Channel5_IRQHandler)
    DMA_ClearFlag                            0x080002b1   Thumb Code    18  stm32f10x_dma.o(i.DMA_ClearFlag)
    DMA_Cmd                                  0x080002cd   Thumb Code    24  stm32f10x_dma.o(i.DMA_Cmd)
    DMA_GetFlagStatus                        0x080002e5   Thumb Code    36  stm32f10x_dma.o(i.DMA_GetFlagStatus)
    DMA_ITConfig                             0x08000311   Thumb Code    18  stm32f10x_dma.o(i.DMA_ITConfig)
    DMA_Init                                 0x08000323   Thumb Code    60  stm32f10x_dma.o(i.DMA_Init)
    DMA_SetCurrDataCounter                   0x0800035f   Thumb Code     4  stm32f10x_dma.o(i.DMA_SetCurrDataCounter)
    DebugMon_Handler                         0x08000363   Thumb Code     2  stm32f10x_it.o(i.DebugMon_Handler)
    EXTI15_10_IRQHandler                     0x08000365   Thumb Code    94  hcsr04.o(i.EXTI15_10_IRQHandler)
    EXTI_ClearITPendingBit                   0x080003cd   Thumb Code     6  stm32f10x_exti.o(i.EXTI_ClearITPendingBit)
    EXTI_GetITStatus                         0x080003d9   Thumb Code    34  stm32f10x_exti.o(i.EXTI_GetITStatus)
    EXTI_Init                                0x08000401   Thumb Code   142  stm32f10x_exti.o(i.EXTI_Init)
    GPIO_EXTILineConfig                      0x08000495   Thumb Code    60  stm32f10x_gpio.o(i.GPIO_EXTILineConfig)
    GPIO_Init                                0x080004d5   Thumb Code   278  stm32f10x_gpio.o(i.GPIO_Init)
    GPIO_PinRemapConfig                      0x080005ed   Thumb Code   138  stm32f10x_gpio.o(i.GPIO_PinRemapConfig)
    GPIO_ReadInputDataBit                    0x0800067d   Thumb Code    18  stm32f10x_gpio.o(i.GPIO_ReadInputDataBit)
    GPIO_SetBits                             0x0800068f   Thumb Code     4  stm32f10x_gpio.o(i.GPIO_SetBits)
    GPIO_WriteBit                            0x08000693   Thumb Code    10  stm32f10x_gpio.o(i.GPIO_WriteBit)
    HCSR04_Get_Distance                      0x0800069d   Thumb Code    36  hcsr04.o(i.HCSR04_Get_Distance)
    HCSR04_Init                              0x080006c9   Thumb Code   154  hcsr04.o(i.HCSR04_Init)
    HCSR04_Run                               0x08000769   Thumb Code    32  hcsr04.o(i.HCSR04_Run)
    HardFault_Handler                        0x0800078d   Thumb Code     4  stm32f10x_it.o(i.HardFault_Handler)
    I2C_AcknowledgeConfig                    0x08000791   Thumb Code    24  stm32f10x_i2c.o(i.I2C_AcknowledgeConfig)
    I2C_CheckEvent                           0x080007a9   Thumb Code    42  stm32f10x_i2c.o(i.I2C_CheckEvent)
    I2C_Cmd                                  0x080007d3   Thumb Code    24  stm32f10x_i2c.o(i.I2C_Cmd)
    I2C_DMACmd                               0x080007eb   Thumb Code    24  stm32f10x_i2c.o(i.I2C_DMACmd)
    I2C_DMALastTransferCmd                   0x08000803   Thumb Code    24  stm32f10x_i2c.o(i.I2C_DMALastTransferCmd)
    I2C_GenerateSTART                        0x0800081b   Thumb Code    24  stm32f10x_i2c.o(i.I2C_GenerateSTART)
    I2C_GenerateSTOP                         0x08000833   Thumb Code    24  stm32f10x_i2c.o(i.I2C_GenerateSTOP)
    I2C_GetFlagStatus                        0x0800084b   Thumb Code    58  stm32f10x_i2c.o(i.I2C_GetFlagStatus)
    I2C_Init                                 0x08000885   Thumb Code   222  stm32f10x_i2c.o(i.I2C_Init)
    I2C_ReceiveData                          0x08000971   Thumb Code     8  stm32f10x_i2c.o(i.I2C_ReceiveData)
    I2C_Send7bitAddress                      0x08000979   Thumb Code    18  stm32f10x_i2c.o(i.I2C_Send7bitAddress)
    I2C_SendData                             0x0800098b   Thumb Code     4  stm32f10x_i2c.o(i.I2C_SendData)
    Init                                     0x0800098f   Thumb Code    58  main.o(i.Init)
    KEY_Init                                 0x080009c9   Thumb Code    34  key.o(i.KEY_Init)
    LED_Init                                 0x080009f1   Thumb Code    50  led.o(i.LED_Init)
    MPU6050_data_process                     0x08000a29   Thumb Code   104  i2c_mpu6050_kalman.o(i.MPU6050_data_process)
    MPU6050_data_translation                 0x08000aa9   Thumb Code   262  i2c_mpu6050_kalman.o(i.MPU6050_data_translation)
    MPU6050_dma_read                         0x08000bc9   Thumb Code   206  i2c_mpu6050_kalman.o(i.MPU6050_dma_read)
    MPU6050_get_data                         0x08000ca9   Thumb Code    18  i2c_mpu6050_kalman.o(i.MPU6050_get_data)
    MPU6050_init                             0x08000cbb   Thumb Code    54  i2c_mpu6050_kalman.o(i.MPU6050_init)
    MemManage_Handler                        0x08000cf1   Thumb Code     4  stm32f10x_it.o(i.MemManage_Handler)
    NMI_Handler                              0x08000cf5   Thumb Code     2  stm32f10x_it.o(i.NMI_Handler)
    NVIC_Init                                0x08000cf9   Thumb Code   100  misc.o(i.NVIC_Init)
    NVIC_PriorityGroupConfig                 0x08000d69   Thumb Code    10  misc.o(i.NVIC_PriorityGroupConfig)
    PendSV_Handler                           0x08000d7d   Thumb Code     2  stm32f10x_it.o(i.PendSV_Handler)
    RCC_AHBPeriphClockCmd                    0x08000d81   Thumb Code    26  stm32f10x_rcc.o(i.RCC_AHBPeriphClockCmd)
    RCC_APB1PeriphClockCmd                   0x08000da1   Thumb Code    26  stm32f10x_rcc.o(i.RCC_APB1PeriphClockCmd)
    RCC_APB2PeriphClockCmd                   0x08000dc1   Thumb Code    26  stm32f10x_rcc.o(i.RCC_APB2PeriphClockCmd)
    RCC_GetClocksFreq                        0x08000de1   Thumb Code   192  stm32f10x_rcc.o(i.RCC_GetClocksFreq)
    SVC_Handler                              0x08000eb5   Thumb Code     2  stm32f10x_it.o(i.SVC_Handler)
    SysTick_CLKSourceConfig                  0x08000fa1   Thumb Code    40  misc.o(i.SysTick_CLKSourceConfig)
    SysTick_Handler                          0x08000fc9   Thumb Code     2  stm32f10x_it.o(i.SysTick_Handler)
    SystemInit                               0x08000fcd   Thumb Code    78  system_stm32f10x.o(i.SystemInit)
    TIM2_IRQHandler                          0x0800102d   Thumb Code    22  hcsr04.o(i.TIM2_IRQHandler)
    TIM2_Int_Init                            0x08001043   Thumb Code    82  hcsr04.o(i.TIM2_Int_Init)
    TIM3_IRQHandler                          0x08001095   Thumb Code   206  timer.o(i.TIM3_IRQHandler)
    TIM3_init                                0x08001175   Thumb Code    54  timer.o(i.TIM3_init)
    TIM4_CH1_Duty                            0x080011b1   Thumb Code    28  pwm.o(i.TIM4_CH1_Duty)
    TIM4_CH2_Duty                            0x080011d1   Thumb Code    28  pwm.o(i.TIM4_CH2_Duty)
    TIM4_CH3_Duty                            0x080011f1   Thumb Code    28  pwm.o(i.TIM4_CH3_Duty)
    TIM4_CH4_Duty                            0x08001211   Thumb Code    28  pwm.o(i.TIM4_CH4_Duty)
    TIM4_PWM_Init                            0x08001231   Thumb Code   198  pwm.o(i.TIM4_PWM_Init)
    TIM_ARRPreloadConfig                     0x08001301   Thumb Code    24  stm32f10x_tim.o(i.TIM_ARRPreloadConfig)
    TIM_ClearITPendingBit                    0x08001319   Thumb Code     6  stm32f10x_tim.o(i.TIM_ClearITPendingBit)
    TIM_Cmd                                  0x0800131f   Thumb Code    24  stm32f10x_tim.o(i.TIM_Cmd)
    TIM_GetCounter                           0x08001337   Thumb Code     6  stm32f10x_tim.o(i.TIM_GetCounter)
    TIM_GetITStatus                          0x0800133d   Thumb Code    34  stm32f10x_tim.o(i.TIM_GetITStatus)
    TIM_ITConfig                             0x0800135f   Thumb Code    18  stm32f10x_tim.o(i.TIM_ITConfig)
    TIM_OC1Init                              0x08001371   Thumb Code   132  stm32f10x_tim.o(i.TIM_OC1Init)
    TIM_OC1PreloadConfig                     0x08001409   Thumb Code    18  stm32f10x_tim.o(i.TIM_OC1PreloadConfig)
    TIM_OC2Init                              0x0800141d   Thumb Code   154  stm32f10x_tim.o(i.TIM_OC2Init)
    TIM_OC2PreloadConfig                     0x080014c1   Thumb Code    26  stm32f10x_tim.o(i.TIM_OC2PreloadConfig)
    TIM_OC3Init                              0x080014dd   Thumb Code   150  stm32f10x_tim.o(i.TIM_OC3Init)
    TIM_OC3PreloadConfig                     0x0800157d   Thumb Code    18  stm32f10x_tim.o(i.TIM_OC3PreloadConfig)
    TIM_OC4Init                              0x08001591   Thumb Code   114  stm32f10x_tim.o(i.TIM_OC4Init)
    TIM_OC4PreloadConfig                     0x0800160d   Thumb Code    26  stm32f10x_tim.o(i.TIM_OC4PreloadConfig)
    TIM_SetCompare1                          0x08001627   Thumb Code     4  stm32f10x_tim.o(i.TIM_SetCompare1)
    TIM_SetCompare2                          0x0800162b   Thumb Code     4  stm32f10x_tim.o(i.TIM_SetCompare2)
    TIM_SetCompare3                          0x0800162f   Thumb Code     4  stm32f10x_tim.o(i.TIM_SetCompare3)
    TIM_SetCompare4                          0x08001633   Thumb Code     6  stm32f10x_tim.o(i.TIM_SetCompare4)
    TIM_SetCounter                           0x08001639   Thumb Code     4  stm32f10x_tim.o(i.TIM_SetCounter)
    TIM_TimeBaseInit                         0x0800163d   Thumb Code   122  stm32f10x_tim.o(i.TIM_TimeBaseInit)
    USART1_IRQHandler                        0x080016e1   Thumb Code   122  usart.o(i.USART1_IRQHandler)
    USART_GetITStatus                        0x08001769   Thumb Code    84  stm32f10x_usart.o(i.USART_GetITStatus)
    USART_ReceiveData                        0x080017bd   Thumb Code    10  stm32f10x_usart.o(i.USART_ReceiveData)
    UsageFault_Handler                       0x080017c7   Thumb Code     4  stm32f10x_it.o(i.UsageFault_Handler)
    __ARM_fpclassify                         0x080017cb   Thumb Code    40  fpclassify.o(i.__ARM_fpclassify)
    __kernel_poly                            0x080017f3   Thumb Code   170  poly.o(i.__kernel_poly)
    __mathlib_dbl_infnan                     0x0800189d   Thumb Code     6  dunder.o(i.__mathlib_dbl_infnan)
    __mathlib_dbl_infnan2                    0x080018a3   Thumb Code     4  dunder.o(i.__mathlib_dbl_infnan2)
    __mathlib_dbl_underflow                  0x080018a9   Thumb Code    10  dunder.o(i.__mathlib_dbl_underflow)
    _sys_exit                                0x080018b9   Thumb Code     6  usart.o(i._sys_exit)
    accel_angle_x                            0x080018c1   Thumb Code    84  i2c_mpu6050_kalman.o(i.accel_angle_x)
    accel_angle_y                            0x08001921   Thumb Code    84  i2c_mpu6050_kalman.o(i.accel_angle_y)
    atan                                     0x08001981   Thumb Code   474  atan.o(i.atan)
    atan2                                    0x08001ba1   Thumb Code   346  atan2.o(i.atan2)
    delay_init                               0x08001d21   Thumb Code    50  delay.o(i.delay_init)
    delay_us                                 0x08001d65   Thumb Code    72  delay.o(i.delay_us)
    dma_init                                 0x08001db1   Thumb Code    88  dma.o(i.dma_init)
    dma_nvic_init                            0x08001e15   Thumb Code    32  dma.o(i.dma_nvic_init)
    i2c_byte_write                           0x08001e35   Thumb Code   112  i2c_mpu6050_kalman.o(i.i2c_byte_write)
    i2c_init                                 0x08001eb1   Thumb Code   106  i2c_mpu6050_kalman.o(i.i2c_init)
    i2c_read                                 0x08001f29   Thumb Code   216  i2c_mpu6050_kalman.o(i.i2c_read)
    kalman_filter_gyro_x                     0x0800200d   Thumb Code   466  i2c_mpu6050_kalman.o(i.kalman_filter_gyro_x)
    kalman_filter_gyro_y                     0x08002201   Thumb Code   466  i2c_mpu6050_kalman.o(i.kalman_filter_gyro_y)
    main                                     0x080023f5   Thumb Code     8  main.o(i.main)
    timer3_init                              0x080023fd   Thumb Code    20  timer.o(i.timer3_init)
    timer3_nvic_init                         0x08002415   Thumb Code    42  timer.o(i.timer3_nvic_init)
    __aeabi_d2f                              0x08002445   Thumb Code     0  d2f.o(x$fpl$d2f)
    _d2f                                     0x08002445   Thumb Code    98  d2f.o(x$fpl$d2f)
    __aeabi_dadd                             0x080024a9   Thumb Code     0  daddsub_clz.o(x$fpl$dadd)
    _dadd                                    0x080024a9   Thumb Code   332  daddsub_clz.o(x$fpl$dadd)
    __fpl_dcheck_NaN1                        0x080025f9   Thumb Code    10  dcheck1.o(x$fpl$dcheck1)
    __aeabi_ddiv                             0x08002609   Thumb Code     0  ddiv.o(x$fpl$ddiv)
    _ddiv                                    0x08002609   Thumb Code   552  ddiv.o(x$fpl$ddiv)
    __aeabi_dmul                             0x080028b9   Thumb Code     0  dmul.o(x$fpl$dmul)
    _dmul                                    0x080028b9   Thumb Code   332  dmul.o(x$fpl$dmul)
    __fpl_dnaninf                            0x08002a0d   Thumb Code   156  dnaninf.o(x$fpl$dnaninf)
    __fpl_dretinf                            0x08002aa9   Thumb Code    12  dretinf.o(x$fpl$dretinf)
    __aeabi_drsub                            0x08002ab5   Thumb Code     0  daddsub_clz.o(x$fpl$drsb)
    _drsb                                    0x08002ab5   Thumb Code    22  daddsub_clz.o(x$fpl$drsb)
    __aeabi_dsub                             0x08002acd   Thumb Code     0  daddsub_clz.o(x$fpl$dsub)
    _dsub                                    0x08002acd   Thumb Code   464  daddsub_clz.o(x$fpl$dsub)
    __aeabi_f2d                              0x08002ca1   Thumb Code     0  f2d.o(x$fpl$f2d)
    _f2d                                     0x08002ca1   Thumb Code    86  f2d.o(x$fpl$f2d)
    __aeabi_fadd                             0x08002cf9   Thumb Code     0  faddsub_clz.o(x$fpl$fadd)
    _fadd                                    0x08002cf9   Thumb Code   196  faddsub_clz.o(x$fpl$fadd)
    __aeabi_fdiv                             0x08002dbd   Thumb Code     0  fdiv.o(x$fpl$fdiv)
    _fdiv                                    0x08002dbd   Thumb Code   384  fdiv.o(x$fpl$fdiv)
    __aeabi_f2uiz                            0x08002f41   Thumb Code     0  ffixu.o(x$fpl$ffixu)
    _ffixu                                   0x08002f41   Thumb Code    62  ffixu.o(x$fpl$ffixu)
    __aeabi_i2f                              0x08002f81   Thumb Code     0  fflt_clz.o(x$fpl$fflt)
    _fflt                                    0x08002f81   Thumb Code    48  fflt_clz.o(x$fpl$fflt)
    __aeabi_fmul                             0x08002fb1   Thumb Code     0  fmul.o(x$fpl$fmul)
    _fmul                                    0x08002fb1   Thumb Code   258  fmul.o(x$fpl$fmul)
    __fpl_fnaninf                            0x080030b3   Thumb Code   140  fnaninf.o(x$fpl$fnaninf)
    __fpl_fretinf                            0x0800313f   Thumb Code    10  fretinf.o(x$fpl$fretinf)
    __aeabi_frsub                            0x08003149   Thumb Code     0  faddsub_clz.o(x$fpl$frsb)
    _frsb                                    0x08003149   Thumb Code    20  faddsub_clz.o(x$fpl$frsb)
    __aeabi_fsub                             0x0800315d   Thumb Code     0  faddsub_clz.o(x$fpl$fsub)
    _fsub                                    0x0800315d   Thumb Code   234  faddsub_clz.o(x$fpl$fsub)
    __fpl_return_NaN                         0x08003247   Thumb Code   100  retnan.o(x$fpl$retnan)
    __ARM_scalbn                             0x080032ab   Thumb Code    92  scalbn.o(x$fpl$scalbn)
    __fpl_cmpreturn                          0x08003307   Thumb Code    48  trapv.o(x$fpl$trapveneer)
    __I$use$fp                               0x08003336   Number         0  usenofp.o(x$fpl$usenofp)
    __mathlib_zero                           0x080033d0   Data           8  qnan.o(.constdata)
    Region$$Table$$Base                      0x080033d8   Number         0  anon$$obj.o(Region$$Table)
    Region$$Table$$Limit                     0x080033f8   Number         0  anon$$obj.o(Region$$Table)
    SystemCoreClock                          0x20000000   Data           4  system_stm32f10x.o(.data)
    AHBPrescTable                            0x20000004   Data          16  system_stm32f10x.o(.data)
    HCSR04_Distance                          0x20000028   Data           4  hcsr04.o(.data)
    Angle_y                                  0x2000002c   Data           4  i2c_mpu6050_kalman.o(.data)
    Q_bias                                   0x20000030   Data           4  i2c_mpu6050_kalman.o(.data)
    K_0                                      0x20000034   Data           4  i2c_mpu6050_kalman.o(.data)
    K_1                                      0x20000038   Data           4  i2c_mpu6050_kalman.o(.data)
    P                                        0x2000003c   Data          16  i2c_mpu6050_kalman.o(.data)
    Angle_x                                  0x2000004c   Data           4  i2c_mpu6050_kalman.o(.data)
    Q_bias_x                                 0x20000050   Data           4  i2c_mpu6050_kalman.o(.data)
    K_0_x                                    0x20000054   Data           4  i2c_mpu6050_kalman.o(.data)
    K_1_x                                    0x20000058   Data           4  i2c_mpu6050_kalman.o(.data)
    P_x                                      0x2000005c   Data          16  i2c_mpu6050_kalman.o(.data)
    Kp_ang_xy                                0x2000006c   Data           4  pid.o(.data)
    Ki_ang_xy                                0x20000070   Data           4  pid.o(.data)
    Kd_ang_xy                                0x20000074   Data           4  pid.o(.data)
    Kp_gyro_xy                               0x20000078   Data           4  pid.o(.data)
    Ki_gyro_xy                               0x2000007c   Data           4  pid.o(.data)
    Kd_gyro_xy                               0x20000080   Data           4  pid.o(.data)
    Kp_ang_z                                 0x20000084   Data           4  pid.o(.data)
    Ki_ang_z                                 0x20000088   Data           4  pid.o(.data)
    Kd_ang_z                                 0x2000008c   Data           4  pid.o(.data)
    Kp_gyro_z                                0x20000090   Data           4  pid.o(.data)
    Ki_gyro_z                                0x20000094   Data           4  pid.o(.data)
    Kd_gyro_z                                0x20000098   Data           4  pid.o(.data)
    Kp_height                                0x2000009c   Data           4  pid.o(.data)
    Ki_height                                0x200000a0   Data           4  pid.o(.data)
    Kd_height                                0x200000a4   Data           4  pid.o(.data)
    duty                                     0x200000a8   Data          16  pid.o(.data)
    set_height                               0x200000b8   Data           4  pid.o(.data)
    err_height_acc                           0x200000bc   Data           4  pid.o(.data)
    store_position                           0x200000c0   Data           4  pid.o(.data)
    height_1                                 0x200000c4   Data           4  pid.o(.data)
    cycle                                    0x200000cc   Data           4  timer.o(.data)
    TIM3_flag                                0x200000d0   Data           4  timer.o(.data)
    __stdout                                 0x200000d8   Data           4  usart.o(.data)
    USART_RX_STA                             0x200000dc   Data           2  usart.o(.data)
    raw_data                                 0x200000e0   Data          14  main.o(.bss)
    translated_data                          0x200000ee   Data          14  main.o(.bss)
    accel                                    0x200000fc   Data          12  main.o(.bss)
    gyro                                     0x20000108   Data          12  main.o(.bss)
    kalman_angle                             0x20000114   Data          12  i2c_mpu6050_kalman.o(.bss)
    accel_angle                              0x20000120   Data          12  i2c_mpu6050_kalman.o(.bss)
    set_rev                                  0x2000012c   Data          16  pid.o(.bss)
    delta_duty                               0x2000013c   Data          16  pid.o(.bss)
    set_ang                                  0x2000014c   Data          12  pid.o(.bss)
    set_gyro                                 0x20000158   Data          12  pid.o(.bss)
    err_ang                                  0x20000164   Data         120  pid.o(.bss)
    err_ang_acc                              0x200001dc   Data          12  pid.o(.bss)
    err_gyro                                 0x200001e8   Data         120  pid.o(.bss)
    err_gyro_acc                             0x20000260   Data          12  pid.o(.bss)
    Sta_gyro                                 0x2000026c   Data          12  pid.o(.bss)
    err_height                               0x20000278   Data          40  pid.o(.bss)
    GYRO                                     0x200002a0   Data         120  pid.o(.bss)
    KAL_ANG                                  0x20000318   Data         120  pid.o(.bss)
    height                                   0x20000390   Data          40  pid.o(.bss)
    USART_RX_BUF                             0x200003b8   Data         200  usart.o(.bss)
    __libspace_start                         0x20000480   Data          96  libspace.o(.bss)
    __temporary_stack_top$libspace           0x200004e0   Data           0  libspace.o(.bss)



==============================================================================

Memory Map of the image

  Image Entry point : 0x08000131

  Load Region LR_IROM1 (Base: 0x08000000, Size: 0x000034d8, Max: 0x00010000, ABSOLUTE)

    Execution Region ER_IROM1 (Base: 0x08000000, Size: 0x000033f8, Max: 0x00010000, ABSOLUTE)

    Base Addr    Size         Type   Attr      Idx    E Section Name        Object

    0x08000000   0x00000130   Data   RO           19    RESET               startup_stm32f10x_hd.o
    0x08000130   0x00000008   Code   RO         2654  * !!!main             c_w.l(__main.o)
    0x08000138   0x00000034   Code   RO         2961    !!!scatter          c_w.l(__scatter.o)
    0x0800016c   0x0000001a   Code   RO         2963    !!handler_copy      c_w.l(__scatter_copy.o)
    0x08000186   0x00000002   PAD
    0x08000188   0x0000001c   Code   RO         2965    !!handler_zi        c_w.l(__scatter_zi.o)
    0x080001a4   0x00000002   Code   RO         2835    .ARM.Collect$$libinit$$00000000  c_w.l(libinit.o)
    0x080001a6   0x00000000   Code   RO         2841    .ARM.Collect$$libinit$$00000002  c_w.l(libinit2.o)
    0x080001a6   0x00000000   Code   RO         2843    .ARM.Collect$$libinit$$00000004  c_w.l(libinit2.o)
    0x080001a6   0x00000000   Code   RO         2846    .ARM.Collect$$libinit$$0000000A  c_w.l(libinit2.o)
    0x080001a6   0x00000000   Code   RO         2848    .ARM.Collect$$libinit$$0000000C  c_w.l(libinit2.o)
    0x080001a6   0x00000000   Code   RO         2850    .ARM.Collect$$libinit$$0000000E  c_w.l(libinit2.o)
    0x080001a6   0x00000000   Code   RO         2853    .ARM.Collect$$libinit$$00000011  c_w.l(libinit2.o)
    0x080001a6   0x00000000   Code   RO         2855    .ARM.Collect$$libinit$$00000013  c_w.l(libinit2.o)
    0x080001a6   0x00000000   Code   RO         2857    .ARM.Collect$$libinit$$00000015  c_w.l(libinit2.o)
    0x080001a6   0x00000000   Code   RO         2859    .ARM.Collect$$libinit$$00000017  c_w.l(libinit2.o)
    0x080001a6   0x00000000   Code   RO         2861    .ARM.Collect$$libinit$$00000019  c_w.l(libinit2.o)
    0x080001a6   0x00000000   Code   RO         2863    .ARM.Collect$$libinit$$0000001B  c_w.l(libinit2.o)
    0x080001a6   0x00000000   Code   RO         2865    .ARM.Collect$$libinit$$0000001D  c_w.l(libinit2.o)
    0x080001a6   0x00000000   Code   RO         2867    .ARM.Collect$$libinit$$0000001F  c_w.l(libinit2.o)
    0x080001a6   0x00000000   Code   RO         2869    .ARM.Collect$$libinit$$00000021  c_w.l(libinit2.o)
    0x080001a6   0x00000000   Code   RO         2871    .ARM.Collect$$libinit$$00000023  c_w.l(libinit2.o)
    0x080001a6   0x00000000   Code   RO         2873    .ARM.Collect$$libinit$$00000025  c_w.l(libinit2.o)
    0x080001a6   0x00000000   Code   RO         2877    .ARM.Collect$$libinit$$0000002C  c_w.l(libinit2.o)
    0x080001a6   0x00000000   Code   RO         2879    .ARM.Collect$$libinit$$0000002E  c_w.l(libinit2.o)
    0x080001a6   0x00000000   Code   RO         2881    .ARM.Collect$$libinit$$00000030  c_w.l(libinit2.o)
    0x080001a6   0x00000000   Code   RO         2883    .ARM.Collect$$libinit$$00000032  c_w.l(libinit2.o)
    0x080001a6   0x00000002   Code   RO         2884    .ARM.Collect$$libinit$$00000033  c_w.l(libinit2.o)
    0x080001a8   0x00000002   Code   RO         2904    .ARM.Collect$$libshutdown$$00000000  c_w.l(libshutdown.o)
    0x080001aa   0x00000000   Code   RO         2915    .ARM.Collect$$libshutdown$$00000003  c_w.l(libshutdown2.o)
    0x080001aa   0x00000000   Code   RO         2918    .ARM.Collect$$libshutdown$$00000006  c_w.l(libshutdown2.o)
    0x080001aa   0x00000000   Code   RO         2921    .ARM.Collect$$libshutdown$$00000009  c_w.l(libshutdown2.o)
    0x080001aa   0x00000000   Code   RO         2923    .ARM.Collect$$libshutdown$$0000000B  c_w.l(libshutdown2.o)
    0x080001aa   0x00000000   Code   RO         2926    .ARM.Collect$$libshutdown$$0000000E  c_w.l(libshutdown2.o)
    0x080001aa   0x00000002   Code   RO         2927    .ARM.Collect$$libshutdown$$0000000F  c_w.l(libshutdown2.o)
    0x080001ac   0x00000000   Code   RO         2730    .ARM.Collect$$rtentry$$00000000  c_w.l(__rtentry.o)
    0x080001ac   0x00000000   Code   RO         2790    .ARM.Collect$$rtentry$$00000002  c_w.l(__rtentry2.o)
    0x080001ac   0x00000006   Code   RO         2802    .ARM.Collect$$rtentry$$00000004  c_w.l(__rtentry4.o)
    0x080001b2   0x00000000   Code   RO         2792    .ARM.Collect$$rtentry$$00000009  c_w.l(__rtentry2.o)
    0x080001b2   0x00000004   Code   RO         2793    .ARM.Collect$$rtentry$$0000000A  c_w.l(__rtentry2.o)
    0x080001b6   0x00000000   Code   RO         2795    .ARM.Collect$$rtentry$$0000000C  c_w.l(__rtentry2.o)
    0x080001b6   0x00000008   Code   RO         2796    .ARM.Collect$$rtentry$$0000000D  c_w.l(__rtentry2.o)
    0x080001be   0x00000002   Code   RO         2838    .ARM.Collect$$rtexit$$00000000  c_w.l(rtexit.o)
    0x080001c0   0x00000000   Code   RO         2888    .ARM.Collect$$rtexit$$00000002  c_w.l(rtexit2.o)
    0x080001c0   0x00000004   Code   RO         2889    .ARM.Collect$$rtexit$$00000003  c_w.l(rtexit2.o)
    0x080001c4   0x00000006   Code   RO         2890    .ARM.Collect$$rtexit$$00000004  c_w.l(rtexit2.o)
    0x080001ca   0x00000002   PAD
    0x080001cc   0x00000048   Code   RO           20    .text               startup_stm32f10x_hd.o
    0x08000214   0x00000002   Code   RO         2650    .text               c_w.l(use_no_semi_2.o)
    0x08000216   0x00000006   Code   RO         2652    .text               c_w.l(heapauxi.o)
    0x0800021c   0x00000002   Code   RO         2728    .text               c_w.l(use_no_semi.o)
    0x0800021e   0x00000002   PAD
    0x08000220   0x00000008   Code   RO         2823    .text               c_w.l(libspace.o)
    0x08000228   0x0000004a   Code   RO         2826    .text               c_w.l(sys_stackheap_outer.o)
    0x08000272   0x0000000c   Code   RO         2828    .text               c_w.l(exit.o)
    0x0800027e   0x00000004   Code   RO          174    i.BusFault_Handler  stm32f10x_it.o
    0x08000282   0x00000002   PAD
    0x08000284   0x0000002c   Code   RO         2366    i.DMA1_Channel5_IRQHandler  dma.o
    0x080002b0   0x0000001c   Code   RO         1999    i.DMA_ClearFlag     stm32f10x_dma.o
    0x080002cc   0x00000018   Code   RO         2001    i.DMA_Cmd           stm32f10x_dma.o
    0x080002e4   0x0000002c   Code   RO         2004    i.DMA_GetFlagStatus  stm32f10x_dma.o
    0x08000310   0x00000012   Code   RO         2006    i.DMA_ITConfig      stm32f10x_dma.o
    0x08000322   0x0000003c   Code   RO         2007    i.DMA_Init          stm32f10x_dma.o
    0x0800035e   0x00000004   Code   RO         2008    i.DMA_SetCurrDataCounter  stm32f10x_dma.o
    0x08000362   0x00000002   Code   RO          175    i.DebugMon_Handler  stm32f10x_it.o
    0x08000364   0x00000068   Code   RO         2321    i.EXTI15_10_IRQHandler  hcsr04.o
    0x080003cc   0x0000000c   Code   RO          520    i.EXTI_ClearITPendingBit  stm32f10x_exti.o
    0x080003d8   0x00000028   Code   RO          524    i.EXTI_GetITStatus  stm32f10x_exti.o
    0x08000400   0x00000094   Code   RO          525    i.EXTI_Init         stm32f10x_exti.o
    0x08000494   0x00000040   Code   RO          576    i.GPIO_EXTILineConfig  stm32f10x_gpio.o
    0x080004d4   0x00000116   Code   RO          579    i.GPIO_Init         stm32f10x_gpio.o
    0x080005ea   0x00000002   PAD
    0x080005ec   0x00000090   Code   RO          581    i.GPIO_PinRemapConfig  stm32f10x_gpio.o
    0x0800067c   0x00000012   Code   RO          583    i.GPIO_ReadInputDataBit  stm32f10x_gpio.o
    0x0800068e   0x00000004   Code   RO          587    i.GPIO_SetBits      stm32f10x_gpio.o
    0x08000692   0x0000000a   Code   RO          590    i.GPIO_WriteBit     stm32f10x_gpio.o
    0x0800069c   0x0000002c   Code   RO         2322    i.HCSR04_Get_Distance  hcsr04.o
    0x080006c8   0x000000a0   Code   RO         2323    i.HCSR04_Init       hcsr04.o
    0x08000768   0x00000024   Code   RO         2324    i.HCSR04_Run        hcsr04.o
    0x0800078c   0x00000004   Code   RO          176    i.HardFault_Handler  stm32f10x_it.o
    0x08000790   0x00000018   Code   RO          688    i.I2C_AcknowledgeConfig  stm32f10x_i2c.o
    0x080007a8   0x0000002a   Code   RO          690    i.I2C_CheckEvent    stm32f10x_i2c.o
    0x080007d2   0x00000018   Code   RO          693    i.I2C_Cmd           stm32f10x_i2c.o
    0x080007ea   0x00000018   Code   RO          694    i.I2C_DMACmd        stm32f10x_i2c.o
    0x08000802   0x00000018   Code   RO          695    i.I2C_DMALastTransferCmd  stm32f10x_i2c.o
    0x0800081a   0x00000018   Code   RO          700    i.I2C_GenerateSTART  stm32f10x_i2c.o
    0x08000832   0x00000018   Code   RO          701    i.I2C_GenerateSTOP  stm32f10x_i2c.o
    0x0800084a   0x0000003a   Code   RO          702    i.I2C_GetFlagStatus  stm32f10x_i2c.o
    0x08000884   0x000000ec   Code   RO          707    i.I2C_Init          stm32f10x_i2c.o
    0x08000970   0x00000008   Code   RO          712    i.I2C_ReceiveData   stm32f10x_i2c.o
    0x08000978   0x00000012   Code   RO          714    i.I2C_Send7bitAddress  stm32f10x_i2c.o
    0x0800098a   0x00000004   Code   RO          715    i.I2C_SendData      stm32f10x_i2c.o
    0x0800098e   0x0000003a   Code   RO           24    i.Init              main.o
    0x080009c8   0x00000028   Code   RO         2101    i.KEY_Init          key.o
    0x080009f0   0x00000038   Code   RO         2071    i.LED_Init          led.o
    0x08000a28   0x00000080   Code   RO         2395    i.MPU6050_data_process  i2c_mpu6050_kalman.o
    0x08000aa8   0x00000120   Code   RO         2396    i.MPU6050_data_translation  i2c_mpu6050_kalman.o
    0x08000bc8   0x000000e0   Code   RO         2397    i.MPU6050_dma_read  i2c_mpu6050_kalman.o
    0x08000ca8   0x00000012   Code   RO         2398    i.MPU6050_get_data  i2c_mpu6050_kalman.o
    0x08000cba   0x00000036   Code   RO         2399    i.MPU6050_init      i2c_mpu6050_kalman.o
    0x08000cf0   0x00000004   Code   RO          177    i.MemManage_Handler  stm32f10x_it.o
    0x08000cf4   0x00000002   Code   RO          178    i.NMI_Handler       stm32f10x_it.o
    0x08000cf6   0x00000002   PAD
    0x08000cf8   0x00000070   Code   RO         1819    i.NVIC_Init         misc.o
    0x08000d68   0x00000014   Code   RO         1820    i.NVIC_PriorityGroupConfig  misc.o
    0x08000d7c   0x00000002   Code   RO          179    i.PendSV_Handler    stm32f10x_it.o
    0x08000d7e   0x00000002   PAD
    0x08000d80   0x00000020   Code   RO         1620    i.RCC_AHBPeriphClockCmd  stm32f10x_rcc.o
    0x08000da0   0x00000020   Code   RO         1621    i.RCC_APB1PeriphClockCmd  stm32f10x_rcc.o
    0x08000dc0   0x00000020   Code   RO         1623    i.RCC_APB2PeriphClockCmd  stm32f10x_rcc.o
    0x08000de0   0x000000d4   Code   RO         1631    i.RCC_GetClocksFreq  stm32f10x_rcc.o
    0x08000eb4   0x00000002   Code   RO          180    i.SVC_Handler       stm32f10x_it.o
    0x08000eb6   0x00000008   Code   RO          237    i.SetSysClock       system_stm32f10x.o
    0x08000ebe   0x00000002   PAD
    0x08000ec0   0x000000e0   Code   RO          238    i.SetSysClockTo72   system_stm32f10x.o
    0x08000fa0   0x00000028   Code   RO         1823    i.SysTick_CLKSourceConfig  misc.o
    0x08000fc8   0x00000002   Code   RO          181    i.SysTick_Handler   stm32f10x_it.o
    0x08000fca   0x00000002   PAD
    0x08000fcc   0x00000060   Code   RO          240    i.SystemInit        system_stm32f10x.o
    0x0800102c   0x00000016   Code   RO         2325    i.TIM2_IRQHandler   hcsr04.o
    0x08001042   0x00000052   Code   RO         2326    i.TIM2_Int_Init     hcsr04.o
    0x08001094   0x000000e0   Code   RO         2519    i.TIM3_IRQHandler   timer.o
    0x08001174   0x0000003c   Code   RO         2520    i.TIM3_init         timer.o
    0x080011b0   0x00000020   Code   RO         2120    i.TIM4_CH1_Duty     pwm.o
    0x080011d0   0x00000020   Code   RO         2121    i.TIM4_CH2_Duty     pwm.o
    0x080011f0   0x00000020   Code   RO         2122    i.TIM4_CH3_Duty     pwm.o
    0x08001210   0x00000020   Code   RO         2123    i.TIM4_CH4_Duty     pwm.o
    0x08001230   0x000000d0   Code   RO         2124    i.TIM4_PWM_Init     pwm.o
    0x08001300   0x00000018   Code   RO          895    i.TIM_ARRPreloadConfig  stm32f10x_tim.o
    0x08001318   0x00000006   Code   RO          902    i.TIM_ClearITPendingBit  stm32f10x_tim.o
    0x0800131e   0x00000018   Code   RO          907    i.TIM_Cmd           stm32f10x_tim.o
    0x08001336   0x00000006   Code   RO          926    i.TIM_GetCounter    stm32f10x_tim.o
    0x0800133c   0x00000022   Code   RO          928    i.TIM_GetITStatus   stm32f10x_tim.o
    0x0800135e   0x00000012   Code   RO          932    i.TIM_ITConfig      stm32f10x_tim.o
    0x08001370   0x00000098   Code   RO          936    i.TIM_OC1Init       stm32f10x_tim.o
    0x08001408   0x00000012   Code   RO          939    i.TIM_OC1PreloadConfig  stm32f10x_tim.o
    0x0800141a   0x00000002   PAD
    0x0800141c   0x000000a4   Code   RO          941    i.TIM_OC2Init       stm32f10x_tim.o
    0x080014c0   0x0000001a   Code   RO          944    i.TIM_OC2PreloadConfig  stm32f10x_tim.o
    0x080014da   0x00000002   PAD
    0x080014dc   0x000000a0   Code   RO          946    i.TIM_OC3Init       stm32f10x_tim.o
    0x0800157c   0x00000012   Code   RO          949    i.TIM_OC3PreloadConfig  stm32f10x_tim.o
    0x0800158e   0x00000002   PAD
    0x08001590   0x0000007c   Code   RO          951    i.TIM_OC4Init       stm32f10x_tim.o
    0x0800160c   0x0000001a   Code   RO          953    i.TIM_OC4PreloadConfig  stm32f10x_tim.o
    0x08001626   0x00000004   Code   RO          968    i.TIM_SetCompare1   stm32f10x_tim.o
    0x0800162a   0x00000004   Code   RO          969    i.TIM_SetCompare2   stm32f10x_tim.o
    0x0800162e   0x00000004   Code   RO          970    i.TIM_SetCompare3   stm32f10x_tim.o
    0x08001632   0x00000006   Code   RO          971    i.TIM_SetCompare4   stm32f10x_tim.o
    0x08001638   0x00000004   Code   RO          972    i.TIM_SetCounter    stm32f10x_tim.o
    0x0800163c   0x000000a4   Code   RO          978    i.TIM_TimeBaseInit  stm32f10x_tim.o
    0x080016e0   0x00000088   Code   RO         2579    i.USART1_IRQHandler  usart.o
    0x08001768   0x00000054   Code   RO         1447    i.USART_GetITStatus  stm32f10x_usart.o
    0x080017bc   0x0000000a   Code   RO         1457    i.USART_ReceiveData  stm32f10x_usart.o
    0x080017c6   0x00000004   Code   RO          182    i.UsageFault_Handler  stm32f10x_it.o
    0x080017ca   0x00000028   Code   RO         2773    i.__ARM_fpclassify  m_ws.l(fpclassify.o)
    0x080017f2   0x000000aa   Code   RO         2775    i.__kernel_poly     m_ws.l(poly.o)
    0x0800189c   0x00000006   Code   RO         2760    i.__mathlib_dbl_infnan  m_ws.l(dunder.o)
    0x080018a2   0x00000004   Code   RO         2761    i.__mathlib_dbl_infnan2  m_ws.l(dunder.o)
    0x080018a6   0x00000002   PAD
    0x080018a8   0x00000010   Code   RO         2765    i.__mathlib_dbl_underflow  m_ws.l(dunder.o)
    0x080018b8   0x00000006   Code   RO         2580    i._sys_exit         usart.o
    0x080018be   0x00000002   PAD
    0x080018c0   0x00000060   Code   RO         2400    i.accel_angle_x     i2c_mpu6050_kalman.o
    0x08001920   0x00000060   Code   RO         2401    i.accel_angle_y     i2c_mpu6050_kalman.o
    0x08001980   0x00000220   Code   RO         2695    i.atan              m_ws.l(atan.o)
    0x08001ba0   0x00000180   Code   RO         2705    i.atan2             m_ws.l(atan2.o)
    0x08001d20   0x00000044   Code   RO         2553    i.delay_init        delay.o
    0x08001d64   0x0000004c   Code   RO         2555    i.delay_us          delay.o
    0x08001db0   0x00000064   Code   RO         2367    i.dma_init          dma.o
    0x08001e14   0x00000020   Code   RO         2368    i.dma_nvic_init     dma.o
    0x08001e34   0x0000007c   Code   RO         2402    i.i2c_byte_write    i2c_mpu6050_kalman.o
    0x08001eb0   0x00000078   Code   RO         2403    i.i2c_init          i2c_mpu6050_kalman.o
    0x08001f28   0x000000e4   Code   RO         2404    i.i2c_read          i2c_mpu6050_kalman.o
    0x0800200c   0x000001f4   Code   RO         2405    i.kalman_filter_gyro_x  i2c_mpu6050_kalman.o
    0x08002200   0x000001f4   Code   RO         2406    i.kalman_filter_gyro_y  i2c_mpu6050_kalman.o
    0x080023f4   0x00000008   Code   RO           25    i.main              main.o
    0x080023fc   0x00000018   Code   RO         2521    i.timer3_init       timer.o
    0x08002414   0x00000030   Code   RO         2522    i.timer3_nvic_init  timer.o
    0x08002444   0x00000062   Code   RO         2656    x$fpl$d2f           fz_ws.l(d2f.o)
    0x080024a6   0x00000002   PAD
    0x080024a8   0x00000150   Code   RO         2733    x$fpl$dadd          fz_ws.l(daddsub_clz.o)
    0x080025f8   0x00000010   Code   RO         2809    x$fpl$dcheck1       fz_ws.l(dcheck1.o)
    0x08002608   0x000002b0   Code   RO         2659    x$fpl$ddiv          fz_ws.l(ddiv.o)
    0x080028b8   0x00000154   Code   RO         2662    x$fpl$dmul          fz_ws.l(dmul.o)
    0x08002a0c   0x0000009c   Code   RO         2741    x$fpl$dnaninf       fz_ws.l(dnaninf.o)
    0x08002aa8   0x0000000c   Code   RO         2743    x$fpl$dretinf       fz_ws.l(dretinf.o)
    0x08002ab4   0x00000016   Code   RO         2734    x$fpl$drsb          fz_ws.l(daddsub_clz.o)
    0x08002aca   0x00000002   PAD
    0x08002acc   0x000001d4   Code   RO         2735    x$fpl$dsub          fz_ws.l(daddsub_clz.o)
    0x08002ca0   0x00000056   Code   RO         2664    x$fpl$f2d           fz_ws.l(f2d.o)
    0x08002cf6   0x00000002   PAD
    0x08002cf8   0x000000c4   Code   RO         2666    x$fpl$fadd          fz_ws.l(faddsub_clz.o)
    0x08002dbc   0x00000184   Code   RO         2673    x$fpl$fdiv          fz_ws.l(fdiv.o)
    0x08002f40   0x0000003e   Code   RO         2678    x$fpl$ffixu         fz_ws.l(ffixu.o)
    0x08002f7e   0x00000002   PAD
    0x08002f80   0x00000030   Code   RO         2683    x$fpl$fflt          fz_ws.l(fflt_clz.o)
    0x08002fb0   0x00000102   Code   RO         2690    x$fpl$fmul          fz_ws.l(fmul.o)
    0x080030b2   0x0000008c   Code   RO         2749    x$fpl$fnaninf       fz_ws.l(fnaninf.o)
    0x0800313e   0x0000000a   Code   RO         2751    x$fpl$fretinf       fz_ws.l(fretinf.o)
    0x08003148   0x00000014   Code   RO         2667    x$fpl$frsb          fz_ws.l(faddsub_clz.o)
    0x0800315c   0x000000ea   Code   RO         2668    x$fpl$fsub          fz_ws.l(faddsub_clz.o)
    0x08003246   0x00000064   Code   RO         2836    x$fpl$retnan        fz_ws.l(retnan.o)
    0x080032aa   0x0000005c   Code   RO         2753    x$fpl$scalbn        fz_ws.l(scalbn.o)
    0x08003306   0x00000030   Code   RO         2885    x$fpl$trapveneer    fz_ws.l(trapv.o)
    0x08003336   0x00000000   Code   RO         2755    x$fpl$usenofp       fz_ws.l(usenofp.o)
    0x08003336   0x00000002   PAD
    0x08003338   0x00000098   Data   RO         2696    .constdata          m_ws.l(atan.o)
    0x080033d0   0x00000008   Data   RO         2777    .constdata          m_ws.l(qnan.o)
    0x080033d8   0x00000020   Data   RO         2959    Region$$Table       anon$$obj.o


    Execution Region RW_IRAM1 (Base: 0x20000000, Size: 0x000006e0, Max: 0x00005000, ABSOLUTE)

    Base Addr    Size         Type   Attr      Idx    E Section Name        Object

    0x20000000   0x00000014   Data   RW          241    .data               system_stm32f10x.o
    0x20000014   0x00000014   Data   RW         1651    .data               stm32f10x_rcc.o
    0x20000028   0x00000004   Data   RW         2327    .data               hcsr04.o
    0x2000002c   0x00000040   Data   RW         2408    .data               i2c_mpu6050_kalman.o
    0x2000006c   0x00000060   Data   RW         2484    .data               pid.o
    0x200000cc   0x00000008   Data   RW         2523    .data               timer.o
    0x200000d4   0x00000004   Data   RW         2556    .data               delay.o
    0x200000d8   0x00000006   Data   RW         2584    .data               usart.o
    0x200000de   0x00000002   PAD
    0x200000e0   0x00000034   Zero   RW           26    .bss                main.o
    0x20000114   0x00000018   Zero   RW         2407    .bss                i2c_mpu6050_kalman.o
    0x2000012c   0x0000028c   Zero   RW         2483    .bss                pid.o
    0x200003b8   0x000000c8   Zero   RW         2583    .bss                usart.o
    0x20000480   0x00000060   Zero   RW         2824    .bss                c_w.l(libspace.o)
    0x200004e0   0x00000000   Zero   RW           18    HEAP                startup_stm32f10x_hd.o
    0x200004e0   0x00000200   Zero   RW           17    STACK               startup_stm32f10x_hd.o


==============================================================================

Image component sizes


      Code (inc. data)   RO Data    RW Data    ZI Data      Debug   Object Name

         0          0          0          0          0       4528   core_cm3.o
       144         22          0          4          0       1224   delay.o
       176         18          0          0          0       1570   dma.o
       448         28          0          4          0       3588   hcsr04.o
      2376        198          0         64         24       9518   i2c_mpu6050_kalman.o
        40          6          0          0          0        495   key.o
        56          6          0          0          0        499   led.o
        66          0          0          0         52      63104   main.o
       172         22          0          0          0       2105   misc.o
         0          0          0         96        652       3137   pid.o
       336         26          0          0          0       2796   pwm.o
        72         26        304          0        512        860   startup_stm32f10x_hd.o
         0          0          0          0          0     205592   stm32f10x_adc.o
       178         18          0          0          0       5121   stm32f10x_dma.o
       200         18          0          0          0       2144   stm32f10x_exti.o
       518         10          0          0          0       5207   stm32f10x_gpio.o
       510         14          0          0          0       8898   stm32f10x_i2c.o
        26          0          0          0          0       3810   stm32f10x_it.o
       308         38          0         20          0       5070   stm32f10x_rcc.o
       986         92          0          0          0      12723   stm32f10x_tim.o
        94          0          0          0          0       2748   stm32f10x_usart.o
       328         28          0         20          0       2145   system_stm32f10x.o
       356         34          0          8          0       2349   timer.o
       142         14          0          6        200       2960   usart.o

    ----------------------------------------------------------------------
      7552        618        336        224       1440     352191   Object Totals
         0          0         32          0          0          0   (incl. Generated)
        20          0          0          2          0          0   (incl. Padding)

    ----------------------------------------------------------------------

      Code (inc. data)   RO Data    RW Data    ZI Data      Debug   Library Member Name

         8          0          0          0          0         68   __main.o
         0          0          0          0          0          0   __rtentry.o
        12          0          0          0          0          0   __rtentry2.o
         6          0          0          0          0          0   __rtentry4.o
        52          8          0          0          0          0   __scatter.o
        26          0          0          0          0          0   __scatter_copy.o
        28          0          0          0          0          0   __scatter_zi.o
        12          0          0          0          0         72   exit.o
         6          0          0          0          0        152   heapauxi.o
         2          0          0          0          0          0   libinit.o
         2          0          0          0          0          0   libinit2.o
         2          0          0          0          0          0   libshutdown.o
         2          0          0          0          0          0   libshutdown2.o
         8          4          0          0         96         68   libspace.o
         2          0          0          0          0          0   rtexit.o
        10          0          0          0          0          0   rtexit2.o
        74          0          0          0          0         80   sys_stackheap_outer.o
         2          0          0          0          0         68   use_no_semi.o
         2          0          0          0          0         68   use_no_semi_2.o
        98          4          0          0          0         92   d2f.o
       826         16          0          0          0        348   daddsub_clz.o
        16          4          0          0          0         68   dcheck1.o
       688        140          0          0          0        208   ddiv.o
       340         12          0          0          0        104   dmul.o
       156          4          0          0          0         92   dnaninf.o
        12          0          0          0          0         68   dretinf.o
        86          4          0          0          0         84   f2d.o
       450          8          0          0          0        236   faddsub_clz.o
       388         76          0          0          0         96   fdiv.o
        62          4          0          0          0         84   ffixu.o
        48          0          0          0          0         68   fflt_clz.o
       258          4          0          0          0         84   fmul.o
       140          4          0          0          0         84   fnaninf.o
        10          0          0          0          0         68   fretinf.o
       100          0          0          0          0         68   retnan.o
        92          0          0          0          0         68   scalbn.o
        48          0          0          0          0         68   trapv.o
         0          0          0          0          0          0   usenofp.o
       544         70        152          0          0        124   atan.o
       384         38          0          0          0        144   atan2.o
        26          6          0          0          0        204   dunder.o
        40          0          0          0          0         68   fpclassify.o
       170          0          0          0          0         96   poly.o
         0          0          8          0          0          0   qnan.o

    ----------------------------------------------------------------------
      5256        406        160          0         96       3200   Library Totals
        18          0          0          0          0          0   (incl. Padding)

    ----------------------------------------------------------------------

      Code (inc. data)   RO Data    RW Data    ZI Data      Debug   Library Name

       256         12          0          0         96        576   c_w.l
      3818        280          0          0          0       1988   fz_ws.l
      1164        114        160          0          0        636   m_ws.l

    ----------------------------------------------------------------------
      5256        406        160          0         96       3200   Library Totals

    ----------------------------------------------------------------------

==============================================================================


      Code (inc. data)   RO Data    RW Data    ZI Data      Debug   

     12808       1024        496        224       1536     348419   Grand Totals
     12808       1024        496        224       1536     348419   ELF Image Totals
     12808       1024        496        224          0          0   ROM Totals

==============================================================================

    Total RO  Size (Code + RO Data)                13304 (  12.99kB)
    Total RW  Size (RW Data + ZI Data)              1760 (   1.72kB)
    Total ROM Size (Code + RO Data + RW Data)      13528 (  13.21kB)

==============================================================================

